Archive member included to satisfy reference by file (symbol)

/opt/st/stm32cubeide_1.19.0/plugins/com.st.stm32cube.ide.mcu.externaltools.gnu-tools-for-stm32.13.3.rel1.linux64_1.0.0.202410170706/tools/bin/../lib/gcc/arm-none-eabi/13.3.1/../../../../arm-none-eabi/lib/thumb/v7e-m+dp/hard/libc_nano.a(libc_a-exit.o)
                              /opt/st/stm32cubeide_1.19.0/plugins/com.st.stm32cube.ide.mcu.externaltools.gnu-tools-for-stm32.13.3.rel1.linux64_1.0.0.202410170706/tools/bin/../lib/gcc/arm-none-eabi/13.3.1/../../../../arm-none-eabi/lib/thumb/v7e-m+dp/hard/crt0.o (exit)
/opt/st/stm32cubeide_1.19.0/plugins/com.st.stm32cube.ide.mcu.externaltools.gnu-tools-for-stm32.13.3.rel1.linux64_1.0.0.202410170706/tools/bin/../lib/gcc/arm-none-eabi/13.3.1/../../../../arm-none-eabi/lib/thumb/v7e-m+dp/hard/libc_nano.a(libc_a-nano-vfprintf_float.o)
                              (_printf_float)
/opt/st/stm32cubeide_1.19.0/plugins/com.st.stm32cube.ide.mcu.externaltools.gnu-tools-for-stm32.13.3.rel1.linux64_1.0.0.202410170706/tools/bin/../lib/gcc/arm-none-eabi/13.3.1/../../../../arm-none-eabi/lib/thumb/v7e-m+dp/hard/libc_nano.a(libc_a-nano-vfprintf_i.o)
                              /opt/st/stm32cubeide_1.19.0/plugins/com.st.stm32cube.ide.mcu.externaltools.gnu-tools-for-stm32.13.3.rel1.linux64_1.0.0.202410170706/tools/bin/../lib/gcc/arm-none-eabi/13.3.1/../../../../arm-none-eabi/lib/thumb/v7e-m+dp/hard/libc_nano.a(libc_a-nano-vfprintf_float.o) (_printf_common)
/opt/st/stm32cubeide_1.19.0/plugins/com.st.stm32cube.ide.mcu.externaltools.gnu-tools-for-stm32.13.3.rel1.linux64_1.0.0.202410170706/tools/bin/../lib/gcc/arm-none-eabi/13.3.1/../../../../arm-none-eabi/lib/thumb/v7e-m+dp/hard/libc_nano.a(libc_a-nano-vfscanf_float.o)
                              (_scanf_float)
/opt/st/stm32cubeide_1.19.0/plugins/com.st.stm32cube.ide.mcu.externaltools.gnu-tools-for-stm32.13.3.rel1.linux64_1.0.0.202410170706/tools/bin/../lib/gcc/arm-none-eabi/13.3.1/../../../../arm-none-eabi/lib/thumb/v7e-m+dp/hard/libc_nano.a(libc_a-findfp.o)
                              /opt/st/stm32cubeide_1.19.0/plugins/com.st.stm32cube.ide.mcu.externaltools.gnu-tools-for-stm32.13.3.rel1.linux64_1.0.0.202410170706/tools/bin/../lib/gcc/arm-none-eabi/13.3.1/../../../../arm-none-eabi/lib/thumb/v7e-m+dp/hard/libc_nano.a(libc_a-exit.o) (__stdio_exit_handler)
/opt/st/stm32cubeide_1.19.0/plugins/com.st.stm32cube.ide.mcu.externaltools.gnu-tools-for-stm32.13.3.rel1.linux64_1.0.0.202410170706/tools/bin/../lib/gcc/arm-none-eabi/13.3.1/../../../../arm-none-eabi/lib/thumb/v7e-m+dp/hard/libc_nano.a(libc_a-fwalk.o)
                              /opt/st/stm32cubeide_1.19.0/plugins/com.st.stm32cube.ide.mcu.externaltools.gnu-tools-for-stm32.13.3.rel1.linux64_1.0.0.202410170706/tools/bin/../lib/gcc/arm-none-eabi/13.3.1/../../../../arm-none-eabi/lib/thumb/v7e-m+dp/hard/libc_nano.a(libc_a-findfp.o) (_fwalk_sglue)
/opt/st/stm32cubeide_1.19.0/plugins/com.st.stm32cube.ide.mcu.externaltools.gnu-tools-for-stm32.13.3.rel1.linux64_1.0.0.202410170706/tools/bin/../lib/gcc/arm-none-eabi/13.3.1/../../../../arm-none-eabi/lib/thumb/v7e-m+dp/hard/libc_nano.a(libc_a-printf.o)
                              ./Core/CMD/cmd.o (printf)
/opt/st/stm32cubeide_1.19.0/plugins/com.st.stm32cube.ide.mcu.externaltools.gnu-tools-for-stm32.13.3.rel1.linux64_1.0.0.202410170706/tools/bin/../lib/gcc/arm-none-eabi/13.3.1/../../../../arm-none-eabi/lib/thumb/v7e-m+dp/hard/libc_nano.a(libc_a-putchar.o)
                              ./Core/Src/main.o (putchar)
/opt/st/stm32cubeide_1.19.0/plugins/com.st.stm32cube.ide.mcu.externaltools.gnu-tools-for-stm32.13.3.rel1.linux64_1.0.0.202410170706/tools/bin/../lib/gcc/arm-none-eabi/13.3.1/../../../../arm-none-eabi/lib/thumb/v7e-m+dp/hard/libc_nano.a(libc_a-puts.o)
                              ./Core/CMD/cmd.o (puts)
/opt/st/stm32cubeide_1.19.0/plugins/com.st.stm32cube.ide.mcu.externaltools.gnu-tools-for-stm32.13.3.rel1.linux64_1.0.0.202410170706/tools/bin/../lib/gcc/arm-none-eabi/13.3.1/../../../../arm-none-eabi/lib/thumb/v7e-m+dp/hard/libc_nano.a(libc_a-snprintf.o)
                              ./Core/HMC5883L/hmc5883l.o (snprintf)
/opt/st/stm32cubeide_1.19.0/plugins/com.st.stm32cube.ide.mcu.externaltools.gnu-tools-for-stm32.13.3.rel1.linux64_1.0.0.202410170706/tools/bin/../lib/gcc/arm-none-eabi/13.3.1/../../../../arm-none-eabi/lib/thumb/v7e-m+dp/hard/libc_nano.a(libc_a-sprintf.o)
                              /opt/st/stm32cubeide_1.19.0/plugins/com.st.stm32cube.ide.mcu.externaltools.gnu-tools-for-stm32.13.3.rel1.linux64_1.0.0.202410170706/tools/bin/../lib/gcc/arm-none-eabi/13.3.1/../../../../arm-none-eabi/lib/thumb/v7e-m+dp/hard/libc_nano.a(libc_a-nano-vfscanf_float.o) (sprintf)
/opt/st/stm32cubeide_1.19.0/plugins/com.st.stm32cube.ide.mcu.externaltools.gnu-tools-for-stm32.13.3.rel1.linux64_1.0.0.202410170706/tools/bin/../lib/gcc/arm-none-eabi/13.3.1/../../../../arm-none-eabi/lib/thumb/v7e-m+dp/hard/libc_nano.a(libc_a-sscanf.o)
[...]
Memory Configuration

Name             Origin             Length             Attributes
ITCMRAM          0x00000000         0x00010000         xrw
DTCMRAM          0x20000000         0x00020000         xrw
FLASH            0x08000000         0x00100000         xr
RAM_D1           0x24000000         0x00050000         xrw
RAM_D2           0x30000000         0x00008000         xrw
RAM_D3           0x38000000         0x00004000         xrw
*default*        0x00000000         0xffffffff

Linker script and memory map

LOAD /opt/st/stm32cubeide_1.19.0/plugins/com.st.stm32cube.ide.mcu.externaltools.gnu-tools-for-stm32.13.3.rel1.linux64_1.0.0.202410170706/tools/bin/../lib/gcc/arm-none-eabi/13.3.1/thumb/v7e-m+dp/hard/crti.o
LOAD /opt/st/stm32cubeide_1.19.0/plugins/com.st.stm32cube.ide.mcu.externaltools.gnu-tools-for-stm32.13.3.rel1.linux64_1.0.0.202410170706/tools/bin/../lib/gcc/arm-none-eabi/13.3.1/thumb/v7e-m+dp/hard/crtbegin.o
LOAD /opt/st/stm32cubeide_1.19.0/plugins/com.st.stm32cube.ide.mcu.externaltools.gnu-tools-for-stm32.13.3.rel1.linux64_1.0.0.202410170706/tools/bin/../lib/gcc/arm-none-eabi/13.3.1/../../../../arm-none-eabi/lib/thumb/v7e-m+dp/hard/crt0.o
LOAD ./Core/BUZZER/buzzer.o
LOAD ./Core/CMD/cmd.o
LOAD ./Core/EEPROM/eeprom.o
LOAD ./Core/HMC5883L/hmc5883l.o
LOAD ./Core/IMU/ICM42688P/icm42688p.o
LOAD ./Core/LED/MAIN_BOARD_RGB/ws2812.o
LOAD ./Core/RECEIVER/FS-iA6B/FS-iA6B.o
LOAD ./Core/Src/dma.o
LOAD ./Core/Src/gpio.o
LOAD ./Core/Src/i2c.o
LOAD ./Core/Src/main.o
LOAD ./Core/Src/octospi.o
LOAD ./Core/Src/spi.o
LOAD ./Core/Src/stm32h7xx_hal_msp.o
LOAD ./Core/Src/stm32h7xx_it.o
LOAD ./Core/Src/syscalls.o
LOAD ./Core/Src/sysmem.o
LOAD ./Core/Src/system_stm32h7xx.o
LOAD ./Core/Src/tim.o
LOAD ./Core/Src/usart.o
LOAD ./Core/Startup/startup_stm32h723vgtx.o
LOAD ./Core/W25QXX_OPSI/w25qxx_ospi.o
LOAD ./Drivers/STM32H7xx_HAL_Driver/Src/stm32h7xx_hal.o
LOAD ./Drivers/STM32H7xx_HAL_Driver/Src/stm32h7xx_hal_cortex.o
LOAD ./Drivers/STM32H7xx_HAL_Driver/Src/stm32h7xx_hal_dma.o
LOAD ./Drivers/STM32H7xx_HAL_Driver/Src/stm32h7xx_hal_dma_ex.o
LOAD ./Drivers/STM32H7xx_HAL_Driver/Src/stm32h7xx_hal_exti.o
LOAD ./Drivers/STM32H7xx_HAL_Driver/Src/stm32h7xx_hal_flash.o
LOAD ./Drivers/STM32H7xx_HAL_Driver/Src/stm32h7xx_hal_flash_ex.o
LOAD ./Drivers/STM32H7xx_HAL_Driver/Src/stm32h7xx_hal_gpio.o
LOAD ./Drivers/STM32H7xx_HAL_Driver/Src/stm32h7xx_hal_hsem.o
LOAD ./Drivers/STM32H7xx_HAL_Driver/Src/stm32h7xx_hal_i2c.o
LOAD ./Drivers/STM32H7xx_HAL_Driver/Src/stm32h7xx_hal_i2c_ex.o
LOAD ./Drivers/STM32H7xx_HAL_Driver/Src/stm32h7xx_hal_mdma.o
LOAD ./Drivers/STM32H7xx_HAL_Driver/Src/stm32h7xx_hal_ospi.o
LOAD ./Drivers/STM32H7xx_HAL_Driver/Src/stm32h7xx_hal_pwr.o
LOAD ./Drivers/STM32H7xx_HAL_Driver/Src/stm32h7xx_hal_pwr_ex.o
LOAD ./Drivers/STM32H7xx_HAL_Driver/Src/stm32h7xx_hal_rcc.o
LOAD ./Drivers/STM32H7xx_HAL_Driver/Src/stm32h7xx_hal_rcc_ex.o
LOAD ./Drivers/STM32H7xx_HAL_Driver/Src/stm32h7xx_hal_tim.o
LOAD ./Drivers/STM32H7xx_HAL_Driver/Src/stm32h7xx_hal_tim_ex.o
LOAD ./Drivers/STM32H7xx_HAL_Driver/Src/stm32h7xx_ll_dma.o
LOAD ./Drivers/STM32H7xx_HAL_Driver/Src/stm32h7xx_ll_exti.o
LOAD ./Drivers/STM32H7xx_HAL_Driver/Src/stm32h7xx_ll_gpio.o
LOAD ./Drivers/STM32H7xx_HAL_Driver/Src/stm32h7xx_ll_rcc.o
LOAD ./Drivers/STM32H7xx_HAL_Driver/Src/stm32h7xx_ll_spi.o
LOAD ./Drivers/STM32H7xx_HAL_Driver/Src/stm32h7xx_ll_tim.o
LOAD ./Drivers/STM32H7xx_HAL_Driver/Src/stm32h7xx_ll_usart.o
LOAD ./Drivers/STM32H7xx_HAL_Driver/Src/stm32h7xx_ll_utils.o
START GROUP
LOAD /opt/st/stm32cubeide_1.19.0/plugins/com.st.stm32cube.ide.mcu.externaltools.gnu-tools-for-stm32.13.3.rel1.linux64_1.0.0.202410170706/tools/bin/../lib/gcc/arm-none-eabi/13.3.1/../../../../arm-none-eabi/lib/thumb/v7e-m+dp/hard/libc_nano.a
LOAD /opt/st/stm32cubeide_1.19.0/plugins/com.st.stm32cube.ide.mcu.externaltools.gnu-tools-for-stm32.13.3.rel1.linux64_1.0.0.202410170706/tools/bin/../lib/gcc/arm-none-eabi/13.3.1/../../../../arm-none-eabi/lib/thumb/v7e-m+dp/hard/libm.a
END GROUP
START GROUP
LOAD /opt/st/stm32cubeide_1.19.0/plugins/com.st.stm32cube.ide.mcu.externaltools.gnu-tools-for-stm32.13.3.rel1.linux64_1.0.0.202410170706/tools/bin/../lib/gcc/arm-none-eabi/13.3.1/thumb/v7e-m+dp/hard/libgcc.a
LOAD /opt/st/stm32cubeide_1.19.0/plugins/com.st.stm32cube.ide.mcu.externaltools.gnu-tools-for-stm32.13.3.rel1.linux64_1.0.0.202410170706/tools/bin/../lib/gcc/arm-none-eabi/13.3.1/../../../../arm-none-eabi/lib/thumb/v7e-m+dp/hard/libc_nano.a
END GROUP
START GROUP
LOAD /opt/st/stm32cubeide_1.19.0/plugins/com.st.stm32cube.ide.mcu.externaltools.gnu-tools-for-stm32.13.3.rel1.linux64_1.0.0.202410170706/tools/bin/../lib/gcc/arm-none-eabi/13.3.1/thumb/v7e-m+dp/hard/libgcc.a
LOAD /opt/st/stm32cubeide_1.19.0/plugins/com.st.stm32cube.ide.mcu.externaltools.gnu-tools-for-stm32.13.3.rel1.linux64_1.0.0.202410170706/tools/bin/../lib/gcc/arm-none-eabi/13.3.1/../../../../arm-none-eabi/lib/thumb/v7e-m+dp/hard/libc_nano.a
LOAD /opt/st/stm32cubeide_1.19.0/plugins/com.st.stm32cube.ide.mcu.externaltools.gnu-tools-for-stm32.13.3.rel1.linux64_1.0.0.202410170706/tools/bin/../lib/gcc/arm-none-eabi/13.3.1/../../../../arm-none-eabi/lib/thumb/v7e-m+dp/hard/libnosys.a
END GROUP
START GROUP
LOAD /opt/st/stm32cubeide_1.19.0/plugins/com.st.stm32cube.ide.mcu.externaltools.gnu-tools-for-stm32.13.3.rel1.linux64_1.0.0.202410170706/tools/bin/../lib/gcc/arm-none-eabi/13.3.1/thumb/v7e-m+dp/hard/libgcc.a
LOAD /opt/st/stm32cubeide_1.19.0/plugins/com.st.stm32cube.ide.mcu.externaltools.gnu-tools-for-stm32.13.3.rel1.linux64_1.0.0.202410170706/tools/bin/../lib/gcc/arm-none-eabi/13.3.1/../../../../arm-none-eabi/lib/thumb/v7e-m+dp/hard/libc_nano.a
LOAD /opt/st/stm32cubeide_1.19.0/plugins/com.st.stm32cube.ide.mcu.externaltools.gnu-tools-for-stm32.13.3.rel1.linux64_1.0.0.202410170706/tools/bin/../lib/gcc/arm-none-eabi/13.3.1/../../../../arm-none-eabi/lib/thumb/v7e-m+dp/hard/libnosys.a
END GROUP
LOAD /opt/st/stm32cubeide_1.19.0/plugins/com.st.stm32cube.ide.mcu.externaltools.gnu-tools-for-stm32.13.3.rel1.linux64_1.0.0.202410170706/tools/bin/../lib/gcc/arm-none-eabi/13.3.1/thumb/v7e-m+dp/hard/crtend.o
LOAD /opt/st/stm32cubeide_1.19.0/plugins/com.st.stm32cube.ide.mcu.externaltools.gnu-tools-for-stm32.13.3.rel1.linux64_1.0.0.202410170706/tools/bin/../lib/gcc/arm-none-eabi/13.3.1/thumb/v7e-m+dp/hard/crtn.o
                0x24050000                        _estack = (ORIGIN (RAM_D1) + LENGTH (RAM_D1))
                0x00000200                        _Min_Heap_Size = 0x200
                0x00000400                        _Min_Stack_Size = 0x400

.isr_vector     0x08000000      0x2cc
                0x08000000                        . = ALIGN (0x4)
 *(.isr_vector)
 .isr_vector    0x08000000      0x2cc ./Core/Startup/startup_stm32h723vgtx.o
                0x08000000                g_pfnVectors
                0x080002cc                        . = ALIGN (0x4)

.text           0x080002d0    0x156a0
                0x080002d0                        . = ALIGN (0x4)
 *(.text)
 .text          0x080002d0       0x40 /opt/st/stm32cubeide_1.19.0/plugins/com.st.stm32cube.ide.mcu.externaltools.gnu-tools-for-stm32.13.3.rel1.linux64_1.0.0.202410170706/tools/bin/../lib/gcc/arm-none-eabi/13.3.1/thumb/v7e-m+dp/hard/crtbegin.o
 .text          0x08000310       0x14 /opt/st/stm32cubeide_1.19.0/plugins/com.st.stm32cube.ide.mcu.externaltools.gnu-tools-for-stm32.13.3.rel1.linux64_1.0.0.202410170706/tools/bin/../lib/gcc/arm-none-eabi/13.3.1/../../../../arm-none-eabi/lib/thumb/v7e-m+dp/hard/libc_nano.a(libc_a-strcmp.o)
                0x08000310                strcmp
 *fill*         0x08000324        0xc 
 .text          0x08000330       0xa0 /opt/st/stm32cubeide_1.19.0/plugins/com.st.stm32cube.ide.mcu.externaltools.gnu-tools-for-stm32.13.3.rel1.linux64_1.0.0.202410170706/tools/bin/../lib/gcc/arm-none-eabi/13.3.1/../../../../arm-none-eabi/lib/thumb/v7e-m+dp/hard/libc_nano.a(libc_a-memchr.o)
                0x08000330                memchr
 .text          0x080003d0       0x10 /opt/st/stm32cubeide_1.19.0/plugins/com.st.stm32cube.ide.mcu.externaltools.gnu-tools-for-stm32.13.3.rel1.linux64_1.0.0.202410170706/tools/bin/../lib/gcc/arm-none-eabi/13.3.1/../../../../arm-none-eabi/lib/thumb/v7e-m+dp/hard/libc_nano.a(libc_a-strlen.o)
                0x080003d0                strlen
 .text          0x080003e0      0x378 /opt/st/stm32cubeide_1.19.0/plugins/com.st.stm32cube.ide.mcu.externaltools.gnu-tools-for-stm32.13.3.rel1.linux64_1.0.0.202410170706/tools/bin/../lib/gcc/arm-none-eabi/13.3.1/thumb/v7e-m+dp/hard/libgcc.a(_arm_addsubdf3.o)
                0x080003e0                __aeabi_drsub
                0x080003e8                __aeabi_dsub
                0x080003e8                __subdf3
                0x080003ec                __adddf3
                0x080003ec                __aeabi_dadd
                0x08000664                __aeabi_ui2d
                0x08000664                __floatunsidf
                0x08000684                __floatsidf
                0x08000684                __aeabi_i2d
                0x080006a8                __extendsfdf2
                0x080006a8                __aeabi_f2d
                0x080006ec                __aeabi_ul2d
                0x080006ec                __floatundidf
                0x080006fc                __floatdidf
                0x080006fc                __aeabi_l2d
 .text          0x08000758       0x30 /opt/st/stm32cubeide_1.19.0/plugins/com.st.stm32cube.ide.mcu.externaltools.gnu-tools-for-stm32.13.3.rel1.linux64_1.0.0.202410170706/tools/bin/../lib/gcc/arm-none-eabi/13.3.1/thumb/v7e-m+dp/hard/libgcc.a(_fixdfdi.o)
                0x08000758                __aeabi_d2lz
                0x08000758                __fixdfdi
 .text          0x08000788       0x40 /opt/st/stm32cubeide_1.19.0/plugins/com.st.stm32cube.ide.mcu.externaltools.gnu-tools-for-stm32.13.3.rel1.linux64_1.0.0.202410170706/tools/bin/../lib/gcc/arm-none-eabi/13.3.1/thumb/v7e-m+dp/hard/libgcc.a(_fixunsdfdi.o)
                0x08000788                __aeabi_d2ulz
                0x08000788                __fixunsdfdi
 *(.text*)
 .text.__NVIC_SystemReset
                0x080007c8       0x2c ./Core/CMD/cmd.o
 .text.LL_USART_IsActiveFlag_TC
                0x080007f4       0x26 ./Core/CMD/cmd.o
 .text.strip_brackets
                0x0800081a       0x44 ./Core/CMD/cmd.o
                0x0800081a                strip_brackets
 *fill*         0x0800085e        0x2 
 .text.process_command
                0x08000860      0x6c4 ./Core/CMD/cmd.o
                0x08000860                process_command
 .text.EEPROM_Init
                0x08000f24       0xac ./Core/EEPROM/eeprom.o
                0x08000f24                EEPROM_Init
 .text.EEPROM_ReadConfig
                0x08000fd0       0x70 ./Core/EEPROM/eeprom.o
                0x08000fd0                EEPROM_ReadConfig
 .text.EEPROM_WriteConfig
                0x08001040       0x48 ./Core/EEPROM/eeprom.o
                0x08001040                EEPROM_WriteConfig
 .text.CalculateCRC32
                0x08001088       0x74 ./Core/EEPROM/eeprom.o
                0x08001088                CalculateCRC32
 .text.EEPROM_GetAccelCalibration
                0x080010fc       0x94 ./Core/EEPROM/eeprom.o
                0x080010fc                EEPROM_GetAccelCalibration
 .text.EEPROM_GetGyroCalibration
                0x08001190       0x94 ./Core/EEPROM/eeprom.o
                0x08001190                EEPROM_GetGyroCalibration
 .text.EEPROM_GetMagCalibration
                0x08001224       0x5c ./Core/EEPROM/eeprom.o
                0x08001224                EEPROM_GetMagCalibration
 .text.EEPROM_GetPID
                0x08001280       0x44 ./Core/EEPROM/eeprom.o
                0x08001280                EEPROM_GetPID
 .text.EEPROM_GetRollPID
                0x080012c4       0x44 ./Core/EEPROM/eeprom.o
                0x080012c4                EEPROM_GetRollPID
 .text.EEPROM_SetRollPID
                0x08001308       0x60 ./Core/EEPROM/eeprom.o
                0x08001308                EEPROM_SetRollPID
 .text.EEPROM_GetPitchPID
                0x08001368       0x44 ./Core/EEPROM/eeprom.o
                0x08001368                EEPROM_GetPitchPID
 .text.EEPROM_SetPitchPID
                0x080013ac       0x60 ./Core/EEPROM/eeprom.o
                0x080013ac                EEPROM_SetPitchPID
 .text.EEPROM_GetYawRatePID
                0x0800140c       0x44 ./Core/EEPROM/eeprom.o
                0x0800140c                EEPROM_GetYawRatePID
 .text.EEPROM_SetYawRatePID
                0x08001450       0x60 ./Core/EEPROM/eeprom.o
                0x08001450                EEPROM_SetYawRatePID
 .text.EEPROM_GetAircraftLights
                0x080014b0       0x48 ./Core/EEPROM/eeprom.o
                0x080014b0                EEPROM_GetAircraftLights
 .text.W25Qxx_WaitForWriteEnd
                0x080014f8       0xa0 ./Core/EEPROM/eeprom.o
 .text.W25Qxx_Read
                0x08001598       0xa8 ./Core/EEPROM/eeprom.o
 .text.W25Qxx_Write
                0x08001640      0x1b8 ./Core/EEPROM/eeprom.o
 .text.HMC5883L_WriteReg
                0x080017f8       0x38 ./Core/HMC5883L/hmc5883l.o
 .text.HMC5883L_ReadReg
                0x08001830       0x3c ./Core/HMC5883L/hmc5883l.o
                0x08001830                HMC5883L_ReadReg
 .text.HMC5883L_Init
                0x0800186c       0x34 ./Core/HMC5883L/hmc5883l.o
                0x0800186c                HMC5883L_Init
 .text.LL_SPI_Enable
                0x080018a0       0x20 ./Core/IMU/ICM42688P/icm42688p.o
 .text.LL_SPI_Disable
                0x080018c0       0x20 ./Core/IMU/ICM42688P/icm42688p.o
 .text.LL_SPI_SetMode
                0x080018e0       0x26 ./Core/IMU/ICM42688P/icm42688p.o
 .text.LL_SPI_StartMasterTransfer
                0x08001906       0x20 ./Core/IMU/ICM42688P/icm42688p.o
 .text.LL_SPI_SetClockPhase
                0x08001926       0x26 ./Core/IMU/ICM42688P/icm42688p.o
 .text.LL_SPI_SetClockPolarity
                0x0800194c       0x26 ./Core/IMU/ICM42688P/icm42688p.o
 .text.LL_SPI_SetBaudRatePrescaler
                0x08001972       0x26 ./Core/IMU/ICM42688P/icm42688p.o
 .text.LL_SPI_SetTransferBitOrder
                0x08001998       0x26 ./Core/IMU/ICM42688P/icm42688p.o
 .text.LL_SPI_SetTransferDirection
                0x080019be       0x3e ./Core/IMU/ICM42688P/icm42688p.o
 .text.LL_SPI_SetDataWidth
                0x080019fc       0x26 ./Core/IMU/ICM42688P/icm42688p.o
 .text.LL_SPI_SetFIFOThreshold
                0x08001a22       0x26 ./Core/IMU/ICM42688P/icm42688p.o
 .text.LL_SPI_SetNSSMode
                0x08001a48       0x26 ./Core/IMU/ICM42688P/icm42688p.o
 .text.LL_SPI_IsActiveFlag_RXP
                0x08001a6e       0x26 ./Core/IMU/ICM42688P/icm42688p.o
 .text.LL_SPI_IsActiveFlag_TXP
                0x08001a94       0x26 ./Core/IMU/ICM42688P/icm42688p.o
 .text.LL_SPI_ReceiveData8
                0x08001aba       0x1c ./Core/IMU/ICM42688P/icm42688p.o
 .text.LL_SPI_TransmitData8
                0x08001ad6       0x20 ./Core/IMU/ICM42688P/icm42688p.o
 *fill*         0x08001af6        0x2 
 .text.LL_AHB4_GRP1_EnableClock
                0x08001af8       0x38 ./Core/IMU/ICM42688P/icm42688p.o
 .text.LL_APB1_GRP1_EnableClock
                0x08001b30       0x38 ./Core/IMU/ICM42688P/icm42688p.o
 .text.LL_GPIO_IsInputPinSet
                0x08001b68       0x2a ./Core/IMU/ICM42688P/icm42688p.o
 .text.LL_GPIO_SetOutputPin
                0x08001b92       0x1c ./Core/IMU/ICM42688P/icm42688p.o
 .text.LL_GPIO_ResetOutputPin
                0x08001bae       0x1e ./Core/IMU/ICM42688P/icm42688p.o
 .text.ICM42688P_GPIO_SPI_Initialization
                0x08001bcc      0x12c ./Core/IMU/ICM42688P/icm42688p.o
                0x08001bcc                ICM42688P_GPIO_SPI_Initialization
 .text.SPI3_SendByte
                0x08001cf8       0x44 ./Core/IMU/ICM42688P/icm42688p.o
                0x08001cf8                SPI3_SendByte
 .text.ICM42688P_SelectBank
                0x08001d3c       0x30 ./Core/IMU/ICM42688P/icm42688p.o
                0x08001d3c                ICM42688P_SelectBank
 .text.ICM42688P_ReadByte
                0x08001d6c       0x44 ./Core/IMU/ICM42688P/icm42688p.o
                0x08001d6c                ICM42688P_ReadByte
 .text.ICM42688P_ReadBytes
                0x08001db0       0x64 ./Core/IMU/ICM42688P/icm42688p.o
                0x08001db0                ICM42688P_ReadBytes
 .text.ICM42688P_WriteByte
                0x08001e14       0x48 ./Core/IMU/ICM42688P/icm42688p.o
                0x08001e14                ICM42688P_WriteByte
 .text.ICM42688P_Initialization
                0x08001e5c      0x158 ./Core/IMU/ICM42688P/icm42688p.o
                0x08001e5c                ICM42688P_Initialization
 .text.ICM42688P_Get6AxisRawData
                0x08001fb4       0xa0 ./Core/IMU/ICM42688P/icm42688p.o
                0x08001fb4                ICM42688P_Get6AxisRawData
 .text.ICM42688P_DataReady
                0x08002054       0x18 ./Core/IMU/ICM42688P/icm42688p.o
                0x08002054                ICM42688P_DataReady
 .text.ICM42688P_AccelRawToG
                0x0800206c       0x30 ./Core/IMU/ICM42688P/icm42688p.o
                0x0800206c                ICM42688P_AccelRawToG
 .text.ICM42688P_TempRawToCelsius
                0x0800209c       0x38 ./Core/IMU/ICM42688P/icm42688p.o
                0x0800209c                ICM42688P_TempRawToCelsius
 .text.ICM42688P_GyroRawToRadPerSec
                0x080020d4       0x30 ./Core/IMU/ICM42688P/icm42688p.o
                0x080020d4                ICM42688P_GyroRawToRadPerSec
 .text.ICM42688P_GetTemperatureRaw
                0x08002104       0x2a ./Core/IMU/ICM42688P/icm42688p.o
                0x08002104                ICM42688P_GetTemperatureRaw
 *fill*         0x0800212e        0x2 
 .text.ICM42688P_UpdateAllData_Radians
                0x08002130       0xec ./Core/IMU/ICM42688P/icm42688p.o
                0x08002130                ICM42688P_UpdateAllData_Radians
 .text.WS2812_SetColor
                0x0800221c      0x104 ./Core/LED/MAIN_BOARD_RGB/ws2812.o
                0x0800221c                WS2812_SetColor
 .text.WS2812_Send
                0x08002320       0xf4 ./Core/LED/MAIN_BOARD_RGB/ws2812.o
                0x08002320                WS2812_Send
 .text.main_led
                0x08002414       0x5c ./Core/LED/MAIN_BOARD_RGB/ws2812.o
                0x08002414                main_led
 .text.HAL_TIM_PWM_PulseFinishedCallback
                0x08002470       0x3c ./Core/LED/MAIN_BOARD_RGB/ws2812.o
                0x08002470                HAL_TIM_PWM_PulseFinishedCallback
 .text.__NVIC_GetPriorityGrouping
                0x080024ac       0x1c ./Core/Src/dma.o
 .text.__NVIC_EnableIRQ
                0x080024c8       0x3c ./Core/Src/dma.o
 .text.__NVIC_SetPriority
                0x08002504       0x54 ./Core/Src/dma.o
 .text.NVIC_EncodePriority
                0x08002558       0x66 ./Core/Src/dma.o
 *fill*         0x080025be        0x2 
 .text.MX_DMA_Init
                0x080025c0       0xa0 ./Core/Src/dma.o
                0x080025c0                MX_DMA_Init
 .text.MX_GPIO_Init
                0x08002660      0x148 ./Core/Src/gpio.o
                0x08002660                MX_GPIO_Init
 .text.MX_I2C1_Init
                0x080027a8       0x80 ./Core/Src/i2c.o
                0x080027a8                MX_I2C1_Init
 .text.HAL_I2C_MspInit
                0x08002828      0x1b8 ./Core/Src/i2c.o
                0x08002828                HAL_I2C_MspInit
 .text.LL_TIM_EnableCounter
                0x080029e0       0x20 ./Core/Src/main.o
 .text.LL_TIM_EnableIT_UPDATE
                0x08002a00       0x20 ./Core/Src/main.o
 .text.LL_USART_IsActiveFlag_FE
                0x08002a20       0x26 ./Core/Src/main.o
 .text.LL_USART_IsActiveFlag_ORE
                0x08002a46       0x26 ./Core/Src/main.o
 .text.LL_USART_IsActiveFlag_TC
                0x08002a6c       0x26 ./Core/Src/main.o
 .text.LL_USART_IsActiveFlag_TXE_TXFNF
                0x08002a92       0x26 ./Core/Src/main.o
 .text.LL_USART_ClearFlag_FE
                0x08002ab8       0x1a ./Core/Src/main.o
 .text.LL_USART_ClearFlag_ORE
                0x08002ad2       0x1a ./Core/Src/main.o
 .text.LL_USART_EnableIT_RXNE_RXFNE
                0x08002aec       0x42 ./Core/Src/main.o
 .text.LL_USART_TransmitData8
                0x08002b2e       0x1e ./Core/Src/main.o
 .text._write   0x08002b4c       0x84 ./Core/Src/main.o
                0x08002b4c                _write
 .text.HAL_I2C_ErrorCallback
                0x08002bd0       0x20 ./Core/Src/main.o
                0x08002bd0                HAL_I2C_ErrorCallback
 .text.main     0x08002bf0      0x620 ./Core/Src/main.o
                0x08002bf0                main
 .text.SystemClock_Config
                0x08003210       0xdc ./Core/Src/main.o
                0x08003210                SystemClock_Config
 .text.MPU_Config
                0x080032ec       0x58 ./Core/Src/main.o
 .text.Error_Handler
                0x08003344        0xc ./Core/Src/main.o
                0x08003344                Error_Handler
 .text.MX_OCTOSPI1_Init
                0x08003350       0xc0 ./Core/Src/octospi.o
                0x08003350                MX_OCTOSPI1_Init
 .text.HAL_OSPI_MspInit
                0x08003410      0x1b4 ./Core/Src/octospi.o
                0x08003410                HAL_OSPI_MspInit
 .text.__NVIC_GetPriorityGrouping
                0x080035c4       0x1c ./Core/Src/spi.o
 .text.__NVIC_EnableIRQ
                0x080035e0       0x3c ./Core/Src/spi.o
 .text.__NVIC_SetPriority
                0x0800361c       0x54 ./Core/Src/spi.o
 .text.NVIC_EncodePriority
                0x08003670       0x66 ./Core/Src/spi.o
 .text.LL_SPI_SetStandard
                0x080036d6       0x26 ./Core/Src/spi.o
 .text.LL_SPI_SetFIFOThreshold
                0x080036fc       0x26 ./Core/Src/spi.o
 .text.LL_SPI_EnableNSSPulseMgt
                0x08003722       0x20 ./Core/Src/spi.o
 *fill*         0x08003742        0x2 
 .text.LL_AHB4_GRP1_EnableClock
                0x08003744       0x38 ./Core/Src/spi.o
 .text.LL_APB1_GRP1_EnableClock
                0x0800377c       0x38 ./Core/Src/spi.o
 .text.LL_DMA_SetDataTransferDirection
                0x080037b4       0x4c ./Core/Src/spi.o
 .text.LL_DMA_SetMode
                0x08003800       0x4c ./Core/Src/spi.o
 .text.LL_DMA_SetPeriphIncMode
                0x0800384c       0x4c ./Core/Src/spi.o
 .text.LL_DMA_SetMemoryIncMode
                0x08003898       0x4c ./Core/Src/spi.o
 .text.LL_DMA_SetPeriphSize
                0x080038e4       0x4c ./Core/Src/spi.o
 .text.LL_DMA_SetMemorySize
                0x08003930       0x4c ./Core/Src/spi.o
 .text.LL_DMA_SetStreamPriorityLevel
                0x0800397c       0x4c ./Core/Src/spi.o
 .text.LL_DMA_SetPeriphRequest
                0x080039c8       0x60 ./Core/Src/spi.o
 .text.LL_DMA_DisableFifoMode
                0x08003a28       0x44 ./Core/Src/spi.o
 .text.MX_SPI3_Init
                0x08003a6c      0x1e4 ./Core/Src/spi.o
                0x08003a6c                MX_SPI3_Init
 .text.HAL_MspInit
                0x08003c50       0x34 ./Core/Src/stm32h7xx_hal_msp.o
                0x08003c50                HAL_MspInit
 .text.LL_TIM_ClearFlag_UPDATE
                0x08003c84       0x1c ./Core/Src/stm32h7xx_it.o
 .text.LL_TIM_IsActiveFlag_UPDATE
                0x08003ca0       0x26 ./Core/Src/stm32h7xx_it.o
 .text.LL_USART_IsActiveFlag_FE
                0x08003cc6       0x26 ./Core/Src/stm32h7xx_it.o
 .text.LL_USART_IsActiveFlag_NE
                0x08003cec       0x26 ./Core/Src/stm32h7xx_it.o
 .text.LL_USART_IsActiveFlag_ORE
                0x08003d12       0x26 ./Core/Src/stm32h7xx_it.o
 .text.LL_USART_IsActiveFlag_RXNE_RXFNE
                0x08003d38       0x26 ./Core/Src/stm32h7xx_it.o
 .text.LL_USART_ClearFlag_FE
                0x08003d5e       0x1a ./Core/Src/stm32h7xx_it.o
 .text.LL_USART_ClearFlag_NE
                0x08003d78       0x1a ./Core/Src/stm32h7xx_it.o
 .text.LL_USART_ClearFlag_ORE
                0x08003d92       0x1a ./Core/Src/stm32h7xx_it.o
 .text.LL_USART_ReceiveData8
                0x08003dac       0x1a ./Core/Src/stm32h7xx_it.o
 .text.NMI_Handler
                0x08003dc6        0x8 ./Core/Src/stm32h7xx_it.o
                0x08003dc6                NMI_Handler
 .text.HardFault_Handler
                0x08003dce        0x8 ./Core/Src/stm32h7xx_it.o
                0x08003dce                HardFault_Handler
 .text.MemManage_Handler
                0x08003dd6        0x8 ./Core/Src/stm32h7xx_it.o
                0x08003dd6                MemManage_Handler
 .text.BusFault_Handler
                0x08003dde        0x8 ./Core/Src/stm32h7xx_it.o
                0x08003dde                BusFault_Handler
 .text.UsageFault_Handler
                0x08003de6        0x8 ./Core/Src/stm32h7xx_it.o
                0x08003de6                UsageFault_Handler
 .text.SVC_Handler
                0x08003dee        0xe ./Core/Src/stm32h7xx_it.o
                0x08003dee                SVC_Handler
 .text.DebugMon_Handler
                0x08003dfc        0xe ./Core/Src/stm32h7xx_it.o
                0x08003dfc                DebugMon_Handler
 .text.PendSV_Handler
                0x08003e0a        0xe ./Core/Src/stm32h7xx_it.o
                0x08003e0a                PendSV_Handler
 .text.SysTick_Handler
                0x08003e18        0xc ./Core/Src/stm32h7xx_it.o
                0x08003e18                SysTick_Handler
 .text.DMA1_Stream0_IRQHandler
                0x08003e24       0x14 ./Core/Src/stm32h7xx_it.o
                0x08003e24                DMA1_Stream0_IRQHandler
 .text.DMA1_Stream1_IRQHandler
                0x08003e38       0x14 ./Core/Src/stm32h7xx_it.o
                0x08003e38                DMA1_Stream1_IRQHandler
 .text.DMA1_Stream2_IRQHandler
                0x08003e4c       0x14 ./Core/Src/stm32h7xx_it.o
                0x08003e4c                DMA1_Stream2_IRQHandler
 .text.DMA1_Stream3_IRQHandler
                0x08003e60        0xe ./Core/Src/stm32h7xx_it.o
                0x08003e60                DMA1_Stream3_IRQHandler
 .text.DMA1_Stream4_IRQHandler
                0x08003e6e        0xe ./Core/Src/stm32h7xx_it.o
                0x08003e6e                DMA1_Stream4_IRQHandler
 .text.I2C1_EV_IRQHandler
                0x08003e7c       0x14 ./Core/Src/stm32h7xx_it.o
                0x08003e7c                I2C1_EV_IRQHandler
 .text.I2C1_ER_IRQHandler
                0x08003e90       0x14 ./Core/Src/stm32h7xx_it.o
                0x08003e90                I2C1_ER_IRQHandler
 .text.SPI3_IRQHandler
                0x08003ea4        0xe ./Core/Src/stm32h7xx_it.o
                0x08003ea4                SPI3_IRQHandler
 *fill*         0x08003eb2        0x2 
 .text.UART4_IRQHandler
                0x08003eb4      0x11c ./Core/Src/stm32h7xx_it.o
                0x08003eb4                UART4_IRQHandler
 .text.TIM7_IRQHandler
                0x08003fd0      0x138 ./Core/Src/stm32h7xx_it.o
                0x08003fd0                TIM7_IRQHandler
 .text.USART6_IRQHandler
                0x08004108       0xc8 ./Core/Src/stm32h7xx_it.o
                0x08004108                USART6_IRQHandler
 .text._getpid  0x080041d0       0x10 ./Core/Src/syscalls.o
                0x080041d0                _getpid
 .text._kill    0x080041e0       0x20 ./Core/Src/syscalls.o
                0x080041e0                _kill
 .text._exit    0x08004200       0x16 ./Core/Src/syscalls.o
                0x08004200                _exit
 .text._read    0x08004216       0x3a ./Core/Src/syscalls.o
                0x08004216                _read
 .text._close   0x08004250       0x18 ./Core/Src/syscalls.o
                0x08004250                _close
 .text._fstat   0x08004268       0x20 ./Core/Src/syscalls.o
                0x08004268                _fstat
 .text._isatty  0x08004288       0x16 ./Core/Src/syscalls.o
                0x08004288                _isatty
 .text._lseek   0x0800429e       0x1a ./Core/Src/syscalls.o
                0x0800429e                _lseek
 .text._sbrk    0x080042b8       0x6c ./Core/Src/sysmem.o
                0x080042b8                _sbrk
 .text.SystemInit
                0x08004324      0x120 ./Core/Src/system_stm32h7xx.o
                0x08004324                SystemInit
 .text.ExitRun0Mode
                0x08004444       0x30 ./Core/Src/system_stm32h7xx.o
                0x08004444                ExitRun0Mode
 .text.__NVIC_GetPriorityGrouping
                0x08004474       0x1c ./Core/Src/tim.o
 .text.__NVIC_EnableIRQ
                0x08004490       0x3c ./Core/Src/tim.o
 .text.__NVIC_SetPriority
                0x080044cc       0x54 ./Core/Src/tim.o
 .text.NVIC_EncodePriority
                0x08004520       0x66 ./Core/Src/tim.o
 .text.LL_TIM_EnableARRPreload
                0x08004586       0x20 ./Core/Src/tim.o
 *fill*         0x080045a6        0x2 
 .text.LL_TIM_OC_EnableFast
                0x080045a8       0xa0 ./Core/Src/tim.o
 .text.LL_TIM_OC_EnablePreload
                0x08004648       0xa0 ./Core/Src/tim.o
 .text.LL_TIM_SetClockSource
                0x080046e8       0x2c ./Core/Src/tim.o
 .text.LL_TIM_SetTriggerOutput
                0x08004714       0x26 ./Core/Src/tim.o
 .text.LL_TIM_DisableMasterSlaveMode
                0x0800473a       0x20 ./Core/Src/tim.o
 *fill*         0x0800475a        0x2 
 .text.LL_AHB4_GRP1_EnableClock
                0x0800475c       0x38 ./Core/Src/tim.o
 .text.LL_APB1_GRP1_EnableClock
                0x08004794       0x38 ./Core/Src/tim.o
 .text.MX_TIM2_Init
                0x080047cc       0xec ./Core/Src/tim.o
                0x080047cc                MX_TIM2_Init
 .text.MX_TIM3_Init
                0x080048b8       0xf0 ./Core/Src/tim.o
                0x080048b8                MX_TIM3_Init
 .text.MX_TIM5_Init
                0x080049a8      0x134 ./Core/Src/tim.o
                0x080049a8                MX_TIM5_Init
 .text.MX_TIM7_Init
                0x08004adc       0x74 ./Core/Src/tim.o
                0x08004adc                MX_TIM7_Init
 .text.HAL_TIM_Base_MspInit
                0x08004b50       0xd4 ./Core/Src/tim.o
                0x08004b50                HAL_TIM_Base_MspInit
 .text.HAL_TIM_MspPostInit
                0x08004c24       0xc4 ./Core/Src/tim.o
                0x08004c24                HAL_TIM_MspPostInit
 .text.__NVIC_GetPriorityGrouping
                0x08004ce8       0x1c ./Core/Src/usart.o
 .text.__NVIC_EnableIRQ
                0x08004d04       0x3c ./Core/Src/usart.o
 .text.__NVIC_SetPriority
                0x08004d40       0x54 ./Core/Src/usart.o
 .text.NVIC_EncodePriority
                0x08004d94       0x66 ./Core/Src/usart.o
 .text.LL_USART_Enable
                0x08004dfa       0x20 ./Core/Src/usart.o
 .text.LL_USART_DisableFIFO
                0x08004e1a       0x20 ./Core/Src/usart.o
 .text.LL_USART_SetTXFIFOThreshold
                0x08004e3a       0x4e ./Core/Src/usart.o
 .text.LL_USART_SetRXFIFOThreshold
                0x08004e88       0x4e ./Core/Src/usart.o
 .text.LL_USART_ConfigAsyncMode
                0x08004ed6       0x2c ./Core/Src/usart.o
 .text.LL_USART_IsActiveFlag_TEACK
                0x08004f02       0x28 ./Core/Src/usart.o
 .text.LL_USART_IsActiveFlag_REACK
                0x08004f2a       0x28 ./Core/Src/usart.o
 *fill*         0x08004f52        0x2 
 .text.LL_AHB4_GRP1_EnableClock
                0x08004f54       0x38 ./Core/Src/usart.o
 .text.LL_APB1_GRP1_EnableClock
                0x08004f8c       0x38 ./Core/Src/usart.o
 .text.LL_APB2_GRP1_EnableClock
                0x08004fc4       0x38 ./Core/Src/usart.o
 .text.MX_UART4_Init
                0x08004ffc      0x134 ./Core/Src/usart.o
                0x08004ffc                MX_UART4_Init
 .text.MX_USART6_UART_Init
                0x08005130      0x13c ./Core/Src/usart.o
                0x08005130                MX_USART6_UART_Init
 .text.Reset_Handler
                0x0800526c       0x54 ./Core/Startup/startup_stm32h723vgtx.o
                0x0800526c                Reset_Handler
 .text.Default_Handler
                0x080052c0        0x2 ./Core/Startup/startup_stm32h723vgtx.o
                0x080052c0                RTC_Alarm_IRQHandler
                0x080052c0                EXTI2_IRQHandler
                0x080052c0                TIM8_CC_IRQHandler
                0x080052c0                UART8_IRQHandler
                0x080052c0                SPI4_IRQHandler
                0x080052c0                FDCAN3_IT0_IRQHandler
                0x080052c0                TIM1_CC_IRQHandler
                0x080052c0                BDMA_Channel6_IRQHandler
                0x080052c0                DMA2_Stream5_IRQHandler
                0x080052c0                DMA1_Stream5_IRQHandler
                0x080052c0                CORDIC_IRQHandler
                0x080052c0                BDMA_Channel1_IRQHandler
                0x080052c0                TAMP_STAMP_IRQHandler
                0x080052c0                EXTI3_IRQHandler
                0x080052c0                LPTIM4_IRQHandler
                0x080052c0                TIM8_TRG_COM_TIM14_IRQHandler
                0x080052c0                LPTIM2_IRQHandler
                0x080052c0                DFSDM1_FLT1_IRQHandler
                0x080052c0                DMAMUX2_OVR_IRQHandler
                0x080052c0                TIM8_UP_TIM13_IRQHandler
                0x080052c0                I2C3_ER_IRQHandler
                0x080052c0                DFSDM1_FLT2_IRQHandler
                0x080052c0                I2C5_EV_IRQHandler
                0x080052c0                USART10_IRQHandler
                0x080052c0                MDMA_IRQHandler
                0x080052c0                LPTIM3_IRQHandler
                0x080052c0                HSEM1_IRQHandler
                0x080052c0                EXTI0_IRQHandler
                0x080052c0                I2C2_EV_IRQHandler
                0x080052c0                FPU_IRQHandler
                0x080052c0                OTG_HS_WKUP_IRQHandler
                0x080052c0                FDCAN1_IT1_IRQHandler
                0x080052c0                LTDC_ER_IRQHandler
                0x080052c0                DMA2_Stream2_IRQHandler
                0x080052c0                SPI1_IRQHandler
                0x080052c0                OCTOSPI1_IRQHandler
                0x080052c0                TIM6_DAC_IRQHandler
                0x080052c0                DMA2_Stream3_IRQHandler
                0x080052c0                OCTOSPI2_IRQHandler
                0x080052c0                DFSDM1_FLT3_IRQHandler
                0x080052c0                TIM23_IRQHandler
                0x080052c0                TIM17_IRQHandler
                0x080052c0                USART3_IRQHandler
                0x080052c0                BDMA_Channel7_IRQHandler
                0x080052c0                LPTIM5_IRQHandler
                0x080052c0                UART5_IRQHandler
                0x080052c0                ADC3_IRQHandler
                0x080052c0                DMA2_Stream0_IRQHandler
                0x080052c0                TIM4_IRQHandler
                0x080052c0                BDMA_Channel2_IRQHandler
                0x080052c0                DMA1_Stream6_IRQHandler
                0x080052c0                DMAMUX1_OVR_IRQHandler
                0x080052c0                TIM16_IRQHandler
                0x080052c0                BDMA_Channel5_IRQHandler
                0x080052c0                TIM3_IRQHandler
                0x080052c0                RCC_IRQHandler
                0x080052c0                UART9_IRQHandler
                0x080052c0                TIM8_BRK_TIM12_IRQHandler
                0x080052c0                TIM1_TRG_COM_IRQHandler
                0x080052c0                Default_Handler
                0x080052c0                ECC_IRQHandler
                0x080052c0                FMAC_IRQHandler
                0x080052c0                CEC_IRQHandler
                0x080052c0                EXTI15_10_IRQHandler
                0x080052c0                BDMA_Channel0_IRQHandler
                0x080052c0                ADC_IRQHandler
                0x080052c0                I2C5_ER_IRQHandler
                0x080052c0                DMA1_Stream7_IRQHandler
                0x080052c0                SPI5_IRQHandler
                0x080052c0                FDCAN3_IT1_IRQHandler
                0x080052c0                SDMMC1_IRQHandler
                0x080052c0                TIM5_IRQHandler
                0x080052c0                DMA2_Stream7_IRQHandler
                0x080052c0                TIM15_IRQHandler
                0x080052c0                PVD_AVD_IRQHandler
                0x080052c0                I2C3_EV_IRQHandler
                0x080052c0                EXTI9_5_IRQHandler
                0x080052c0                RTC_WKUP_IRQHandler
                0x080052c0                LTDC_IRQHandler
                0x080052c0                ETH_WKUP_IRQHandler
                0x080052c0                SPDIF_RX_IRQHandler
                0x080052c0                SPI2_IRQHandler
                0x080052c0                OTG_HS_EP1_IN_IRQHandler
                0x080052c0                TIM24_IRQHandler
                0x080052c0                CRS_IRQHandler
                0x080052c0                EXTI4_IRQHandler
                0x080052c0                RNG_IRQHandler
                0x080052c0                FDCAN2_IT1_IRQHandler
                0x080052c0                ETH_IRQHandler
                0x080052c0                TIM1_UP_IRQHandler
                0x080052c0                BDMA_Channel4_IRQHandler
                0x080052c0                OTG_HS_EP1_OUT_IRQHandler
                0x080052c0                WWDG_IRQHandler
                0x080052c0                SPI6_IRQHandler
                0x080052c0                MDIOS_IRQHandler
                0x080052c0                I2C4_EV_IRQHandler
                0x080052c0                FDCAN2_IT0_IRQHandler
                0x080052c0                LPUART1_IRQHandler
                0x080052c0                FDCAN1_IT0_IRQHandler
                0x080052c0                TIM2_IRQHandler
                0x080052c0                OTG_HS_IRQHandler
                0x080052c0                DMA2D_IRQHandler
                0x080052c0                TIM1_BRK_IRQHandler
                0x080052c0                EXTI1_IRQHandler
                0x080052c0                SDMMC2_IRQHandler
                0x080052c0                BDMA_Channel3_IRQHandler
                0x080052c0                DTS_IRQHandler
                0x080052c0                UART7_IRQHandler
                0x080052c0                MDIOS_WKUP_IRQHandler
                0x080052c0                USART2_IRQHandler
                0x080052c0                DFSDM1_FLT0_IRQHandler
                0x080052c0                SAI4_IRQHandler
                0x080052c0                I2C2_ER_IRQHandler
                0x080052c0                DMA2_Stream1_IRQHandler
                0x080052c0                FLASH_IRQHandler
                0x080052c0                DMA2_Stream4_IRQHandler
                0x080052c0                USART1_IRQHandler
                0x080052c0                WAKEUP_PIN_IRQHandler
                0x080052c0                FMC_IRQHandler
                0x080052c0                FDCAN_CAL_IRQHandler
                0x080052c0                SWPMI1_IRQHandler
                0x080052c0                COMP1_IRQHandler
                0x080052c0                LPTIM1_IRQHandler
                0x080052c0                DCMI_PSSI_IRQHandler
                0x080052c0                I2C4_ER_IRQHandler
                0x080052c0                DMA2_Stream6_IRQHandler
                0x080052c0                SAI1_IRQHandler
 *fill*         0x080052c2        0x2 
 .text.HAL_Init
                0x080052c4       0x78 ./Drivers/STM32H7xx_HAL_Driver/Src/stm32h7xx_hal.o
                0x080052c4                HAL_Init
 .text.HAL_InitTick
                0x0800533c       0x6c ./Drivers/STM32H7xx_HAL_Driver/Src/stm32h7xx_hal.o
                0x0800533c                HAL_InitTick
 .text.HAL_IncTick
                0x080053a8       0x28 ./Drivers/STM32H7xx_HAL_Driver/Src/stm32h7xx_hal.o
                0x080053a8                HAL_IncTick
 .text.HAL_GetTick
                0x080053d0       0x18 ./Drivers/STM32H7xx_HAL_Driver/Src/stm32h7xx_hal.o
                0x080053d0                HAL_GetTick
 .text.HAL_Delay
                0x080053e8       0x48 ./Drivers/STM32H7xx_HAL_Driver/Src/stm32h7xx_hal.o
                0x080053e8                HAL_Delay
 .text.__NVIC_SetPriorityGrouping
                0x08005430       0x48 ./Drivers/STM32H7xx_HAL_Driver/Src/stm32h7xx_hal_cortex.o
 .text.__NVIC_GetPriorityGrouping
                0x08005478       0x1c ./Drivers/STM32H7xx_HAL_Driver/Src/stm32h7xx_hal_cortex.o
 .text.__NVIC_EnableIRQ
                0x08005494       0x3c ./Drivers/STM32H7xx_HAL_Driver/Src/stm32h7xx_hal_cortex.o
 .text.__NVIC_SetPriority
                0x080054d0       0x54 ./Drivers/STM32H7xx_HAL_Driver/Src/stm32h7xx_hal_cortex.o
 .text.NVIC_EncodePriority
                0x08005524       0x66 ./Drivers/STM32H7xx_HAL_Driver/Src/stm32h7xx_hal_cortex.o
 *fill*         0x0800558a        0x2 
 .text.SysTick_Config
                0x0800558c       0x44 ./Drivers/STM32H7xx_HAL_Driver/Src/stm32h7xx_hal_cortex.o
 .text.HAL_NVIC_SetPriorityGrouping
                0x080055d0       0x16 ./Drivers/STM32H7xx_HAL_Driver/Src/stm32h7xx_hal_cortex.o
                0x080055d0                HAL_NVIC_SetPriorityGrouping
 .text.HAL_NVIC_SetPriority
                0x080055e6       0x34 ./Drivers/STM32H7xx_HAL_Driver/Src/stm32h7xx_hal_cortex.o
                0x080055e6                HAL_NVIC_SetPriority
 .text.HAL_NVIC_EnableIRQ
                0x0800561a       0x1c ./Drivers/STM32H7xx_HAL_Driver/Src/stm32h7xx_hal_cortex.o
                0x0800561a                HAL_NVIC_EnableIRQ
 .text.HAL_SYSTICK_Config
                0x08005636       0x18 ./Drivers/STM32H7xx_HAL_Driver/Src/stm32h7xx_hal_cortex.o
                0x08005636                HAL_SYSTICK_Config
 *fill*         0x0800564e        0x2 
 .text.HAL_MPU_Disable
                0x08005650       0x30 ./Drivers/STM32H7xx_HAL_Driver/Src/stm32h7xx_hal_cortex.o
                0x08005650                HAL_MPU_Disable
 .text.HAL_MPU_Enable
                0x08005680       0x40 ./Drivers/STM32H7xx_HAL_Driver/Src/stm32h7xx_hal_cortex.o
                0x08005680                HAL_MPU_Enable
 .text.HAL_MPU_ConfigRegion
                0x080056c0       0x80 ./Drivers/STM32H7xx_HAL_Driver/Src/stm32h7xx_hal_cortex.o
                0x080056c0                HAL_MPU_ConfigRegion
 .text.HAL_DMA_Init
                0x08005740      0x6b0 ./Drivers/STM32H7xx_HAL_Driver/Src/stm32h7xx_hal_dma.o
                0x08005740                HAL_DMA_Init
 .text.HAL_DMA_Start_IT
                0x08005df0      0x4d4 ./Drivers/STM32H7xx_HAL_Driver/Src/stm32h7xx_hal_dma.o
                0x08005df0                HAL_DMA_Start_IT
 .text.HAL_DMA_Abort_IT
                0x080062c4      0x48c ./Drivers/STM32H7xx_HAL_Driver/Src/stm32h7xx_hal_dma.o
                0x080062c4                HAL_DMA_Abort_IT
 .text.HAL_DMA_IRQHandler
                0x08006750      0xe54 ./Drivers/STM32H7xx_HAL_Driver/Src/stm32h7xx_hal_dma.o
                0x08006750                HAL_DMA_IRQHandler
 .text.HAL_DMA_GetState
                0x080075a4       0x1c ./Drivers/STM32H7xx_HAL_Driver/Src/stm32h7xx_hal_dma.o
                0x080075a4                HAL_DMA_GetState
 .text.DMA_SetConfig
                0x080075c0      0x358 ./Drivers/STM32H7xx_HAL_Driver/Src/stm32h7xx_hal_dma.o
 .text.DMA_CalcBaseAndBitshift
                0x08007918      0x164 ./Drivers/STM32H7xx_HAL_Driver/Src/stm32h7xx_hal_dma.o
 .text.DMA_CheckFifoParam
                0x08007a7c       0xf8 ./Drivers/STM32H7xx_HAL_Driver/Src/stm32h7xx_hal_dma.o
 .text.DMA_CalcDMAMUXChannelBaseAndMask
                0x08007b74      0x134 ./Drivers/STM32H7xx_HAL_Driver/Src/stm32h7xx_hal_dma.o
 .text.DMA_CalcDMAMUXRequestGenBaseAndMask
                0x08007ca8       0xe8 ./Drivers/STM32H7xx_HAL_Driver/Src/stm32h7xx_hal_dma.o
 .text.HAL_GPIO_Init
                0x08007d90      0x350 ./Drivers/STM32H7xx_HAL_Driver/Src/stm32h7xx_hal_gpio.o
                0x08007d90                HAL_GPIO_Init
 .text.HAL_GPIO_WritePin
                0x080080e0       0x32 ./Drivers/STM32H7xx_HAL_Driver/Src/stm32h7xx_hal_gpio.o
                0x080080e0                HAL_GPIO_WritePin
 .text.HAL_GPIO_TogglePin
                0x08008112       0x34 ./Drivers/STM32H7xx_HAL_Driver/Src/stm32h7xx_hal_gpio.o
                0x08008112                HAL_GPIO_TogglePin
 *fill*         0x08008146        0x2 
 .text.HAL_I2C_Init
                0x08008148      0x138 ./Drivers/STM32H7xx_HAL_Driver/Src/stm32h7xx_hal_i2c.o
                0x08008148                HAL_I2C_Init
 .text.HAL_I2C_Master_Transmit
                0x08008280      0x230 ./Drivers/STM32H7xx_HAL_Driver/Src/stm32h7xx_hal_i2c.o
                0x08008280                HAL_I2C_Master_Transmit
 .text.HAL_I2C_Master_Receive
                0x080084b0      0x1ec ./Drivers/STM32H7xx_HAL_Driver/Src/stm32h7xx_hal_i2c.o
                0x080084b0                HAL_I2C_Master_Receive
 .text.HAL_I2C_EV_IRQHandler
                0x0800869c       0x34 ./Drivers/STM32H7xx_HAL_Driver/Src/stm32h7xx_hal_i2c.o
                0x0800869c                HAL_I2C_EV_IRQHandler
 .text.HAL_I2C_ER_IRQHandler
                0x080086d0       0xc2 ./Drivers/STM32H7xx_HAL_Driver/Src/stm32h7xx_hal_i2c.o
                0x080086d0                HAL_I2C_ER_IRQHandler
 .text.HAL_I2C_SlaveTxCpltCallback
                0x08008792       0x14 ./Drivers/STM32H7xx_HAL_Driver/Src/stm32h7xx_hal_i2c.o
                0x08008792                HAL_I2C_SlaveTxCpltCallback
 .text.HAL_I2C_SlaveRxCpltCallback
                0x080087a6       0x14 ./Drivers/STM32H7xx_HAL_Driver/Src/stm32h7xx_hal_i2c.o
                0x080087a6                HAL_I2C_SlaveRxCpltCallback
 .text.HAL_I2C_AddrCallback
                0x080087ba       0x1c ./Drivers/STM32H7xx_HAL_Driver/Src/stm32h7xx_hal_i2c.o
                0x080087ba                HAL_I2C_AddrCallback
 .text.HAL_I2C_ListenCpltCallback
                0x080087d6       0x14 ./Drivers/STM32H7xx_HAL_Driver/Src/stm32h7xx_hal_i2c.o
                0x080087d6                HAL_I2C_ListenCpltCallback
 .text.HAL_I2C_AbortCpltCallback
                0x080087ea       0x14 ./Drivers/STM32H7xx_HAL_Driver/Src/stm32h7xx_hal_i2c.o
                0x080087ea                HAL_I2C_AbortCpltCallback
 .text.I2C_Slave_ISR_IT
                0x080087fe      0x208 ./Drivers/STM32H7xx_HAL_Driver/Src/stm32h7xx_hal_i2c.o
 .text.I2C_ITAddrCplt
                0x08008a06      0x108 ./Drivers/STM32H7xx_HAL_Driver/Src/stm32h7xx_hal_i2c.o
 .text.I2C_ITSlaveSeqCplt
                0x08008b0e       0xbc ./Drivers/STM32H7xx_HAL_Driver/Src/stm32h7xx_hal_i2c.o
 *fill*         0x08008bca        0x2 
 .text.I2C_ITSlaveCplt
                0x08008bcc      0x4b4 ./Drivers/STM32H7xx_HAL_Driver/Src/stm32h7xx_hal_i2c.o
 .text.I2C_ITListenCplt
                0x08009080       0xac ./Drivers/STM32H7xx_HAL_Driver/Src/stm32h7xx_hal_i2c.o
 .text.I2C_ITError
                0x0800912c      0x1e0 ./Drivers/STM32H7xx_HAL_Driver/Src/stm32h7xx_hal_i2c.o
 .text.I2C_TreatErrorCallback
                0x0800930c       0x4e ./Drivers/STM32H7xx_HAL_Driver/Src/stm32h7xx_hal_i2c.o
 .text.I2C_Flush_TXDR
                0x0800935a       0x48 ./Drivers/STM32H7xx_HAL_Driver/Src/stm32h7xx_hal_i2c.o
 .text.I2C_DMAAbort
                0x080093a2       0x3c ./Drivers/STM32H7xx_HAL_Driver/Src/stm32h7xx_hal_i2c.o
 .text.I2C_WaitOnFlagUntilTimeout
                0x080093de       0xb2 ./Drivers/STM32H7xx_HAL_Driver/Src/stm32h7xx_hal_i2c.o
 .text.I2C_WaitOnTXISFlagUntilTimeout
                0x08009490       0x8e ./Drivers/STM32H7xx_HAL_Driver/Src/stm32h7xx_hal_i2c.o
 .text.I2C_WaitOnSTOPFlagUntilTimeout
                0x0800951e       0x86 ./Drivers/STM32H7xx_HAL_Driver/Src/stm32h7xx_hal_i2c.o
 .text.I2C_WaitOnRXNEFlagUntilTimeout
                0x080095a4      0x118 ./Drivers/STM32H7xx_HAL_Driver/Src/stm32h7xx_hal_i2c.o
 .text.I2C_IsErrorOccurred
                0x080096bc      0x1c0 ./Drivers/STM32H7xx_HAL_Driver/Src/stm32h7xx_hal_i2c.o
 .text.I2C_TransferConfig
                0x0800987c       0x64 ./Drivers/STM32H7xx_HAL_Driver/Src/stm32h7xx_hal_i2c.o
 .text.I2C_Disable_IRQ
                0x080098e0       0xbc ./Drivers/STM32H7xx_HAL_Driver/Src/stm32h7xx_hal_i2c.o
 .text.HAL_I2CEx_ConfigAnalogFilter
                0x0800999c       0x96 ./Drivers/STM32H7xx_HAL_Driver/Src/stm32h7xx_hal_i2c_ex.o
                0x0800999c                HAL_I2CEx_ConfigAnalogFilter
 .text.HAL_I2CEx_ConfigDigitalFilter
                0x08009a32       0x98 ./Drivers/STM32H7xx_HAL_Driver/Src/stm32h7xx_hal_i2c_ex.o
                0x08009a32                HAL_I2CEx_ConfigDigitalFilter
 *fill*         0x08009aca        0x2 
 .text.HAL_OSPI_Init
                0x08009acc      0x178 ./Drivers/STM32H7xx_HAL_Driver/Src/stm32h7xx_hal_ospi.o
                0x08009acc                HAL_OSPI_Init
 .text.HAL_OSPI_Command
                0x08009c44      0x11a ./Drivers/STM32H7xx_HAL_Driver/Src/stm32h7xx_hal_ospi.o
                0x08009c44                HAL_OSPI_Command
 .text.HAL_OSPI_Transmit
                0x08009d5e       0xe6 ./Drivers/STM32H7xx_HAL_Driver/Src/stm32h7xx_hal_ospi.o
                0x08009d5e                HAL_OSPI_Transmit
 .text.HAL_OSPI_Receive
                0x08009e44      0x146 ./Drivers/STM32H7xx_HAL_Driver/Src/stm32h7xx_hal_ospi.o
                0x08009e44                HAL_OSPI_Receive
 .text.HAL_OSPI_SetTimeout
                0x08009f8a       0x1e ./Drivers/STM32H7xx_HAL_Driver/Src/stm32h7xx_hal_ospi.o
                0x08009f8a                HAL_OSPI_SetTimeout
 .text.HAL_OSPIM_Config
                0x08009fa8      0x9d8 ./Drivers/STM32H7xx_HAL_Driver/Src/stm32h7xx_hal_ospi.o
                0x08009fa8                HAL_OSPIM_Config
 .text.OSPI_WaitFlagStateUntilTimeout
                0x0800a980       0x6e ./Drivers/STM32H7xx_HAL_Driver/Src/stm32h7xx_hal_ospi.o
 *fill*         0x0800a9ee        0x2 
 .text.OSPI_ConfigCmd
                0x0800a9f0      0x2f4 ./Drivers/STM32H7xx_HAL_Driver/Src/stm32h7xx_hal_ospi.o
 .text.OSPIM_GetConfig
                0x0800ace4      0x174 ./Drivers/STM32H7xx_HAL_Driver/Src/stm32h7xx_hal_ospi.o
 .text.HAL_PWREx_ConfigSupply
                0x0800ae58       0x74 ./Drivers/STM32H7xx_HAL_Driver/Src/stm32h7xx_hal_pwr_ex.o
                0x0800ae58                HAL_PWREx_ConfigSupply
 .text.HAL_RCC_OscConfig
                0x0800aecc      0x7b4 ./Drivers/STM32H7xx_HAL_Driver/Src/stm32h7xx_hal_rcc.o
                0x0800aecc                HAL_RCC_OscConfig
 .text.HAL_RCC_ClockConfig
                0x0800b680      0x36c ./Drivers/STM32H7xx_HAL_Driver/Src/stm32h7xx_hal_rcc.o
                0x0800b680                HAL_RCC_ClockConfig
 .text.HAL_RCC_GetSysClockFreq
                0x0800b9ec      0x2f4 ./Drivers/STM32H7xx_HAL_Driver/Src/stm32h7xx_hal_rcc.o
                0x0800b9ec                HAL_RCC_GetSysClockFreq
 .text.HAL_RCCEx_PeriphCLKConfig
                0x0800bce0     0x1340 ./Drivers/STM32H7xx_HAL_Driver/Src/stm32h7xx_hal_rcc_ex.o
                0x0800bce0                HAL_RCCEx_PeriphCLKConfig
 .text.RCCEx_PLL2_Config
                0x0800d020      0x164 ./Drivers/STM32H7xx_HAL_Driver/Src/stm32h7xx_hal_rcc_ex.o
 .text.RCCEx_PLL3_Config
                0x0800d184      0x164 ./Drivers/STM32H7xx_HAL_Driver/Src/stm32h7xx_hal_rcc_ex.o
 .text.HAL_TIM_Base_Init
                0x0800d2e8       0xae ./Drivers/STM32H7xx_HAL_Driver/Src/stm32h7xx_hal_tim.o
                0x0800d2e8                HAL_TIM_Base_Init
 *fill*         0x0800d396        0x2 
 .text.HAL_TIM_Base_Start
                0x0800d398       0xfc ./Drivers/STM32H7xx_HAL_Driver/Src/stm32h7xx_hal_tim.o
                0x0800d398                HAL_TIM_Base_Start
 .text.HAL_TIM_Base_Stop
                0x0800d494       0x4e ./Drivers/STM32H7xx_HAL_Driver/Src/stm32h7xx_hal_tim.o
                0x0800d494                HAL_TIM_Base_Stop
 .text.HAL_TIM_PWM_Init
                0x0800d4e2       0xae ./Drivers/STM32H7xx_HAL_Driver/Src/stm32h7xx_hal_tim.o
                0x0800d4e2                HAL_TIM_PWM_Init
 .text.HAL_TIM_PWM_MspInit
                0x0800d590       0x14 ./Drivers/STM32H7xx_HAL_Driver/Src/stm32h7xx_hal_tim.o
                0x0800d590                HAL_TIM_PWM_MspInit
 .text.HAL_TIM_PWM_Start
                0x0800d5a4      0x238 ./Drivers/STM32H7xx_HAL_Driver/Src/stm32h7xx_hal_tim.o
                0x0800d5a4                HAL_TIM_PWM_Start
 .text.HAL_TIM_PWM_Start_DMA
                0x0800d7dc      0x468 ./Drivers/STM32H7xx_HAL_Driver/Src/stm32h7xx_hal_tim.o
                0x0800d7dc                HAL_TIM_PWM_Start_DMA
 .text.HAL_TIM_PWM_Stop_DMA
                0x0800dc44      0x1f0 ./Drivers/STM32H7xx_HAL_Driver/Src/stm32h7xx_hal_tim.o
                0x0800dc44                HAL_TIM_PWM_Stop_DMA
 .text.HAL_TIM_PWM_ConfigChannel
                0x0800de34      0x228 ./Drivers/STM32H7xx_HAL_Driver/Src/stm32h7xx_hal_tim.o
                0x0800de34                HAL_TIM_PWM_ConfigChannel
 .text.HAL_TIM_ConfigClockSource
                0x0800e05c      0x1f0 ./Drivers/STM32H7xx_HAL_Driver/Src/stm32h7xx_hal_tim.o
                0x0800e05c                HAL_TIM_ConfigClockSource
 .text.HAL_TIM_PWM_PulseFinishedHalfCpltCallback
                0x0800e24c       0x14 ./Drivers/STM32H7xx_HAL_Driver/Src/stm32h7xx_hal_tim.o
                0x0800e24c                HAL_TIM_PWM_PulseFinishedHalfCpltCallback
 .text.HAL_TIM_ErrorCallback
                0x0800e260       0x14 ./Drivers/STM32H7xx_HAL_Driver/Src/stm32h7xx_hal_tim.o
                0x0800e260                HAL_TIM_ErrorCallback
 .text.TIM_DMAError
                0x0800e274       0x92 ./Drivers/STM32H7xx_HAL_Driver/Src/stm32h7xx_hal_tim.o
                0x0800e274                TIM_DMAError
 .text.TIM_DMADelayPulseCplt
                0x0800e306       0xa8 ./Drivers/STM32H7xx_HAL_Driver/Src/stm32h7xx_hal_tim.o
 .text.TIM_DMADelayPulseHalfCplt
                0x0800e3ae       0x68 ./Drivers/STM32H7xx_HAL_Driver/Src/stm32h7xx_hal_tim.o
                0x0800e3ae                TIM_DMADelayPulseHalfCplt
 *fill*         0x0800e416        0x2 
 .text.TIM_Base_SetConfig
                0x0800e418      0x158 ./Drivers/STM32H7xx_HAL_Driver/Src/stm32h7xx_hal_tim.o
                0x0800e418                TIM_Base_SetConfig
 .text.TIM_OC1_SetConfig
                0x0800e570      0x120 ./Drivers/STM32H7xx_HAL_Driver/Src/stm32h7xx_hal_tim.o
 .text.TIM_OC2_SetConfig
                0x0800e690      0x114 ./Drivers/STM32H7xx_HAL_Driver/Src/stm32h7xx_hal_tim.o
                0x0800e690                TIM_OC2_SetConfig
 .text.TIM_OC3_SetConfig
                0x0800e7a4      0x110 ./Drivers/STM32H7xx_HAL_Driver/Src/stm32h7xx_hal_tim.o
 .text.TIM_OC4_SetConfig
                0x0800e8b4       0xd4 ./Drivers/STM32H7xx_HAL_Driver/Src/stm32h7xx_hal_tim.o
 .text.TIM_OC5_SetConfig
                0x0800e988       0xc8 ./Drivers/STM32H7xx_HAL_Driver/Src/stm32h7xx_hal_tim.o
 .text.TIM_OC6_SetConfig
                0x0800ea50       0xcc ./Drivers/STM32H7xx_HAL_Driver/Src/stm32h7xx_hal_tim.o
 .text.TIM_TI1_ConfigInputStage
                0x0800eb1c       0x5e ./Drivers/STM32H7xx_HAL_Driver/Src/stm32h7xx_hal_tim.o
 .text.TIM_TI2_ConfigInputStage
                0x0800eb7a       0x60 ./Drivers/STM32H7xx_HAL_Driver/Src/stm32h7xx_hal_tim.o
 *fill*         0x0800ebda        0x2 
 .text.TIM_ITRx_SetConfig
                0x0800ebdc       0x3c ./Drivers/STM32H7xx_HAL_Driver/Src/stm32h7xx_hal_tim.o
 .text.TIM_ETR_SetConfig
                0x0800ec18       0x40 ./Drivers/STM32H7xx_HAL_Driver/Src/stm32h7xx_hal_tim.o
                0x0800ec18                TIM_ETR_SetConfig
 .text.TIM_CCxChannelCmd
                0x0800ec58       0x4a ./Drivers/STM32H7xx_HAL_Driver/Src/stm32h7xx_hal_tim.o
                0x0800ec58                TIM_CCxChannelCmd
 *fill*         0x0800eca2        0x2 
 .text.HAL_TIMEx_MasterConfigSynchronization
                0x0800eca4      0x138 ./Drivers/STM32H7xx_HAL_Driver/Src/stm32h7xx_hal_tim_ex.o
                0x0800eca4                HAL_TIMEx_MasterConfigSynchronization
 .text.LL_GPIO_SetPinMode
                0x0800eddc       0x40 ./Drivers/STM32H7xx_HAL_Driver/Src/stm32h7xx_ll_gpio.o
 .text.LL_GPIO_SetPinOutputType
                0x0800ee1c       0x30 ./Drivers/STM32H7xx_HAL_Driver/Src/stm32h7xx_ll_gpio.o
 .text.LL_GPIO_SetPinSpeed
                0x0800ee4c       0x40 ./Drivers/STM32H7xx_HAL_Driver/Src/stm32h7xx_ll_gpio.o
 .text.LL_GPIO_SetPinPull
                0x0800ee8c       0x40 ./Drivers/STM32H7xx_HAL_Driver/Src/stm32h7xx_ll_gpio.o
 .text.LL_GPIO_SetAFPin_0_7
                0x0800eecc       0x58 ./Drivers/STM32H7xx_HAL_Driver/Src/stm32h7xx_ll_gpio.o
 .text.LL_GPIO_SetAFPin_8_15
                0x0800ef24       0x6c ./Drivers/STM32H7xx_HAL_Driver/Src/stm32h7xx_ll_gpio.o
 .text.LL_GPIO_Init
                0x0800ef90       0xdc ./Drivers/STM32H7xx_HAL_Driver/Src/stm32h7xx_ll_gpio.o
                0x0800ef90                LL_GPIO_Init
 .text.LL_RCC_HSE_IsReady
                0x0800f06c       0x28 ./Drivers/STM32H7xx_HAL_Driver/Src/stm32h7xx_ll_rcc.o
 .text.LL_RCC_HSI_IsReady
                0x0800f094       0x24 ./Drivers/STM32H7xx_HAL_Driver/Src/stm32h7xx_ll_rcc.o
 .text.LL_RCC_HSI_GetDivider
                0x0800f0b8       0x1c ./Drivers/STM32H7xx_HAL_Driver/Src/stm32h7xx_ll_rcc.o
 .text.LL_RCC_CSI_IsReady
                0x0800f0d4       0x28 ./Drivers/STM32H7xx_HAL_Driver/Src/stm32h7xx_ll_rcc.o
 .text.LL_RCC_LSE_IsReady
                0x0800f0fc       0x24 ./Drivers/STM32H7xx_HAL_Driver/Src/stm32h7xx_ll_rcc.o
 .text.LL_RCC_GetSysClkSource
                0x0800f120       0x1c ./Drivers/STM32H7xx_HAL_Driver/Src/stm32h7xx_ll_rcc.o
 .text.LL_RCC_GetSysPrescaler
                0x0800f13c       0x1c ./Drivers/STM32H7xx_HAL_Driver/Src/stm32h7xx_ll_rcc.o
 .text.LL_RCC_GetAHBPrescaler
                0x0800f158       0x1c ./Drivers/STM32H7xx_HAL_Driver/Src/stm32h7xx_ll_rcc.o
 .text.LL_RCC_GetAPB1Prescaler
                0x0800f174       0x1c ./Drivers/STM32H7xx_HAL_Driver/Src/stm32h7xx_ll_rcc.o
 .text.LL_RCC_GetAPB2Prescaler
                0x0800f190       0x1c ./Drivers/STM32H7xx_HAL_Driver/Src/stm32h7xx_ll_rcc.o
 .text.LL_RCC_GetClockSource
                0x0800f1ac       0x4c ./Drivers/STM32H7xx_HAL_Driver/Src/stm32h7xx_ll_rcc.o
 .text.LL_RCC_GetUSARTClockSource
                0x0800f1f8       0x18 ./Drivers/STM32H7xx_HAL_Driver/Src/stm32h7xx_ll_rcc.o
 .text.LL_RCC_PLL_GetSource
                0x0800f210       0x1c ./Drivers/STM32H7xx_HAL_Driver/Src/stm32h7xx_ll_rcc.o
 .text.LL_RCC_PLL1P_IsEnabled
                0x0800f22c       0x28 ./Drivers/STM32H7xx_HAL_Driver/Src/stm32h7xx_ll_rcc.o
 .text.LL_RCC_PLL1Q_IsEnabled
                0x0800f254       0x28 ./Drivers/STM32H7xx_HAL_Driver/Src/stm32h7xx_ll_rcc.o
 .text.LL_RCC_PLL1R_IsEnabled
                0x0800f27c       0x28 ./Drivers/STM32H7xx_HAL_Driver/Src/stm32h7xx_ll_rcc.o
 .text.LL_RCC_PLL1FRACN_IsEnabled
                0x0800f2a4       0x24 ./Drivers/STM32H7xx_HAL_Driver/Src/stm32h7xx_ll_rcc.o
 .text.LL_RCC_PLL1_GetN
                0x0800f2c8       0x1c ./Drivers/STM32H7xx_HAL_Driver/Src/stm32h7xx_ll_rcc.o
 .text.LL_RCC_PLL1_GetM
                0x0800f2e4       0x1c ./Drivers/STM32H7xx_HAL_Driver/Src/stm32h7xx_ll_rcc.o
 .text.LL_RCC_PLL1_GetP
                0x0800f300       0x20 ./Drivers/STM32H7xx_HAL_Driver/Src/stm32h7xx_ll_rcc.o
 .text.LL_RCC_PLL1_GetQ
                0x0800f320       0x20 ./Drivers/STM32H7xx_HAL_Driver/Src/stm32h7xx_ll_rcc.o
 .text.LL_RCC_PLL1_GetR
                0x0800f340       0x20 ./Drivers/STM32H7xx_HAL_Driver/Src/stm32h7xx_ll_rcc.o
 .text.LL_RCC_PLL1_GetFRACN
                0x0800f360       0x1c ./Drivers/STM32H7xx_HAL_Driver/Src/stm32h7xx_ll_rcc.o
 .text.LL_RCC_PLL2_IsReady
                0x0800f37c       0x28 ./Drivers/STM32H7xx_HAL_Driver/Src/stm32h7xx_ll_rcc.o
 .text.LL_RCC_PLL2P_IsEnabled
                0x0800f3a4       0x28 ./Drivers/STM32H7xx_HAL_Driver/Src/stm32h7xx_ll_rcc.o
 .text.LL_RCC_PLL2Q_IsEnabled
                0x0800f3cc       0x28 ./Drivers/STM32H7xx_HAL_Driver/Src/stm32h7xx_ll_rcc.o
 .text.LL_RCC_PLL2R_IsEnabled
                0x0800f3f4       0x28 ./Drivers/STM32H7xx_HAL_Driver/Src/stm32h7xx_ll_rcc.o
 .text.LL_RCC_PLL2FRACN_IsEnabled
                0x0800f41c       0x24 ./Drivers/STM32H7xx_HAL_Driver/Src/stm32h7xx_ll_rcc.o
 .text.LL_RCC_PLL2_GetN
                0x0800f440       0x1c ./Drivers/STM32H7xx_HAL_Driver/Src/stm32h7xx_ll_rcc.o
 .text.LL_RCC_PLL2_GetM
                0x0800f45c       0x1c ./Drivers/STM32H7xx_HAL_Driver/Src/stm32h7xx_ll_rcc.o
 .text.LL_RCC_PLL2_GetP
                0x0800f478       0x20 ./Drivers/STM32H7xx_HAL_Driver/Src/stm32h7xx_ll_rcc.o
 .text.LL_RCC_PLL2_GetQ
                0x0800f498       0x20 ./Drivers/STM32H7xx_HAL_Driver/Src/stm32h7xx_ll_rcc.o
 .text.LL_RCC_PLL2_GetR
                0x0800f4b8       0x20 ./Drivers/STM32H7xx_HAL_Driver/Src/stm32h7xx_ll_rcc.o
 .text.LL_RCC_PLL2_GetFRACN
                0x0800f4d8       0x1c ./Drivers/STM32H7xx_HAL_Driver/Src/stm32h7xx_ll_rcc.o
 .text.LL_RCC_PLL3_IsReady
                0x0800f4f4       0x28 ./Drivers/STM32H7xx_HAL_Driver/Src/stm32h7xx_ll_rcc.o
 .text.LL_RCC_PLL3P_IsEnabled
                0x0800f51c       0x28 ./Drivers/STM32H7xx_HAL_Driver/Src/stm32h7xx_ll_rcc.o
 .text.LL_RCC_PLL3Q_IsEnabled
                0x0800f544       0x28 ./Drivers/STM32H7xx_HAL_Driver/Src/stm32h7xx_ll_rcc.o
 .text.LL_RCC_PLL3R_IsEnabled
                0x0800f56c       0x28 ./Drivers/STM32H7xx_HAL_Driver/Src/stm32h7xx_ll_rcc.o
 .text.LL_RCC_PLL3FRACN_IsEnabled
                0x0800f594       0x28 ./Drivers/STM32H7xx_HAL_Driver/Src/stm32h7xx_ll_rcc.o
 .text.LL_RCC_PLL3_GetN
                0x0800f5bc       0x1c ./Drivers/STM32H7xx_HAL_Driver/Src/stm32h7xx_ll_rcc.o
 .text.LL_RCC_PLL3_GetM
                0x0800f5d8       0x1c ./Drivers/STM32H7xx_HAL_Driver/Src/stm32h7xx_ll_rcc.o
 .text.LL_RCC_PLL3_GetP
                0x0800f5f4       0x20 ./Drivers/STM32H7xx_HAL_Driver/Src/stm32h7xx_ll_rcc.o
 .text.LL_RCC_PLL3_GetQ
                0x0800f614       0x20 ./Drivers/STM32H7xx_HAL_Driver/Src/stm32h7xx_ll_rcc.o
 .text.LL_RCC_PLL3_GetR
                0x0800f634       0x20 ./Drivers/STM32H7xx_HAL_Driver/Src/stm32h7xx_ll_rcc.o
 .text.LL_RCC_PLL3_GetFRACN
                0x0800f654       0x1c ./Drivers/STM32H7xx_HAL_Driver/Src/stm32h7xx_ll_rcc.o
 .text.LL_RCC_GetPLL1ClockFreq
                0x0800f670      0x130 ./Drivers/STM32H7xx_HAL_Driver/Src/stm32h7xx_ll_rcc.o
                0x0800f670                LL_RCC_GetPLL1ClockFreq
 .text.LL_RCC_GetPLL2ClockFreq
                0x0800f7a0      0x130 ./Drivers/STM32H7xx_HAL_Driver/Src/stm32h7xx_ll_rcc.o
                0x0800f7a0                LL_RCC_GetPLL2ClockFreq
 .text.LL_RCC_GetPLL3ClockFreq
                0x0800f8d0      0x134 ./Drivers/STM32H7xx_HAL_Driver/Src/stm32h7xx_ll_rcc.o
                0x0800f8d0                LL_RCC_GetPLL3ClockFreq
 .text.LL_RCC_CalcPLLClockFreq
                0x0800fa04       0x80 ./Drivers/STM32H7xx_HAL_Driver/Src/stm32h7xx_ll_rcc.o
                0x0800fa04                LL_RCC_CalcPLLClockFreq
 .text.LL_RCC_GetUSARTClockFreq
                0x0800fa84      0x1dc ./Drivers/STM32H7xx_HAL_Driver/Src/stm32h7xx_ll_rcc.o
                0x0800fa84                LL_RCC_GetUSARTClockFreq
 .text.RCC_GetSystemClockFreq
                0x0800fc60       0xc4 ./Drivers/STM32H7xx_HAL_Driver/Src/stm32h7xx_ll_rcc.o
 .text.RCC_GetHCLKClockFreq
                0x0800fd24       0x2c ./Drivers/STM32H7xx_HAL_Driver/Src/stm32h7xx_ll_rcc.o
 .text.RCC_GetPCLK1ClockFreq
                0x0800fd50       0x30 ./Drivers/STM32H7xx_HAL_Driver/Src/stm32h7xx_ll_rcc.o
 .text.RCC_GetPCLK2ClockFreq
                0x0800fd80       0x30 ./Drivers/STM32H7xx_HAL_Driver/Src/stm32h7xx_ll_rcc.o
 .text.LL_SPI_IsEnabled
                0x0800fdb0       0x26 ./Drivers/STM32H7xx_HAL_Driver/Src/stm32h7xx_ll_spi.o
 .text.LL_SPI_SetInternalSSLevel
                0x0800fdd6       0x26 ./Drivers/STM32H7xx_HAL_Driver/Src/stm32h7xx_ll_spi.o
 .text.LL_SPI_GetNSSPolarity
                0x0800fdfc       0x1c ./Drivers/STM32H7xx_HAL_Driver/Src/stm32h7xx_ll_spi.o
 .text.LL_SPI_SetCRCPolynomial
                0x0800fe18       0x1c ./Drivers/STM32H7xx_HAL_Driver/Src/stm32h7xx_ll_spi.o
 .text.LL_SPI_Init
                0x0800fe34       0xfc ./Drivers/STM32H7xx_HAL_Driver/Src/stm32h7xx_ll_spi.o
                0x0800fe34                LL_SPI_Init
 .text.LL_TIM_SetPrescaler
                0x0800ff30       0x1c ./Drivers/STM32H7xx_HAL_Driver/Src/stm32h7xx_ll_tim.o
 .text.LL_TIM_SetAutoReload
                0x0800ff4c       0x1c ./Drivers/STM32H7xx_HAL_Driver/Src/stm32h7xx_ll_tim.o
 .text.LL_TIM_SetRepetitionCounter
                0x0800ff68       0x1c ./Drivers/STM32H7xx_HAL_Driver/Src/stm32h7xx_ll_tim.o
 .text.LL_TIM_OC_SetCompareCH1
                0x0800ff84       0x1c ./Drivers/STM32H7xx_HAL_Driver/Src/stm32h7xx_ll_tim.o
 .text.LL_TIM_OC_SetCompareCH2
                0x0800ffa0       0x1c ./Drivers/STM32H7xx_HAL_Driver/Src/stm32h7xx_ll_tim.o
 .text.LL_TIM_OC_SetCompareCH3
                0x0800ffbc       0x1c ./Drivers/STM32H7xx_HAL_Driver/Src/stm32h7xx_ll_tim.o
 .text.LL_TIM_OC_SetCompareCH4
                0x0800ffd8       0x1c ./Drivers/STM32H7xx_HAL_Driver/Src/stm32h7xx_ll_tim.o
 .text.LL_TIM_OC_SetCompareCH5
                0x0800fff4       0x20 ./Drivers/STM32H7xx_HAL_Driver/Src/stm32h7xx_ll_tim.o
 .text.LL_TIM_OC_SetCompareCH6
                0x08010014       0x1c ./Drivers/STM32H7xx_HAL_Driver/Src/stm32h7xx_ll_tim.o
 .text.LL_TIM_GenerateEvent_UPDATE
                0x08010030       0x20 ./Drivers/STM32H7xx_HAL_Driver/Src/stm32h7xx_ll_tim.o
 .text.LL_TIM_Init
                0x08010050      0x140 ./Drivers/STM32H7xx_HAL_Driver/Src/stm32h7xx_ll_tim.o
                0x08010050                LL_TIM_Init
 .text.LL_TIM_OC_Init
                0x08010190       0xbe ./Drivers/STM32H7xx_HAL_Driver/Src/stm32h7xx_ll_tim.o
                0x08010190                LL_TIM_OC_Init
 *fill*         0x0801024e        0x2 
 .text.OC1Config
                0x08010250      0x100 ./Drivers/STM32H7xx_HAL_Driver/Src/stm32h7xx_ll_tim.o
 .text.OC2Config
                0x08010350      0x108 ./Drivers/STM32H7xx_HAL_Driver/Src/stm32h7xx_ll_tim.o
 .text.OC3Config
                0x08010458      0x108 ./Drivers/STM32H7xx_HAL_Driver/Src/stm32h7xx_ll_tim.o
 .text.OC4Config
                0x08010560       0xd8 ./Drivers/STM32H7xx_HAL_Driver/Src/stm32h7xx_ll_tim.o
 .text.OC5Config
                0x08010638       0xc8 ./Drivers/STM32H7xx_HAL_Driver/Src/stm32h7xx_ll_tim.o
 .text.OC6Config
                0x08010700       0xc8 ./Drivers/STM32H7xx_HAL_Driver/Src/stm32h7xx_ll_tim.o
 .text.LL_USART_IsEnabled
                0x080107c8       0x26 ./Drivers/STM32H7xx_HAL_Driver/Src/stm32h7xx_ll_usart.o
 .text.LL_USART_SetPrescaler
                0x080107ee       0x28 ./Drivers/STM32H7xx_HAL_Driver/Src/stm32h7xx_ll_usart.o
 .text.LL_USART_SetStopBitsLength
                0x08010816       0x26 ./Drivers/STM32H7xx_HAL_Driver/Src/stm32h7xx_ll_usart.o
 .text.LL_USART_SetHWFlowCtrl
                0x0801083c       0x26 ./Drivers/STM32H7xx_HAL_Driver/Src/stm32h7xx_ll_usart.o
 *fill*         0x08010862        0x2 
 .text.LL_USART_SetBaudRate
                0x08010864       0xa0 ./Drivers/STM32H7xx_HAL_Driver/Src/stm32h7xx_ll_usart.o
 .text.LL_USART_Init
                0x08010904      0x184 ./Drivers/STM32H7xx_HAL_Driver/Src/stm32h7xx_ll_usart.o
                0x08010904                LL_USART_Init
 .text.__cvt    0x08010a88       0xa8 /opt/st/stm32cubeide_1.19.0/plugins/com.st.stm32cube.ide.mcu.externaltools.gnu-tools-for-stm32.13.3.rel1.linux64_1.0.0.202410170706/tools/bin/../lib/gcc/arm-none-eabi/13.3.1/../../../../arm-none-eabi/lib/thumb/v7e-m+dp/hard/libc_nano.a(libc_a-nano-vfprintf_float.o)
                0x08010a88                __cvt
 .text.__exponent
                0x08010b30       0x74 /opt/st/stm32cubeide_1.19.0/plugins/com.st.stm32cube.ide.mcu.externaltools.gnu-tools-for-stm32.13.3.rel1.linux64_1.0.0.202410170706/tools/bin/../lib/gcc/arm-none-eabi/13.3.1/../../../../arm-none-eabi/lib/thumb/v7e-m+dp/hard/libc_nano.a(libc_a-nano-vfprintf_float.o)
                0x08010b30                __exponent
 *fill*         0x08010ba4        0x4 
 .text._printf_float
                0x08010ba8      0x434 /opt/st/stm32cubeide_1.19.0/plugins/com.st.stm32cube.ide.mcu.externaltools.gnu-tools-for-stm32.13.3.rel1.linux64_1.0.0.202410170706/tools/bin/../lib/gcc/arm-none-eabi/13.3.1/../../../../arm-none-eabi/lib/thumb/v7e-m+dp/hard/libc_nano.a(libc_a-nano-vfprintf_float.o)
                0x08010ba8                _printf_float
 .text._printf_common
                0x08010fdc       0xda /opt/st/stm32cubeide_1.19.0/plugins/com.st.stm32cube.ide.mcu.externaltools.gnu-tools-for-stm32.13.3.rel1.linux64_1.0.0.202410170706/tools/bin/../lib/gcc/arm-none-eabi/13.3.1/../../../../arm-none-eabi/lib/thumb/v7e-m+dp/hard/libc_nano.a(libc_a-nano-vfprintf_i.o)
                0x08010fdc                _printf_common
 *fill*         0x080110b6        0x2 
 .text._printf_i
                0x080110b8      0x23c /opt/st/stm32cubeide_1.19.0/plugins/com.st.stm32cube.ide.mcu.externaltools.gnu-tools-for-stm32.13.3.rel1.linux64_1.0.0.202410170706/tools/bin/../lib/gcc/arm-none-eabi/13.3.1/../../../../arm-none-eabi/lib/thumb/v7e-m+dp/hard/libc_nano.a(libc_a-nano-vfprintf_i.o)
                0x080110b8                _printf_i
 .text._scanf_float
                0x080112f4      0x40c /opt/st/stm32cubeide_1.19.0/plugins/com.st.stm32cube.ide.mcu.externaltools.gnu-tools-for-stm32.13.3.rel1.linux64_1.0.0.202410170706/tools/bin/../lib/gcc/arm-none-eabi/13.3.1/../../../../arm-none-eabi/lib/thumb/v7e-m+dp/hard/libc_nano.a(libc_a-nano-vfscanf_float.o)
                0x080112f4                _scanf_float
 .text.std      0x08011700       0x6c /opt/st/stm32cubeide_1.19.0/plugins/com.st.stm32cube.ide.mcu.externaltools.gnu-tools-for-stm32.13.3.rel1.linux64_1.0.0.202410170706/tools/bin/../lib/gcc/arm-none-eabi/13.3.1/../../../../arm-none-eabi/lib/thumb/v7e-m+dp/hard/libc_nano.a(libc_a-findfp.o)
 .text.stdio_exit_handler
                0x0801176c       0x18 /opt/st/stm32cubeide_1.19.0/plugins/com.st.stm32cube.ide.mcu.externaltools.gnu-tools-for-stm32.13.3.rel1.linux64_1.0.0.202410170706/tools/bin/../lib/gcc/arm-none-eabi/13.3.1/../../../../arm-none-eabi/lib/thumb/v7e-m+dp/hard/libc_nano.a(libc_a-findfp.o)
 .text.cleanup_stdio
                0x08011784       0x40 /opt/st/stm32cubeide_1.19.0/plugins/com.st.stm32cube.ide.mcu.externaltools.gnu-tools-for-stm32.13.3.rel1.linux64_1.0.0.202410170706/tools/bin/../lib/gcc/arm-none-eabi/13.3.1/../../../../arm-none-eabi/lib/thumb/v7e-m+dp/hard/libc_nano.a(libc_a-findfp.o)
 .text.global_stdio_init.part.0
                0x080117c4       0x3c /opt/st/stm32cubeide_1.19.0/plugins/com.st.stm32cube.ide.mcu.externaltools.gnu-tools-for-stm32.13.3.rel1.linux64_1.0.0.202410170706/tools/bin/../lib/gcc/arm-none-eabi/13.3.1/../../../../arm-none-eabi/lib/thumb/v7e-m+dp/hard/libc_nano.a(libc_a-findfp.o)
 .text.__sfp_lock_acquire
                0x08011800        0xc /opt/st/stm32cubeide_1.19.0/plugins/com.st.stm32cube.ide.mcu.externaltools.gnu-tools-for-stm32.13.3.rel1.linux64_1.0.0.202410170706/tools/bin/../lib/gcc/arm-none-eabi/13.3.1/../../../../arm-none-eabi/lib/thumb/v7e-m+dp/hard/libc_nano.a(libc_a-findfp.o)
                0x08011800                __sfp_lock_acquire
 .text.__sfp_lock_release
                0x0801180c        0xc /opt/st/stm32cubeide_1.19.0/plugins/com.st.stm32cube.ide.mcu.externaltools.gnu-tools-for-stm32.13.3.rel1.linux64_1.0.0.202410170706/tools/bin/../lib/gcc/arm-none-eabi/13.3.1/../../../../arm-none-eabi/lib/thumb/v7e-m+dp/hard/libc_nano.a(libc_a-findfp.o)
                0x0801180c                __sfp_lock_release
 .text.__sinit  0x08011818       0x30 /opt/st/stm32cubeide_1.19.0/plugins/com.st.stm32cube.ide.mcu.externaltools.gnu-tools-for-stm32.13.3.rel1.linux64_1.0.0.202410170706/tools/bin/../lib/gcc/arm-none-eabi/13.3.1/../../../../arm-none-eabi/lib/thumb/v7e-m+dp/hard/libc_nano.a(libc_a-findfp.o)
                0x08011818                __sinit
 .text._fwalk_sglue
                0x08011848       0x3c /opt/st/stm32cubeide_1.19.0/plugins/com.st.stm32cube.ide.mcu.externaltools.gnu-tools-for-stm32.13.3.rel1.linux64_1.0.0.202410170706/tools/bin/../lib/gcc/arm-none-eabi/13.3.1/../../../../arm-none-eabi/lib/thumb/v7e-m+dp/hard/libc_nano.a(libc_a-fwalk.o)
                0x08011848                _fwalk_sglue
 .text.printf   0x08011884       0x24 /opt/st/stm32cubeide_1.19.0/plugins/com.st.stm32cube.ide.mcu.externaltools.gnu-tools-for-stm32.13.3.rel1.linux64_1.0.0.202410170706/tools/bin/../lib/gcc/arm-none-eabi/13.3.1/../../../../arm-none-eabi/lib/thumb/v7e-m+dp/hard/libc_nano.a(libc_a-printf.o)
                0x08011884                printf
                0x08011884                iprintf
 .text.putchar  0x080118a8       0x10 /opt/st/stm32cubeide_1.19.0/plugins/com.st.stm32cube.ide.mcu.externaltools.gnu-tools-for-stm32.13.3.rel1.linux64_1.0.0.202410170706/tools/bin/../lib/gcc/arm-none-eabi/13.3.1/../../../../arm-none-eabi/lib/thumb/v7e-m+dp/hard/libc_nano.a(libc_a-putchar.o)
                0x080118a8                putchar
 .text._puts_r  0x080118b8       0xaa /opt/st/stm32cubeide_1.19.0/plugins/com.st.stm32cube.ide.mcu.externaltools.gnu-tools-for-stm32.13.3.rel1.linux64_1.0.0.202410170706/tools/bin/../lib/gcc/arm-none-eabi/13.3.1/../../../../arm-none-eabi/lib/thumb/v7e-m+dp/hard/libc_nano.a(libc_a-puts.o)
                0x080118b8                _puts_r
 *fill*         0x08011962        0x2 
 .text.puts     0x08011964       0x10 /opt/st/stm32cubeide_1.19.0/plugins/com.st.stm32cube.ide.mcu.externaltools.gnu-tools-for-stm32.13.3.rel1.linux64_1.0.0.202410170706/tools/bin/../lib/gcc/arm-none-eabi/13.3.1/../../../../arm-none-eabi/lib/thumb/v7e-m+dp/hard/libc_nano.a(libc_a-puts.o)
                0x08011964                puts
 .text.sprintf  0x08011974       0x44 /opt/st/stm32cubeide_1.19.0/plugins/com.st.stm32cube.ide.mcu.externaltools.gnu-tools-for-stm32.13.3.rel1.linux64_1.0.0.202410170706/tools/bin/../lib/gcc/arm-none-eabi/13.3.1/../../../../arm-none-eabi/lib/thumb/v7e-m+dp/hard/libc_nano.a(libc_a-sprintf.o)
                0x08011974                sprintf
                0x08011974                siprintf
 .text.sscanf   0x080119b8       0x58 /opt/st/stm32cubeide_1.19.0/plugins/com.st.stm32cube.ide.mcu.externaltools.gnu-tools-for-stm32.13.3.rel1.linux64_1.0.0.202410170706/tools/bin/../lib/gcc/arm-none-eabi/13.3.1/../../../../arm-none-eabi/lib/thumb/v7e-m+dp/hard/libc_nano.a(libc_a-sscanf.o)
                0x080119b8                sscanf
                0x080119b8                siscanf
 .text.__sread  0x08011a10       0x22 /opt/st/stm32cubeide_1.19.0/plugins/com.st.stm32cube.ide.mcu.externaltools.gnu-tools-for-stm32.13.3.rel1.linux64_1.0.0.202410170706/tools/bin/../lib/gcc/arm-none-eabi/13.3.1/../../../../arm-none-eabi/lib/thumb/v7e-m+dp/hard/libc_nano.a(libc_a-stdio.o)
                0x08011a10                __sread
 .text.__seofread
                0x08011a32        0x4 /opt/st/stm32cubeide_1.19.0/plugins/com.st.stm32cube.ide.mcu.externaltools.gnu-tools-for-stm32.13.3.rel1.linux64_1.0.0.202410170706/tools/bin/../lib/gcc/arm-none-eabi/13.3.1/../../../../arm-none-eabi/lib/thumb/v7e-m+dp/hard/libc_nano.a(libc_a-stdio.o)
                0x08011a32                __seofread
 .text.__swrite
                0x08011a36       0x38 /opt/st/stm32cubeide_1.19.0/plugins/com.st.stm32cube.ide.mcu.externaltools.gnu-tools-for-stm32.13.3.rel1.linux64_1.0.0.202410170706/tools/bin/../lib/gcc/arm-none-eabi/13.3.1/../../../../arm-none-eabi/lib/thumb/v7e-m+dp/hard/libc_nano.a(libc_a-stdio.o)
                0x08011a36                __swrite
 .text.__sseek  0x08011a6e       0x24 /opt/st/stm32cubeide_1.19.0/plugins/com.st.stm32cube.ide.mcu.externaltools.gnu-tools-for-stm32.13.3.rel1.linux64_1.0.0.202410170706/tools/bin/../lib/gcc/arm-none-eabi/13.3.1/../../../../arm-none-eabi/lib/thumb/v7e-m+dp/hard/libc_nano.a(libc_a-stdio.o)
                0x08011a6e                __sseek
 .text.__sclose
                0x08011a92        0x8 /opt/st/stm32cubeide_1.19.0/plugins/com.st.stm32cube.ide.mcu.externaltools.gnu-tools-for-stm32.13.3.rel1.linux64_1.0.0.202410170706/tools/bin/../lib/gcc/arm-none-eabi/13.3.1/../../../../arm-none-eabi/lib/thumb/v7e-m+dp/hard/libc_nano.a(libc_a-stdio.o)
                0x08011a92                __sclose
 .text.__swbuf_r
                0x08011a9a       0x7c /opt/st/stm32cubeide_1.19.0/plugins/com.st.stm32cube.ide.mcu.externaltools.gnu-tools-for-stm32.13.3.rel1.linux64_1.0.0.202410170706/tools/bin/../lib/gcc/arm-none-eabi/13.3.1/../../../../arm-none-eabi/lib/thumb/v7e-m+dp/hard/libc_nano.a(libc_a-wbuf.o)
                0x08011a9a                __swbuf_r
 *fill*         0x08011b16        0x2 
 .text.__swsetup_r
                0x08011b18       0xac /opt/st/stm32cubeide_1.19.0/plugins/com.st.stm32cube.ide.mcu.externaltools.gnu-tools-for-stm32.13.3.rel1.linux64_1.0.0.202410170706/tools/bin/../lib/gcc/arm-none-eabi/13.3.1/../../../../arm-none-eabi/lib/thumb/v7e-m+dp/hard/libc_nano.a(libc_a-wsetup.o)
                0x08011b18                __swsetup_r
 .text.memmove  0x08011bc4       0x34 /opt/st/stm32cubeide_1.19.0/plugins/com.st.stm32cube.ide.mcu.externaltools.gnu-tools-for-stm32.13.3.rel1.linux64_1.0.0.202410170706/tools/bin/../lib/gcc/arm-none-eabi/13.3.1/../../../../arm-none-eabi/lib/thumb/v7e-m+dp/hard/libc_nano.a(libc_a-memmove.o)
                0x08011bc4                memmove
 .text.memset   0x08011bf8       0x10 /opt/st/stm32cubeide_1.19.0/plugins/com.st.stm32cube.ide.mcu.externaltools.gnu-tools-for-stm32.13.3.rel1.linux64_1.0.0.202410170706/tools/bin/../lib/gcc/arm-none-eabi/13.3.1/../../../../arm-none-eabi/lib/thumb/v7e-m+dp/hard/libc_nano.a(libc_a-memset.o)
                0x08011bf8                memset
 .text.strchr   0x08011c08       0x1a /opt/st/stm32cubeide_1.19.0/plugins/com.st.stm32cube.ide.mcu.externaltools.gnu-tools-for-stm32.13.3.rel1.linux64_1.0.0.202410170706/tools/bin/../lib/gcc/arm-none-eabi/13.3.1/../../../../arm-none-eabi/lib/thumb/v7e-m+dp/hard/libc_nano.a(libc_a-strchr.o)
                0x08011c08                strchr
 .text.strncmp  0x08011c22       0x24 /opt/st/stm32cubeide_1.19.0/plugins/com.st.stm32cube.ide.mcu.externaltools.gnu-tools-for-stm32.13.3.rel1.linux64_1.0.0.202410170706/tools/bin/../lib/gcc/arm-none-eabi/13.3.1/../../../../arm-none-eabi/lib/thumb/v7e-m+dp/hard/libc_nano.a(libc_a-strncmp.o)
                0x08011c22                strncmp
 *fill*         0x08011c46        0x2 
 .text._localeconv_r
                0x08011c48        0x8 /opt/st/stm32cubeide_1.19.0/plugins/com.st.stm32cube.ide.mcu.externaltools.gnu-tools-for-stm32.13.3.rel1.linux64_1.0.0.202410170706/tools/bin/../lib/gcc/arm-none-eabi/13.3.1/../../../../arm-none-eabi/lib/thumb/v7e-m+dp/hard/libc_nano.a(libc_a-localeconv.o)
                0x08011c48                _localeconv_r
 .text._close_r
                0x08011c50       0x20 /opt/st/stm32cubeide_1.19.0/plugins/com.st.stm32cube.ide.mcu.externaltools.gnu-tools-for-stm32.13.3.rel1.linux64_1.0.0.202410170706/tools/bin/../lib/gcc/arm-none-eabi/13.3.1/../../../../arm-none-eabi/lib/thumb/v7e-m+dp/hard/libc_nano.a(libc_a-closer.o)
                0x08011c50                _close_r
 .text._lseek_r
                0x08011c70       0x24 /opt/st/stm32cubeide_1.19.0/plugins/com.st.stm32cube.ide.mcu.externaltools.gnu-tools-for-stm32.13.3.rel1.linux64_1.0.0.202410170706/tools/bin/../lib/gcc/arm-none-eabi/13.3.1/../../../../arm-none-eabi/lib/thumb/v7e-m+dp/hard/libc_nano.a(libc_a-lseekr.o)
                0x08011c70                _lseek_r
 .text._read_r  0x08011c94       0x24 /opt/st/stm32cubeide_1.19.0/plugins/com.st.stm32cube.ide.mcu.externaltools.gnu-tools-for-stm32.13.3.rel1.linux64_1.0.0.202410170706/tools/bin/../lib/gcc/arm-none-eabi/13.3.1/../../../../arm-none-eabi/lib/thumb/v7e-m+dp/hard/libc_nano.a(libc_a-readr.o)
                0x08011c94                _read_r
 .text._write_r
                0x08011cb8       0x24 /opt/st/stm32cubeide_1.19.0/plugins/com.st.stm32cube.ide.mcu.externaltools.gnu-tools-for-stm32.13.3.rel1.linux64_1.0.0.202410170706/tools/bin/../lib/gcc/arm-none-eabi/13.3.1/../../../../arm-none-eabi/lib/thumb/v7e-m+dp/hard/libc_nano.a(libc_a-writer.o)
                0x08011cb8                _write_r
 .text.__errno  0x08011cdc        0xc /opt/st/stm32cubeide_1.19.0/plugins/com.st.stm32cube.ide.mcu.externaltools.gnu-tools-for-stm32.13.3.rel1.linux64_1.0.0.202410170706/tools/bin/../lib/gcc/arm-none-eabi/13.3.1/../../../../arm-none-eabi/lib/thumb/v7e-m+dp/hard/libc_nano.a(libc_a-errno.o)
                0x08011cdc                __errno
 .text.__libc_init_array
                0x08011ce8       0x48 /opt/st/stm32cubeide_1.19.0/plugins/com.st.stm32cube.ide.mcu.externaltools.gnu-tools-for-stm32.13.3.rel1.linux64_1.0.0.202410170706/tools/bin/../lib/gcc/arm-none-eabi/13.3.1/../../../../arm-none-eabi/lib/thumb/v7e-m+dp/hard/libc_nano.a(libc_a-init.o)
                0x08011ce8                __libc_init_array
 .text.__retarget_lock_init_recursive
                0x08011d30        0x2 /opt/st/stm32cubeide_1.19.0/plugins/com.st.stm32cube.ide.mcu.externaltools.gnu-tools-for-stm32.13.3.rel1.linux64_1.0.0.202410170706/tools/bin/../lib/gcc/arm-none-eabi/13.3.1/../../../../arm-none-eabi/lib/thumb/v7e-m+dp/hard/libc_nano.a(libc_a-lock.o)
                0x08011d30                __retarget_lock_init_recursive
 .text.__retarget_lock_acquire_recursive
                0x08011d32        0x2 /opt/st/stm32cubeide_1.19.0/plugins/com.st.stm32cube.ide.mcu.externaltools.gnu-tools-for-stm32.13.3.rel1.linux64_1.0.0.202410170706/tools/bin/../lib/gcc/arm-none-eabi/13.3.1/../../../../arm-none-eabi/lib/thumb/v7e-m+dp/hard/libc_nano.a(libc_a-lock.o)
                0x08011d32                __retarget_lock_acquire_recursive
 .text.__retarget_lock_release_recursive
                0x08011d34        0x2 /opt/st/stm32cubeide_1.19.0/plugins/com.st.stm32cube.ide.mcu.externaltools.gnu-tools-for-stm32.13.3.rel1.linux64_1.0.0.202410170706/tools/bin/../lib/gcc/arm-none-eabi/13.3.1/../../../../arm-none-eabi/lib/thumb/v7e-m+dp/hard/libc_nano.a(libc_a-lock.o)
                0x08011d34                __retarget_lock_release_recursive
 .text.memcpy   0x08011d36       0x1c /opt/st/stm32cubeide_1.19.0/plugins/com.st.stm32cube.ide.mcu.externaltools.gnu-tools-for-stm32.13.3.rel1.linux64_1.0.0.202410170706/tools/bin/../lib/gcc/arm-none-eabi/13.3.1/../../../../arm-none-eabi/lib/thumb/v7e-m+dp/hard/libc_nano.a(libc_a-memcpy-stub.o)
                0x08011d36                memcpy
 *fill*         0x08011d52        0x2 
 .text.nanf     0x08011d54        0xc /opt/st/stm32cubeide_1.19.0/plugins/com.st.stm32cube.ide.mcu.externaltools.gnu-tools-for-stm32.13.3.rel1.linux64_1.0.0.202410170706/tools/bin/../lib/gcc/arm-none-eabi/13.3.1/../../../../arm-none-eabi/lib/thumb/v7e-m+dp/hard/libc_nano.a(libm_a-sf_nan.o)
                0x08011d54                nanf
 .text.quorem   0x08011d60      0x110 /opt/st/stm32cubeide_1.19.0/plugins/com.st.stm32cube.ide.mcu.externaltools.gnu-tools-for-stm32.13.3.rel1.linux64_1.0.0.202410170706/tools/bin/../lib/gcc/arm-none-eabi/13.3.1/../../../../arm-none-eabi/lib/thumb/v7e-m+dp/hard/libc_nano.a(libc_a-dtoa.o)
 .text._dtoa_r  0x08011e70      0xabc /opt/st/stm32cubeide_1.19.0/plugins/com.st.stm32cube.ide.mcu.externaltools.gnu-tools-for-stm32.13.3.rel1.linux64_1.0.0.202410170706/tools/bin/../lib/gcc/arm-none-eabi/13.3.1/../../../../arm-none-eabi/lib/thumb/v7e-m+dp/hard/libc_nano.a(libc_a-dtoa.o)
                0x08011e70                _dtoa_r
 .text._free_r  0x0801292c       0x94 /opt/st/stm32cubeide_1.19.0/plugins/com.st.stm32cube.ide.mcu.externaltools.gnu-tools-for-stm32.13.3.rel1.linux64_1.0.0.202410170706/tools/bin/../lib/gcc/arm-none-eabi/13.3.1/../../../../arm-none-eabi/lib/thumb/v7e-m+dp/hard/libc_nano.a(libc_a-freer.o)
                0x0801292c                _free_r
 .text.malloc   0x080129c0       0x10 /opt/st/stm32cubeide_1.19.0/plugins/com.st.stm32cube.ide.mcu.externaltools.gnu-tools-for-stm32.13.3.rel1.linux64_1.0.0.202410170706/tools/bin/../lib/gcc/arm-none-eabi/13.3.1/../../../../arm-none-eabi/lib/thumb/v7e-m+dp/hard/libc_nano.a(libc_a-malloc.o)
                0x080129c0                malloc
 .text.sbrk_aligned
                0x080129d0       0x44 /opt/st/stm32cubeide_1.19.0/plugins/com.st.stm32cube.ide.mcu.externaltools.gnu-tools-for-stm32.13.3.rel1.linux64_1.0.0.202410170706/tools/bin/../lib/gcc/arm-none-eabi/13.3.1/../../../../arm-none-eabi/lib/thumb/v7e-m+dp/hard/libc_nano.a(libc_a-mallocr.o)
 .text._malloc_r
                0x08012a14      0x100 /opt/st/stm32cubeide_1.19.0/plugins/com.st.stm32cube.ide.mcu.externaltools.gnu-tools-for-stm32.13.3.rel1.linux64_1.0.0.202410170706/tools/bin/../lib/gcc/arm-none-eabi/13.3.1/../../../../arm-none-eabi/lib/thumb/v7e-m+dp/hard/libc_nano.a(libc_a-mallocr.o)
                0x08012a14                _malloc_r
 .text.__malloc_lock
                0x08012b14        0xc /opt/st/stm32cubeide_1.19.0/plugins/com.st.stm32cube.ide.mcu.externaltools.gnu-tools-for-stm32.13.3.rel1.linux64_1.0.0.202410170706/tools/bin/../lib/gcc/arm-none-eabi/13.3.1/../../../../arm-none-eabi/lib/thumb/v7e-m+dp/hard/libc_nano.a(libc_a-mlock.o)
                0x08012b14                __malloc_lock
 .text.__malloc_unlock
                0x08012b20        0xc /opt/st/stm32cubeide_1.19.0/plugins/com.st.stm32cube.ide.mcu.externaltools.gnu-tools-for-stm32.13.3.rel1.linux64_1.0.0.202410170706/tools/bin/../lib/gcc/arm-none-eabi/13.3.1/../../../../arm-none-eabi/lib/thumb/v7e-m+dp/hard/libc_nano.a(libc_a-mlock.o)
                0x08012b20                __malloc_unlock
 .text._Balloc  0x08012b2c       0x80 /opt/st/stm32cubeide_1.19.0/plugins/com.st.stm32cube.ide.mcu.externaltools.gnu-tools-for-stm32.13.3.rel1.linux64_1.0.0.202410170706/tools/bin/../lib/gcc/arm-none-eabi/13.3.1/../../../../arm-none-eabi/lib/thumb/v7e-m+dp/hard/libc_nano.a(libc_a-mprec.o)
                0x08012b2c                _Balloc
 .text._Bfree   0x08012bac       0x44 /opt/st/stm32cubeide_1.19.0/plugins/com.st.stm32cube.ide.mcu.externaltools.gnu-tools-for-stm32.13.3.rel1.linux64_1.0.0.202410170706/tools/bin/../lib/gcc/arm-none-eabi/13.3.1/../../../../arm-none-eabi/lib/thumb/v7e-m+dp/hard/libc_nano.a(libc_a-mprec.o)
                0x08012bac                _Bfree
 .text.__multadd
                0x08012bf0       0x8c /opt/st/stm32cubeide_1.19.0/plugins/com.st.stm32cube.ide.mcu.externaltools.gnu-tools-for-stm32.13.3.rel1.linux64_1.0.0.202410170706/tools/bin/../lib/gcc/arm-none-eabi/13.3.1/../../../../arm-none-eabi/lib/thumb/v7e-m+dp/hard/libc_nano.a(libc_a-mprec.o)
                0x08012bf0                __multadd
 .text.__s2b    0x08012c7c       0x94 /opt/st/stm32cubeide_1.19.0/plugins/com.st.stm32cube.ide.mcu.externaltools.gnu-tools-for-stm32.13.3.rel1.linux64_1.0.0.202410170706/tools/bin/../lib/gcc/arm-none-eabi/13.3.1/../../../../arm-none-eabi/lib/thumb/v7e-m+dp/hard/libc_nano.a(libc_a-mprec.o)
                0x08012c7c                __s2b
 .text.__hi0bits
                0x08012d10       0x3e /opt/st/stm32cubeide_1.19.0/plugins/com.st.stm32cube.ide.mcu.externaltools.gnu-tools-for-stm32.13.3.rel1.linux64_1.0.0.202410170706/tools/bin/../lib/gcc/arm-none-eabi/13.3.1/../../../../arm-none-eabi/lib/thumb/v7e-m+dp/hard/libc_nano.a(libc_a-mprec.o)
                0x08012d10                __hi0bits
 .text.__lo0bits
                0x08012d4e       0x5a /opt/st/stm32cubeide_1.19.0/plugins/com.st.stm32cube.ide.mcu.externaltools.gnu-tools-for-stm32.13.3.rel1.linux64_1.0.0.202410170706/tools/bin/../lib/gcc/arm-none-eabi/13.3.1/../../../../arm-none-eabi/lib/thumb/v7e-m+dp/hard/libc_nano.a(libc_a-mprec.o)
                0x08012d4e                __lo0bits
 .text.__i2b    0x08012da8       0x2c /opt/st/stm32cubeide_1.19.0/plugins/com.st.stm32cube.ide.mcu.externaltools.gnu-tools-for-stm32.13.3.rel1.linux64_1.0.0.202410170706/tools/bin/../lib/gcc/arm-none-eabi/13.3.1/../../../../arm-none-eabi/lib/thumb/v7e-m+dp/hard/libc_nano.a(libc_a-mprec.o)
                0x08012da8                __i2b
 .text.__multiply
                0x08012dd4      0x144 /opt/st/stm32cubeide_1.19.0/plugins/com.st.stm32cube.ide.mcu.externaltools.gnu-tools-for-stm32.13.3.rel1.linux64_1.0.0.202410170706/tools/bin/../lib/gcc/arm-none-eabi/13.3.1/../../../../arm-none-eabi/lib/thumb/v7e-m+dp/hard/libc_nano.a(libc_a-mprec.o)
                0x08012dd4                __multiply
 .text.__pow5mult
                0x08012f18       0xb4 /opt/st/stm32cubeide_1.19.0/plugins/com.st.stm32cube.ide.mcu.externaltools.gnu-tools-for-stm32.13.3.rel1.linux64_1.0.0.202410170706/tools/bin/../lib/gcc/arm-none-eabi/13.3.1/../../../../arm-none-eabi/lib/thumb/v7e-m+dp/hard/libc_nano.a(libc_a-mprec.o)
                0x08012f18                __pow5mult
 .text.__lshift
                0x08012fcc       0xd8 /opt/st/stm32cubeide_1.19.0/plugins/com.st.stm32cube.ide.mcu.externaltools.gnu-tools-for-stm32.13.3.rel1.linux64_1.0.0.202410170706/tools/bin/../lib/gcc/arm-none-eabi/13.3.1/../../../../arm-none-eabi/lib/thumb/v7e-m+dp/hard/libc_nano.a(libc_a-mprec.o)
                0x08012fcc                __lshift
 .text.__mcmp   0x080130a4       0x36 /opt/st/stm32cubeide_1.19.0/plugins/com.st.stm32cube.ide.mcu.externaltools.gnu-tools-for-stm32.13.3.rel1.linux64_1.0.0.202410170706/tools/bin/../lib/gcc/arm-none-eabi/13.3.1/../../../../arm-none-eabi/lib/thumb/v7e-m+dp/hard/libc_nano.a(libc_a-mprec.o)
                0x080130a4                __mcmp
 *fill*         0x080130da        0x2 
 .text.__mdiff  0x080130dc      0x128 /opt/st/stm32cubeide_1.19.0/plugins/com.st.stm32cube.ide.mcu.externaltools.gnu-tools-for-stm32.13.3.rel1.linux64_1.0.0.202410170706/tools/bin/../lib/gcc/arm-none-eabi/13.3.1/../../../../arm-none-eabi/lib/thumb/v7e-m+dp/hard/libc_nano.a(libc_a-mprec.o)
                0x080130dc                __mdiff
 .text.__ulp    0x08013204       0x4c /opt/st/stm32cubeide_1.19.0/plugins/com.st.stm32cube.ide.mcu.externaltools.gnu-tools-for-stm32.13.3.rel1.linux64_1.0.0.202410170706/tools/bin/../lib/gcc/arm-none-eabi/13.3.1/../../../../arm-none-eabi/lib/thumb/v7e-m+dp/hard/libc_nano.a(libc_a-mprec.o)
                0x08013204                __ulp
 .text.__b2d    0x08013250       0x94 /opt/st/stm32cubeide_1.19.0/plugins/com.st.stm32cube.ide.mcu.externaltools.gnu-tools-for-stm32.13.3.rel1.linux64_1.0.0.202410170706/tools/bin/../lib/gcc/arm-none-eabi/13.3.1/../../../../arm-none-eabi/lib/thumb/v7e-m+dp/hard/libc_nano.a(libc_a-mprec.o)
                0x08013250                __b2d
 .text.__d2b    0x080132e4       0xb0 /opt/st/stm32cubeide_1.19.0/plugins/com.st.stm32cube.ide.mcu.externaltools.gnu-tools-for-stm32.13.3.rel1.linux64_1.0.0.202410170706/tools/bin/../lib/gcc/arm-none-eabi/13.3.1/../../../../arm-none-eabi/lib/thumb/v7e-m+dp/hard/libc_nano.a(libc_a-mprec.o)
                0x080132e4                __d2b
 .text.__ratio  0x08013394       0x5e /opt/st/stm32cubeide_1.19.0/plugins/com.st.stm32cube.ide.mcu.externaltools.gnu-tools-for-stm32.13.3.rel1.linux64_1.0.0.202410170706/tools/bin/../lib/gcc/arm-none-eabi/13.3.1/../../../../arm-none-eabi/lib/thumb/v7e-m+dp/hard/libc_nano.a(libc_a-mprec.o)
                0x08013394                __ratio
 .text.__copybits
                0x080133f2       0x46 /opt/st/stm32cubeide_1.19.0/plugins/com.st.stm32cube.ide.mcu.externaltools.gnu-tools-for-stm32.13.3.rel1.linux64_1.0.0.202410170706/tools/bin/../lib/gcc/arm-none-eabi/13.3.1/../../../../arm-none-eabi/lib/thumb/v7e-m+dp/hard/libc_nano.a(libc_a-mprec.o)
                0x080133f2                __copybits
 .text.__any_on
                0x08013438       0x42 /opt/st/stm32cubeide_1.19.0/plugins/com.st.stm32cube.ide.mcu.externaltools.gnu-tools-for-stm32.13.3.rel1.linux64_1.0.0.202410170706/tools/bin/../lib/gcc/arm-none-eabi/13.3.1/../../../../arm-none-eabi/lib/thumb/v7e-m+dp/hard/libc_nano.a(libc_a-mprec.o)
                0x08013438                __any_on
 .text.sulp     0x0801347a       0x34 /opt/st/stm32cubeide_1.19.0/plugins/com.st.stm32cube.ide.mcu.externaltools.gnu-tools-for-stm32.13.3.rel1.linux64_1.0.0.202410170706/tools/bin/../lib/gcc/arm-none-eabi/13.3.1/../../../../arm-none-eabi/lib/thumb/v7e-m+dp/hard/libc_nano.a(libc_a-strtod.o)
 *fill*         0x080134ae        0x2 
 .text._strtod_l
                0x080134b0      0xb34 /opt/st/stm32cubeide_1.19.0/plugins/com.st.stm32cube.ide.mcu.externaltools.gnu-tools-for-stm32.13.3.rel1.linux64_1.0.0.202410170706/tools/bin/../lib/gcc/arm-none-eabi/13.3.1/../../../../arm-none-eabi/lib/thumb/v7e-m+dp/hard/libc_nano.a(libc_a-strtod.o)
                0x080134b0                _strtod_l
 .text._strtod_r
                0x08013fe4        0xc /opt/st/stm32cubeide_1.19.0/plugins/com.st.stm32cube.ide.mcu.externaltools.gnu-tools-for-stm32.13.3.rel1.linux64_1.0.0.202410170706/tools/bin/../lib/gcc/arm-none-eabi/13.3.1/../../../../arm-none-eabi/lib/thumb/v7e-m+dp/hard/libc_nano.a(libc_a-strtod.o)
                0x08013fe4                _strtod_r
 .text._strtol_l.isra.0
                0x08013ff0       0xf4 /opt/st/stm32cubeide_1.19.0/plugins/com.st.stm32cube.ide.mcu.externaltools.gnu-tools-for-stm32.13.3.rel1.linux64_1.0.0.202410170706/tools/bin/../lib/gcc/arm-none-eabi/13.3.1/../../../../arm-none-eabi/lib/thumb/v7e-m+dp/hard/libc_nano.a(libc_a-strtol.o)
 .text._strtol_r
                0x080140e4        0x4 /opt/st/stm32cubeide_1.19.0/plugins/com.st.stm32cube.ide.mcu.externaltools.gnu-tools-for-stm32.13.3.rel1.linux64_1.0.0.202410170706/tools/bin/../lib/gcc/arm-none-eabi/13.3.1/../../../../arm-none-eabi/lib/thumb/v7e-m+dp/hard/libc_nano.a(libc_a-strtol.o)
                0x080140e4                _strtol_r
 .text.__ssputs_r
                0x080140e8       0xb6 /opt/st/stm32cubeide_1.19.0/plugins/com.st.stm32cube.ide.mcu.externaltools.gnu-tools-for-stm32.13.3.rel1.linux64_1.0.0.202410170706/tools/bin/../lib/gcc/arm-none-eabi/13.3.1/../../../../arm-none-eabi/lib/thumb/v7e-m+dp/hard/libc_nano.a(libc_a-nano-svfprintf.o)
                0x080140e8                __ssputs_r
 *fill*         0x0801419e        0x2 
 .text._svfprintf_r