Archive member included to satisfy reference by file (symbol)

/opt/st/stm32cubeide_1.19.0/plugins/com.st.stm32cube.ide.mcu.externaltools.gnu-tools-for-stm32.13.3.rel1.linux64_1.0.0.202410170706/tools/bin/../lib/gcc/arm-none-eabi/13.3.1/../../../../arm-none-eabi/lib/thumb/v7e-m+dp/hard/libc_nano.a(libc_a-exit.o)
                              /opt/st/stm32cubeide_1.19.0/plugins/com.st.stm32cube.ide.mcu.externaltools.gnu-tools-for-stm32.13.3.rel1.linux64_1.0.0.202410170706/tools/bin/../lib/gcc/arm-none-eabi/13.3.1/../../../../arm-none-eabi/lib/thumb/v7e-m+dp/hard/crt0.o (exit)
/opt/st/stm32cubeide_1.19.0/plugins/com.st.stm32cube.ide.mcu.externaltools.gnu-tools-for-stm32.13.3.rel1.linux64_1.0.0.202410170706/tools/bin/../lib/gcc/arm-none-eabi/13.3.1/../../../../arm-none-eabi/lib/thumb/v7e-m+dp/hard/libc_nano.a(libc_a-nano-vfprintf_float.o)
                              (_printf_float)
/opt/st/stm32cubeide_1.19.0/plugins/com.st.stm32cube.ide.mcu.externaltools.gnu-tools-for-stm32.13.3.rel1.linux64_1.0.0.202410170706/tools/bin/../lib/gcc/arm-none-eabi/13.3.1/../../../../arm-none-eabi/lib/thumb/v7e-m+dp/hard/libc_nano.a(libc_a-nano-vfprintf_i.o)
                              /opt/st/stm32cubeide_1.19.0/plugins/com.st.stm32cube.ide.mcu.externaltools.gnu-tools-for-stm32.13.3.rel1.linux64_1.0.0.202410170706/tools/bin/../lib/gcc/arm-none-eabi/13.3.1/../../../../arm-none-eabi/lib/thumb/v7e-m+dp/hard/libc_nano.a(libc_a-nano-vfprintf_float.o) (_printf_common)
/opt/st/stm32cubeide_1.19.0/plugins/com.st.stm32cube.ide.mcu.externaltools.gnu-tools-for-stm32.13.3.rel1.linux64_1.0.0.202410170706/tools/bin/../lib/gcc/arm-none-eabi/13.3.1/../../../../arm-none-eabi/lib/thumb/v7e-m+dp/hard/libc_nano.a(libc_a-nano-vfscanf_float.o)
                              (_scanf_float)
/opt/st/stm32cubeide_1.19.0/plugins/com.st.stm32cube.ide.mcu.externaltools.gnu-tools-for-stm32.13.3.rel1.linux64_1.0.0.202410170706/tools/bin/../lib/gcc/arm-none-eabi/13.3.1/../../../../arm-none-eabi/lib/thumb/v7e-m+dp/hard/libc_nano.a(libc_a-findfp.o)
                              /opt/st/stm32cubeide_1.19.0/plugins/com.st.stm32cube.ide.mcu.externaltools.gnu-tools-for-stm32.13.3.rel1.linux64_1.0.0.202410170706/tools/bin/../lib/gcc/arm-none-eabi/13.3.1/../../../../arm-none-eabi/lib/thumb/v7e-m+dp/hard/libc_nano.a(libc_a-exit.o) (__stdio_exit_handler)
/opt/st/stm32cubeide_1.19.0/plugins/com.st.stm32cube.ide.mcu.externaltools.gnu-tools-for-stm32.13.3.rel1.linux64_1.0.0.202410170706/tools/bin/../lib/gcc/arm-none-eabi/13.3.1/../../../../arm-none-eabi/lib/thumb/v7e-m+dp/hard/libc_nano.a(libc_a-fwalk.o)
                              /opt/st/stm32cubeide_1.19.0/plugins/com.st.stm32cube.ide.mcu.externaltools.gnu-tools-for-stm32.13.3.rel1.linux64_1.0.0.202410170706/tools/bin/../lib/gcc/arm-none-eabi/13.3.1/../../../../arm-none-eabi/lib/thumb/v7e-m+dp/hard/libc_nano.a(libc_a-findfp.o) (_fwalk_sglue)
/opt/st/stm32cubeide_1.19.0/plugins/com.st.stm32cube.ide.mcu.externaltools.gnu-tools-for-stm32.13.3.rel1.linux64_1.0.0.202410170706/tools/bin/../lib/gcc/arm-none-eabi/13.3.1/../../../../arm-none-eabi/lib/thumb/v7e-m+dp/hard/libc_nano.a(libc_a-printf.o)
                              ./Core/CMD/cmd.o (printf)
/opt/st/stm32cubeide_1.19.0/plugins/com.st.stm32cube.ide.mcu.externaltools.gnu-tools-for-stm32.13.3.rel1.linux64_1.0.0.202410170706/tools/bin/../lib/gcc/arm-none-eabi/13.3.1/../../../../arm-none-eabi/lib/thumb/v7e-m+dp/hard/libc_nano.a(libc_a-putchar.o)
                              ./Core/Src/main.o (putchar)
/opt/st/stm32cubeide_1.19.0/plugins/com.st.stm32cube.ide.mcu.externaltools.gnu-tools-for-stm32.13.3.rel1.linux64_1.0.0.202410170706/tools/bin/../lib/gcc/arm-none-eabi/13.3.1/../../../../arm-none-eabi/lib/thumb/v7e-m+dp/hard/libc_nano.a(libc_a-puts.o)
                              ./Core/CMD/cmd.o (puts)
/opt/st/stm32cubeide_1.19.0/plugins/com.st.stm32cube.ide.mcu.externaltools.gnu-tools-for-stm32.13.3.rel1.linux64_1.0.0.202410170706/tools/bin/../lib/gcc/arm-none-eabi/13.3.1/../../../../arm-none-eabi/lib/thumb/v7e-m+dp/hard/libc_nano.a(libc_a-snprintf.o)
                              ./Core/HMC5883L/hmc5883l.o (snprintf)
/opt/st/stm32cubeide_1.19.0/plugins/com.st.stm32cube.ide.mcu.externaltools.gnu-tools-for-stm32.13.3.rel1.linux64_1.0.0.202410170706/tools/bin/../lib/gcc/arm-none-eabi/13.3.1/../../../../arm-none-eabi/lib/thumb/v7e-m+dp/hard/libc_nano.a(libc_a-sprintf.o)
                              /opt/st/stm32cubeide_1.19.0/plugins/com.st.stm32cube.ide.mcu.externaltools.gnu-tools-for-stm32.13.3.rel1.linux64_1.0.0.202410170706/tools/bin/../lib/gcc/arm-none-eabi/13.3.1/../../../../arm-none-eabi/lib/thumb/v7e-m+dp/hard/libc_nano.a(libc_a-nano-vfscanf_float.o) (sprintf)
/opt/st/stm32cubeide_1.19.0/plugins/com.st.stm32cube.ide.mcu.externaltools.gnu-tools-for-stm32.13.3.rel1.linux64_1.0.0.202410170706/tools/bin/../lib/gcc/arm-none-eabi/13.3.1/../../../../arm-none-eabi/lib/thumb/v7e-m+dp/hard/libc_nano.a(libc_a-sscanf.o)
[...]
Memory Configuration

Name             Origin             Length             Attributes
ITCMRAM          0x00000000         0x00010000         xrw
DTCMRAM          0x20000000         0x00020000         xrw
FLASH            0x08000000         0x00100000         xr
RAM_D1           0x24000000         0x00050000         xrw
RAM_D2           0x30000000         0x00008000         xrw
RAM_D3           0x38000000         0x00004000         xrw
*default*        0x00000000         0xffffffff

Linker script and memory map

LOAD /opt/st/stm32cubeide_1.19.0/plugins/com.st.stm32cube.ide.mcu.externaltools.gnu-tools-for-stm32.13.3.rel1.linux64_1.0.0.202410170706/tools/bin/../lib/gcc/arm-none-eabi/13.3.1/thumb/v7e-m+dp/hard/crti.o
LOAD /opt/st/stm32cubeide_1.19.0/plugins/com.st.stm32cube.ide.mcu.externaltools.gnu-tools-for-stm32.13.3.rel1.linux64_1.0.0.202410170706/tools/bin/../lib/gcc/arm-none-eabi/13.3.1/thumb/v7e-m+dp/hard/crtbegin.o
LOAD /opt/st/stm32cubeide_1.19.0/plugins/com.st.stm32cube.ide.mcu.externaltools.gnu-tools-for-stm32.13.3.rel1.linux64_1.0.0.202410170706/tools/bin/../lib/gcc/arm-none-eabi/13.3.1/../../../../arm-none-eabi/lib/thumb/v7e-m+dp/hard/crt0.o
LOAD ./Core/BUZZER/buzzer.o
LOAD ./Core/CMD/cmd.o
LOAD ./Core/EEPROM/eeprom.o
LOAD ./Core/HMC5883L/hmc5883l.o
LOAD ./Core/IMU/ICM42688P/icm42688p.o
LOAD ./Core/LED/MAIN_BOARD_RGB/ws2812.o
LOAD ./Core/RECEIVER/FS-iA6B/FS-iA6B.o
LOAD ./Core/Src/dma.o
LOAD ./Core/Src/gpio.o
LOAD ./Core/Src/i2c.o
LOAD ./Core/Src/main.o
LOAD ./Core/Src/octospi.o
LOAD ./Core/Src/spi.o
LOAD ./Core/Src/stm32h7xx_hal_msp.o
LOAD ./Core/Src/stm32h7xx_it.o
LOAD ./Core/Src/syscalls.o
LOAD ./Core/Src/sysmem.o
LOAD ./Core/Src/system_stm32h7xx.o
LOAD ./Core/Src/tim.o
LOAD ./Core/Src/usart.o
LOAD ./Core/Startup/startup_stm32h723vgtx.o
LOAD ./Core/W25QXX_OPSI/w25qxx_ospi.o
LOAD ./Drivers/STM32H7xx_HAL_Driver/Src/stm32h7xx_hal.o
LOAD ./Drivers/STM32H7xx_HAL_Driver/Src/stm32h7xx_hal_cortex.o
LOAD ./Drivers/STM32H7xx_HAL_Driver/Src/stm32h7xx_hal_dma.o
LOAD ./Drivers/STM32H7xx_HAL_Driver/Src/stm32h7xx_hal_dma_ex.o
LOAD ./Drivers/STM32H7xx_HAL_Driver/Src/stm32h7xx_hal_exti.o
LOAD ./Drivers/STM32H7xx_HAL_Driver/Src/stm32h7xx_hal_flash.o
LOAD ./Drivers/STM32H7xx_HAL_Driver/Src/stm32h7xx_hal_flash_ex.o
LOAD ./Drivers/STM32H7xx_HAL_Driver/Src/stm32h7xx_hal_gpio.o
LOAD ./Drivers/STM32H7xx_HAL_Driver/Src/stm32h7xx_hal_hsem.o
LOAD ./Drivers/STM32H7xx_HAL_Driver/Src/stm32h7xx_hal_i2c.o
LOAD ./Drivers/STM32H7xx_HAL_Driver/Src/stm32h7xx_hal_i2c_ex.o
LOAD ./Drivers/STM32H7xx_HAL_Driver/Src/stm32h7xx_hal_mdma.o
LOAD ./Drivers/STM32H7xx_HAL_Driver/Src/stm32h7xx_hal_ospi.o
LOAD ./Drivers/STM32H7xx_HAL_Driver/Src/stm32h7xx_hal_pwr.o
LOAD ./Drivers/STM32H7xx_HAL_Driver/Src/stm32h7xx_hal_pwr_ex.o
LOAD ./Drivers/STM32H7xx_HAL_Driver/Src/stm32h7xx_hal_rcc.o
LOAD ./Drivers/STM32H7xx_HAL_Driver/Src/stm32h7xx_hal_rcc_ex.o
LOAD ./Drivers/STM32H7xx_HAL_Driver/Src/stm32h7xx_hal_tim.o
LOAD ./Drivers/STM32H7xx_HAL_Driver/Src/stm32h7xx_hal_tim_ex.o
LOAD ./Drivers/STM32H7xx_HAL_Driver/Src/stm32h7xx_ll_dma.o
LOAD ./Drivers/STM32H7xx_HAL_Driver/Src/stm32h7xx_ll_exti.o
LOAD ./Drivers/STM32H7xx_HAL_Driver/Src/stm32h7xx_ll_gpio.o
LOAD ./Drivers/STM32H7xx_HAL_Driver/Src/stm32h7xx_ll_rcc.o
LOAD ./Drivers/STM32H7xx_HAL_Driver/Src/stm32h7xx_ll_spi.o
LOAD ./Drivers/STM32H7xx_HAL_Driver/Src/stm32h7xx_ll_tim.o
LOAD ./Drivers/STM32H7xx_HAL_Driver/Src/stm32h7xx_ll_usart.o
LOAD ./Drivers/STM32H7xx_HAL_Driver/Src/stm32h7xx_ll_utils.o
START GROUP
LOAD /opt/st/stm32cubeide_1.19.0/plugins/com.st.stm32cube.ide.mcu.externaltools.gnu-tools-for-stm32.13.3.rel1.linux64_1.0.0.202410170706/tools/bin/../lib/gcc/arm-none-eabi/13.3.1/../../../../arm-none-eabi/lib/thumb/v7e-m+dp/hard/libc_nano.a
LOAD /opt/st/stm32cubeide_1.19.0/plugins/com.st.stm32cube.ide.mcu.externaltools.gnu-tools-for-stm32.13.3.rel1.linux64_1.0.0.202410170706/tools/bin/../lib/gcc/arm-none-eabi/13.3.1/../../../../arm-none-eabi/lib/thumb/v7e-m+dp/hard/libm.a
END GROUP
START GROUP
LOAD /opt/st/stm32cubeide_1.19.0/plugins/com.st.stm32cube.ide.mcu.externaltools.gnu-tools-for-stm32.13.3.rel1.linux64_1.0.0.202410170706/tools/bin/../lib/gcc/arm-none-eabi/13.3.1/thumb/v7e-m+dp/hard/libgcc.a
LOAD /opt/st/stm32cubeide_1.19.0/plugins/com.st.stm32cube.ide.mcu.externaltools.gnu-tools-for-stm32.13.3.rel1.linux64_1.0.0.202410170706/tools/bin/../lib/gcc/arm-none-eabi/13.3.1/../../../../arm-none-eabi/lib/thumb/v7e-m+dp/hard/libc_nano.a
END GROUP
START GROUP
LOAD /opt/st/stm32cubeide_1.19.0/plugins/com.st.stm32cube.ide.mcu.externaltools.gnu-tools-for-stm32.13.3.rel1.linux64_1.0.0.202410170706/tools/bin/../lib/gcc/arm-none-eabi/13.3.1/thumb/v7e-m+dp/hard/libgcc.a
LOAD /opt/st/stm32cubeide_1.19.0/plugins/com.st.stm32cube.ide.mcu.externaltools.gnu-tools-for-stm32.13.3.rel1.linux64_1.0.0.202410170706/tools/bin/../lib/gcc/arm-none-eabi/13.3.1/../../../../arm-none-eabi/lib/thumb/v7e-m+dp/hard/libc_nano.a
LOAD /opt/st/stm32cubeide_1.19.0/plugins/com.st.stm32cube.ide.mcu.externaltools.gnu-tools-for-stm32.13.3.rel1.linux64_1.0.0.202410170706/tools/bin/../lib/gcc/arm-none-eabi/13.3.1/../../../../arm-none-eabi/lib/thumb/v7e-m+dp/hard/libnosys.a
END GROUP
START GROUP
LOAD /opt/st/stm32cubeide_1.19.0/plugins/com.st.stm32cube.ide.mcu.externaltools.gnu-tools-for-stm32.13.3.rel1.linux64_1.0.0.202410170706/tools/bin/../lib/gcc/arm-none-eabi/13.3.1/thumb/v7e-m+dp/hard/libgcc.a
LOAD /opt/st/stm32cubeide_1.19.0/plugins/com.st.stm32cube.ide.mcu.externaltools.gnu-tools-for-stm32.13.3.rel1.linux64_1.0.0.202410170706/tools/bin/../lib/gcc/arm-none-eabi/13.3.1/../../../../arm-none-eabi/lib/thumb/v7e-m+dp/hard/libc_nano.a
LOAD /opt/st/stm32cubeide_1.19.0/plugins/com.st.stm32cube.ide.mcu.externaltools.gnu-tools-for-stm32.13.3.rel1.linux64_1.0.0.202410170706/tools/bin/../lib/gcc/arm-none-eabi/13.3.1/../../../../arm-none-eabi/lib/thumb/v7e-m+dp/hard/libnosys.a
END GROUP
LOAD /opt/st/stm32cubeide_1.19.0/plugins/com.st.stm32cube.ide.mcu.externaltools.gnu-tools-for-stm32.13.3.rel1.linux64_1.0.0.202410170706/tools/bin/../lib/gcc/arm-none-eabi/13.3.1/thumb/v7e-m+dp/hard/crtend.o
LOAD /opt/st/stm32cubeide_1.19.0/plugins/com.st.stm32cube.ide.mcu.externaltools.gnu-tools-for-stm32.13.3.rel1.linux64_1.0.0.202410170706/tools/bin/../lib/gcc/arm-none-eabi/13.3.1/thumb/v7e-m+dp/hard/crtn.o
                0x24050000                        _estack = (ORIGIN (RAM_D1) + LENGTH (RAM_D1))
                0x00000200                        _Min_Heap_Size = 0x200
                0x00000400                        _Min_Stack_Size = 0x400

.isr_vector     0x08000000      0x2cc
                0x08000000                        . = ALIGN (0x4)
 *(.isr_vector)
 .isr_vector    0x08000000      0x2cc ./Core/Startup/startup_stm32h723vgtx.o
                0x08000000                g_pfnVectors
                0x080002cc                        . = ALIGN (0x4)

.text           0x080002d0    0x15d18
                0x080002d0                        . = ALIGN (0x4)
 *(.text)
 .text          0x080002d0       0x40 /opt/st/stm32cubeide_1.19.0/plugins/com.st.stm32cube.ide.mcu.externaltools.gnu-tools-for-stm32.13.3.rel1.linux64_1.0.0.202410170706/tools/bin/../lib/gcc/arm-none-eabi/13.3.1/thumb/v7e-m+dp/hard/crtbegin.o
 .text          0x08000310       0x14 /opt/st/stm32cubeide_1.19.0/plugins/com.st.stm32cube.ide.mcu.externaltools.gnu-tools-for-stm32.13.3.rel1.linux64_1.0.0.202410170706/tools/bin/../lib/gcc/arm-none-eabi/13.3.1/../../../../arm-none-eabi/lib/thumb/v7e-m+dp/hard/libc_nano.a(libc_a-strcmp.o)
                0x08000310                strcmp
 *fill*         0x08000324        0xc 
 .text          0x08000330       0xa0 /opt/st/stm32cubeide_1.19.0/plugins/com.st.stm32cube.ide.mcu.externaltools.gnu-tools-for-stm32.13.3.rel1.linux64_1.0.0.202410170706/tools/bin/../lib/gcc/arm-none-eabi/13.3.1/../../../../arm-none-eabi/lib/thumb/v7e-m+dp/hard/libc_nano.a(libc_a-memchr.o)
                0x08000330                memchr
 .text          0x080003d0       0x10 /opt/st/stm32cubeide_1.19.0/plugins/com.st.stm32cube.ide.mcu.externaltools.gnu-tools-for-stm32.13.3.rel1.linux64_1.0.0.202410170706/tools/bin/../lib/gcc/arm-none-eabi/13.3.1/../../../../arm-none-eabi/lib/thumb/v7e-m+dp/hard/libc_nano.a(libc_a-strlen.o)
                0x080003d0                strlen
 .text          0x080003e0      0x378 /opt/st/stm32cubeide_1.19.0/plugins/com.st.stm32cube.ide.mcu.externaltools.gnu-tools-for-stm32.13.3.rel1.linux64_1.0.0.202410170706/tools/bin/../lib/gcc/arm-none-eabi/13.3.1/thumb/v7e-m+dp/hard/libgcc.a(_arm_addsubdf3.o)
                0x080003e0                __aeabi_drsub
                0x080003e8                __aeabi_dsub
                0x080003e8                __subdf3
                0x080003ec                __adddf3
                0x080003ec                __aeabi_dadd
                0x08000664                __aeabi_ui2d
                0x08000664                __floatunsidf
                0x08000684                __floatsidf
                0x08000684                __aeabi_i2d
                0x080006a8                __extendsfdf2
                0x080006a8                __aeabi_f2d
                0x080006ec                __aeabi_ul2d
                0x080006ec                __floatundidf
                0x080006fc                __floatdidf
                0x080006fc                __aeabi_l2d
 .text          0x08000758       0x30 /opt/st/stm32cubeide_1.19.0/plugins/com.st.stm32cube.ide.mcu.externaltools.gnu-tools-for-stm32.13.3.rel1.linux64_1.0.0.202410170706/tools/bin/../lib/gcc/arm-none-eabi/13.3.1/thumb/v7e-m+dp/hard/libgcc.a(_fixdfdi.o)
                0x08000758                __aeabi_d2lz
                0x08000758                __fixdfdi
 .text          0x08000788       0x40 /opt/st/stm32cubeide_1.19.0/plugins/com.st.stm32cube.ide.mcu.externaltools.gnu-tools-for-stm32.13.3.rel1.linux64_1.0.0.202410170706/tools/bin/../lib/gcc/arm-none-eabi/13.3.1/thumb/v7e-m+dp/hard/libgcc.a(_fixunsdfdi.o)
                0x08000788                __aeabi_d2ulz
                0x08000788                __fixunsdfdi
 *(.text*)
 .text.__NVIC_SystemReset
                0x080007c8       0x2c ./Core/CMD/cmd.o
 .text.LL_USART_IsActiveFlag_TC
                0x080007f4       0x26 ./Core/CMD/cmd.o
 .text.strip_brackets
                0x0800081a       0x44 ./Core/CMD/cmd.o
                0x0800081a                strip_brackets
 *fill*         0x0800085e        0x2 
 .text.process_command
                0x08000860      0x6c4 ./Core/CMD/cmd.o
                0x08000860                process_command
 .text.EEPROM_Init
                0x08000f24       0xac ./Core/EEPROM/eeprom.o
                0x08000f24                EEPROM_Init
 .text.EEPROM_ReadConfig
                0x08000fd0       0x70 ./Core/EEPROM/eeprom.o
                0x08000fd0                EEPROM_ReadConfig
 .text.EEPROM_WriteConfig
                0x08001040       0x48 ./Core/EEPROM/eeprom.o
                0x08001040                EEPROM_WriteConfig
 .text.CalculateCRC32
                0x08001088       0x74 ./Core/EEPROM/eeprom.o
                0x08001088                CalculateCRC32
 .text.EEPROM_GetAccelCalibration
                0x080010fc       0x94 ./Core/EEPROM/eeprom.o
                0x080010fc                EEPROM_GetAccelCalibration
 .text.EEPROM_GetGyroCalibration
                0x08001190       0x94 ./Core/EEPROM/eeprom.o
                0x08001190                EEPROM_GetGyroCalibration
 .text.EEPROM_GetMagCalibration
                0x08001224       0x5c ./Core/EEPROM/eeprom.o
                0x08001224                EEPROM_GetMagCalibration
 .text.EEPROM_GetPID
                0x08001280       0x44 ./Core/EEPROM/eeprom.o
                0x08001280                EEPROM_GetPID
 .text.EEPROM_GetRollPID
                0x080012c4       0x44 ./Core/EEPROM/eeprom.o
                0x080012c4                EEPROM_GetRollPID
 .text.EEPROM_SetRollPID
                0x08001308       0x60 ./Core/EEPROM/eeprom.o
                0x08001308                EEPROM_SetRollPID
 .text.EEPROM_GetPitchPID
                0x08001368       0x44 ./Core/EEPROM/eeprom.o
                0x08001368                EEPROM_GetPitchPID
 .text.EEPROM_SetPitchPID
                0x080013ac       0x60 ./Core/EEPROM/eeprom.o
                0x080013ac                EEPROM_SetPitchPID
 .text.EEPROM_GetYawRatePID
                0x0800140c       0x44 ./Core/EEPROM/eeprom.o
                0x0800140c                EEPROM_GetYawRatePID
 .text.EEPROM_SetYawRatePID
                0x08001450       0x60 ./Core/EEPROM/eeprom.o
                0x08001450                EEPROM_SetYawRatePID
 .text.EEPROM_GetAircraftLights
                0x080014b0       0x48 ./Core/EEPROM/eeprom.o
                0x080014b0                EEPROM_GetAircraftLights
 .text.W25Qxx_WaitForWriteEnd
                0x080014f8       0xa0 ./Core/EEPROM/eeprom.o
 .text.W25Qxx_Read
                0x08001598       0xa8 ./Core/EEPROM/eeprom.o
 .text.W25Qxx_Write
                0x08001640      0x1b8 ./Core/EEPROM/eeprom.o
 .text.HMC5883L_WriteReg
                0x080017f8       0x38 ./Core/HMC5883L/hmc5883l.o
 .text.HMC5883L_ReadReg
                0x08001830       0x3c ./Core/HMC5883L/hmc5883l.o
                0x08001830                HMC5883L_ReadReg
 .text.HMC5883L_Init
                0x0800186c       0x34 ./Core/HMC5883L/hmc5883l.o
                0x0800186c                HMC5883L_Init
 .text.LL_SPI_Enable
                0x080018a0       0x20 ./Core/IMU/ICM42688P/icm42688p.o
 .text.LL_SPI_Disable
                0x080018c0       0x20 ./Core/IMU/ICM42688P/icm42688p.o
 .text.LL_SPI_SetMode
                0x080018e0       0x26 ./Core/IMU/ICM42688P/icm42688p.o
 .text.LL_SPI_StartMasterTransfer
                0x08001906       0x20 ./Core/IMU/ICM42688P/icm42688p.o
 .text.LL_SPI_SetClockPhase
                0x08001926       0x26 ./Core/IMU/ICM42688P/icm42688p.o
 .text.LL_SPI_SetClockPolarity
                0x0800194c       0x26 ./Core/IMU/ICM42688P/icm42688p.o
 .text.LL_SPI_SetBaudRatePrescaler
                0x08001972       0x26 ./Core/IMU/ICM42688P/icm42688p.o
 .text.LL_SPI_SetTransferBitOrder
                0x08001998       0x26 ./Core/IMU/ICM42688P/icm42688p.o
 .text.LL_SPI_SetTransferDirection
                0x080019be       0x3e ./Core/IMU/ICM42688P/icm42688p.o
 .text.LL_SPI_SetDataWidth
                0x080019fc       0x26 ./Core/IMU/ICM42688P/icm42688p.o
 .text.LL_SPI_SetFIFOThreshold
                0x08001a22       0x26 ./Core/IMU/ICM42688P/icm42688p.o
 .text.LL_SPI_SetNSSMode
                0x08001a48       0x26 ./Core/IMU/ICM42688P/icm42688p.o
 .text.LL_SPI_IsActiveFlag_RXP
                0x08001a6e       0x26 ./Core/IMU/ICM42688P/icm42688p.o
 .text.LL_SPI_IsActiveFlag_TXP
                0x08001a94       0x26 ./Core/IMU/ICM42688P/icm42688p.o
 .text.LL_SPI_ReceiveData8
                0x08001aba       0x1c ./Core/IMU/ICM42688P/icm42688p.o
 .text.LL_SPI_TransmitData8
                0x08001ad6       0x20 ./Core/IMU/ICM42688P/icm42688p.o
 *fill*         0x08001af6        0x2 
 .text.LL_AHB4_GRP1_EnableClock
                0x08001af8       0x38 ./Core/IMU/ICM42688P/icm42688p.o
 .text.LL_APB1_GRP1_EnableClock
                0x08001b30       0x38 ./Core/IMU/ICM42688P/icm42688p.o
 .text.LL_GPIO_IsInputPinSet
                0x08001b68       0x2a ./Core/IMU/ICM42688P/icm42688p.o
 .text.LL_GPIO_SetOutputPin
                0x08001b92       0x1c ./Core/IMU/ICM42688P/icm42688p.o
 .text.LL_GPIO_ResetOutputPin
                0x08001bae       0x1e ./Core/IMU/ICM42688P/icm42688p.o
 .text.clamp12  0x08001bcc       0x38 ./Core/IMU/ICM42688P/icm42688p.o
 .text.ICM42688P_GPIO_SPI_Initialization
                0x08001c04      0x12c ./Core/IMU/ICM42688P/icm42688p.o
                0x08001c04                ICM42688P_GPIO_SPI_Initialization
 .text.ICM42688P_SelectBank
                0x08001d30       0x30 ./Core/IMU/ICM42688P/icm42688p.o
                0x08001d30                ICM42688P_SelectBank
 .text.SPI3_SendByte
                0x08001d60       0x44 ./Core/IMU/ICM42688P/icm42688p.o
                0x08001d60                SPI3_SendByte
 .text.ICM42688P_ReadByte
                0x08001da4       0x44 ./Core/IMU/ICM42688P/icm42688p.o
                0x08001da4                ICM42688P_ReadByte
 .text.ICM42688P_ReadBytes
                0x08001de8       0x60 ./Core/IMU/ICM42688P/icm42688p.o
                0x08001de8                ICM42688P_ReadBytes
 .text.ICM42688P_WriteByte
                0x08001e48       0x48 ./Core/IMU/ICM42688P/icm42688p.o
                0x08001e48                ICM42688P_WriteByte
 .text.ICM42688P_Initialization
                0x08001e90      0x130 ./Core/IMU/ICM42688P/icm42688p.o
                0x08001e90                ICM42688P_Initialization
 .text.ICM42688P_Get6AxisRawData
                0x08001fc0       0xa0 ./Core/IMU/ICM42688P/icm42688p.o
                0x08001fc0                ICM42688P_Get6AxisRawData
 .text.ICM42688P_DataReady
                0x08002060       0x18 ./Core/IMU/ICM42688P/icm42688p.o
                0x08002060                ICM42688P_DataReady
 .text.ICM42688P_WriteHWOffsets
                0x08002078      0x240 ./Core/IMU/ICM42688P/icm42688p.o
                0x08002078                ICM42688P_WriteHWOffsets
 .text.ICM42688P_CalibrateAndWriteOffsets
                0x080022b8      0x21c ./Core/IMU/ICM42688P/icm42688p.o
                0x080022b8                ICM42688P_CalibrateAndWriteOffsets
 .text.WS2812_SetColor
                0x080024d4      0x104 ./Core/LED/MAIN_BOARD_RGB/ws2812.o
                0x080024d4                WS2812_SetColor
 .text.WS2812_Send
                0x080025d8       0xf4 ./Core/LED/MAIN_BOARD_RGB/ws2812.o
                0x080025d8                WS2812_Send
 .text.main_led
                0x080026cc       0x5c ./Core/LED/MAIN_BOARD_RGB/ws2812.o
                0x080026cc                main_led
 .text.HAL_TIM_PWM_PulseFinishedCallback
                0x08002728       0x3c ./Core/LED/MAIN_BOARD_RGB/ws2812.o
                0x08002728                HAL_TIM_PWM_PulseFinishedCallback
 .text.__NVIC_GetPriorityGrouping
                0x08002764       0x1c ./Core/Src/dma.o
 .text.__NVIC_EnableIRQ
                0x08002780       0x3c ./Core/Src/dma.o
 .text.__NVIC_SetPriority
                0x080027bc       0x54 ./Core/Src/dma.o
 .text.NVIC_EncodePriority
                0x08002810       0x66 ./Core/Src/dma.o
 *fill*         0x08002876        0x2 
 .text.MX_DMA_Init
                0x08002878       0xe0 ./Core/Src/dma.o
                0x08002878                MX_DMA_Init
 .text.MX_GPIO_Init
                0x08002958      0x168 ./Core/Src/gpio.o
                0x08002958                MX_GPIO_Init
 .text.MX_I2C1_Init
                0x08002ac0       0x80 ./Core/Src/i2c.o
                0x08002ac0                MX_I2C1_Init
 .text.HAL_I2C_MspInit
                0x08002b40      0x1b8 ./Core/Src/i2c.o
                0x08002b40                HAL_I2C_MspInit
 .text.LL_TIM_EnableCounter
                0x08002cf8       0x20 ./Core/Src/main.o
 .text.LL_TIM_EnableIT_UPDATE
                0x08002d18       0x20 ./Core/Src/main.o
 .text.LL_USART_IsActiveFlag_FE
                0x08002d38       0x26 ./Core/Src/main.o
 .text.LL_USART_IsActiveFlag_ORE
                0x08002d5e       0x26 ./Core/Src/main.o
 .text.LL_USART_IsActiveFlag_TC
                0x08002d84       0x26 ./Core/Src/main.o
 .text.LL_USART_IsActiveFlag_TXE_TXFNF
                0x08002daa       0x26 ./Core/Src/main.o
 .text.LL_USART_ClearFlag_FE
                0x08002dd0       0x1a ./Core/Src/main.o
 .text.LL_USART_ClearFlag_ORE
                0x08002dea       0x1a ./Core/Src/main.o
 .text.LL_USART_EnableIT_RXNE_RXFNE
                0x08002e04       0x42 ./Core/Src/main.o
 .text.LL_USART_TransmitData8
                0x08002e46       0x1e ./Core/Src/main.o
 .text._write   0x08002e64       0x84 ./Core/Src/main.o
                0x08002e64                _write
 .text.HAL_I2C_ErrorCallback
                0x08002ee8       0x20 ./Core/Src/main.o
                0x08002ee8                HAL_I2C_ErrorCallback
 .text.main     0x08002f08      0x6f4 ./Core/Src/main.o
                0x08002f08                main
 .text.SystemClock_Config
                0x080035fc       0xdc ./Core/Src/main.o
                0x080035fc                SystemClock_Config
 .text.MPU_Config
                0x080036d8       0x58 ./Core/Src/main.o
 .text.Error_Handler
                0x08003730        0xc ./Core/Src/main.o
                0x08003730                Error_Handler
 .text.MX_OCTOSPI1_Init
                0x0800373c       0xc0 ./Core/Src/octospi.o
                0x0800373c                MX_OCTOSPI1_Init
 .text.HAL_OSPI_MspInit
                0x080037fc      0x1b4 ./Core/Src/octospi.o
                0x080037fc                HAL_OSPI_MspInit
 .text.__NVIC_GetPriorityGrouping
                0x080039b0       0x1c ./Core/Src/spi.o
 .text.__NVIC_EnableIRQ
                0x080039cc       0x3c ./Core/Src/spi.o
 .text.__NVIC_SetPriority
                0x08003a08       0x54 ./Core/Src/spi.o
 .text.NVIC_EncodePriority
                0x08003a5c       0x66 ./Core/Src/spi.o
 .text.LL_SPI_SetStandard
                0x08003ac2       0x26 ./Core/Src/spi.o
 .text.LL_SPI_SetFIFOThreshold
                0x08003ae8       0x26 ./Core/Src/spi.o
 .text.LL_SPI_EnableNSSPulseMgt
                0x08003b0e       0x20 ./Core/Src/spi.o
 *fill*         0x08003b2e        0x2 
 .text.LL_AHB4_GRP1_EnableClock
                0x08003b30       0x38 ./Core/Src/spi.o
 .text.LL_APB1_GRP1_EnableClock
                0x08003b68       0x38 ./Core/Src/spi.o
 .text.LL_DMA_SetDataTransferDirection
                0x08003ba0       0x4c ./Core/Src/spi.o
 .text.LL_DMA_SetMode
                0x08003bec       0x4c ./Core/Src/spi.o
 .text.LL_DMA_SetPeriphIncMode
                0x08003c38       0x4c ./Core/Src/spi.o
 .text.LL_DMA_SetMemoryIncMode
                0x08003c84       0x4c ./Core/Src/spi.o
 .text.LL_DMA_SetPeriphSize
                0x08003cd0       0x4c ./Core/Src/spi.o
 .text.LL_DMA_SetMemorySize
                0x08003d1c       0x4c ./Core/Src/spi.o
 .text.LL_DMA_SetStreamPriorityLevel
                0x08003d68       0x4c ./Core/Src/spi.o
 .text.LL_DMA_SetPeriphRequest
                0x08003db4       0x60 ./Core/Src/spi.o
 .text.LL_DMA_DisableFifoMode
                0x08003e14       0x44 ./Core/Src/spi.o
 .text.MX_SPI2_Init
                0x08003e58      0x220 ./Core/Src/spi.o
                0x08003e58                MX_SPI2_Init
 .text.MX_SPI3_Init
                0x08004078      0x1e4 ./Core/Src/spi.o
                0x08004078                MX_SPI3_Init
 .text.HAL_MspInit
                0x0800425c       0x34 ./Core/Src/stm32h7xx_hal_msp.o
                0x0800425c                HAL_MspInit
 .text.LL_TIM_ClearFlag_UPDATE
                0x08004290       0x1c ./Core/Src/stm32h7xx_it.o
 .text.LL_TIM_IsActiveFlag_UPDATE
                0x080042ac       0x26 ./Core/Src/stm32h7xx_it.o
 .text.LL_USART_IsActiveFlag_FE
                0x080042d2       0x26 ./Core/Src/stm32h7xx_it.o
 .text.LL_USART_IsActiveFlag_NE
                0x080042f8       0x26 ./Core/Src/stm32h7xx_it.o
 .text.LL_USART_IsActiveFlag_ORE
                0x0800431e       0x26 ./Core/Src/stm32h7xx_it.o
 .text.LL_USART_IsActiveFlag_RXNE_RXFNE
                0x08004344       0x26 ./Core/Src/stm32h7xx_it.o
 .text.LL_USART_ClearFlag_FE
                0x0800436a       0x1a ./Core/Src/stm32h7xx_it.o
 .text.LL_USART_ClearFlag_NE
                0x08004384       0x1a ./Core/Src/stm32h7xx_it.o
 .text.LL_USART_ClearFlag_ORE
                0x0800439e       0x1a ./Core/Src/stm32h7xx_it.o
 .text.LL_USART_ReceiveData8
                0x080043b8       0x1a ./Core/Src/stm32h7xx_it.o
 .text.NMI_Handler
                0x080043d2        0x8 ./Core/Src/stm32h7xx_it.o
                0x080043d2                NMI_Handler
 .text.HardFault_Handler
                0x080043da        0x8 ./Core/Src/stm32h7xx_it.o
                0x080043da                HardFault_Handler
 .text.MemManage_Handler
                0x080043e2        0x8 ./Core/Src/stm32h7xx_it.o
                0x080043e2                MemManage_Handler
 .text.BusFault_Handler
                0x080043ea        0x8 ./Core/Src/stm32h7xx_it.o
                0x080043ea                BusFault_Handler
 .text.UsageFault_Handler
                0x080043f2        0x8 ./Core/Src/stm32h7xx_it.o
                0x080043f2                UsageFault_Handler
 .text.SVC_Handler
                0x080043fa        0xe ./Core/Src/stm32h7xx_it.o
                0x080043fa                SVC_Handler
 .text.DebugMon_Handler
                0x08004408        0xe ./Core/Src/stm32h7xx_it.o
                0x08004408                DebugMon_Handler
 .text.PendSV_Handler
                0x08004416        0xe ./Core/Src/stm32h7xx_it.o
                0x08004416                PendSV_Handler
 .text.SysTick_Handler
                0x08004424        0xc ./Core/Src/stm32h7xx_it.o
                0x08004424                SysTick_Handler
 .text.DMA1_Stream0_IRQHandler
                0x08004430       0x14 ./Core/Src/stm32h7xx_it.o
                0x08004430                DMA1_Stream0_IRQHandler
 .text.DMA1_Stream1_IRQHandler
                0x08004444       0x14 ./Core/Src/stm32h7xx_it.o
                0x08004444                DMA1_Stream1_IRQHandler
 .text.DMA1_Stream2_IRQHandler
                0x08004458       0x14 ./Core/Src/stm32h7xx_it.o
                0x08004458                DMA1_Stream2_IRQHandler
 .text.DMA1_Stream3_IRQHandler
                0x0800446c        0xe ./Core/Src/stm32h7xx_it.o
                0x0800446c                DMA1_Stream3_IRQHandler
 .text.DMA1_Stream4_IRQHandler
                0x0800447a        0xe ./Core/Src/stm32h7xx_it.o
                0x0800447a                DMA1_Stream4_IRQHandler
 .text.DMA1_Stream5_IRQHandler
                0x08004488        0xe ./Core/Src/stm32h7xx_it.o
                0x08004488                DMA1_Stream5_IRQHandler
 .text.DMA1_Stream6_IRQHandler
                0x08004496        0xe ./Core/Src/stm32h7xx_it.o
                0x08004496                DMA1_Stream6_IRQHandler
 .text.I2C1_EV_IRQHandler
                0x080044a4       0x14 ./Core/Src/stm32h7xx_it.o
                0x080044a4                I2C1_EV_IRQHandler
 .text.I2C1_ER_IRQHandler
                0x080044b8       0x14 ./Core/Src/stm32h7xx_it.o
                0x080044b8                I2C1_ER_IRQHandler
 .text.SPI2_IRQHandler
                0x080044cc        0xe ./Core/Src/stm32h7xx_it.o
                0x080044cc                SPI2_IRQHandler
 .text.SPI3_IRQHandler
                0x080044da        0xe ./Core/Src/stm32h7xx_it.o
                0x080044da                SPI3_IRQHandler
 .text.UART4_IRQHandler
                0x080044e8      0x11c ./Core/Src/stm32h7xx_it.o
                0x080044e8                UART4_IRQHandler
 .text.TIM7_IRQHandler
                0x08004604      0x138 ./Core/Src/stm32h7xx_it.o
                0x08004604                TIM7_IRQHandler
 .text.USART6_IRQHandler
                0x0800473c       0xc8 ./Core/Src/stm32h7xx_it.o
                0x0800473c                USART6_IRQHandler
 .text._getpid  0x08004804       0x10 ./Core/Src/syscalls.o
                0x08004804                _getpid
 .text._kill    0x08004814       0x20 ./Core/Src/syscalls.o
                0x08004814                _kill
 .text._exit    0x08004834       0x16 ./Core/Src/syscalls.o
                0x08004834                _exit
 .text._read    0x0800484a       0x3a ./Core/Src/syscalls.o
                0x0800484a                _read
 .text._close   0x08004884       0x18 ./Core/Src/syscalls.o
                0x08004884                _close
 .text._fstat   0x0800489c       0x20 ./Core/Src/syscalls.o
                0x0800489c                _fstat
 .text._isatty  0x080048bc       0x16 ./Core/Src/syscalls.o
                0x080048bc                _isatty
 .text._lseek   0x080048d2       0x1a ./Core/Src/syscalls.o
                0x080048d2                _lseek
 .text._sbrk    0x080048ec       0x6c ./Core/Src/sysmem.o
                0x080048ec                _sbrk
 .text.SystemInit
                0x08004958      0x120 ./Core/Src/system_stm32h7xx.o
                0x08004958                SystemInit
 .text.ExitRun0Mode
                0x08004a78       0x30 ./Core/Src/system_stm32h7xx.o
                0x08004a78                ExitRun0Mode
 .text.__NVIC_GetPriorityGrouping
                0x08004aa8       0x1c ./Core/Src/tim.o
 .text.__NVIC_EnableIRQ
                0x08004ac4       0x3c ./Core/Src/tim.o
 .text.__NVIC_SetPriority
                0x08004b00       0x54 ./Core/Src/tim.o
 .text.NVIC_EncodePriority
                0x08004b54       0x66 ./Core/Src/tim.o
 .text.LL_TIM_EnableARRPreload
                0x08004bba       0x20 ./Core/Src/tim.o
 *fill*         0x08004bda        0x2 
 .text.LL_TIM_OC_EnableFast
                0x08004bdc       0xa0 ./Core/Src/tim.o
 .text.LL_TIM_OC_EnablePreload
                0x08004c7c       0xa0 ./Core/Src/tim.o
 .text.LL_TIM_SetClockSource
                0x08004d1c       0x2c ./Core/Src/tim.o
 .text.LL_TIM_SetTriggerOutput
                0x08004d48       0x26 ./Core/Src/tim.o
 .text.LL_TIM_DisableMasterSlaveMode
                0x08004d6e       0x20 ./Core/Src/tim.o
 *fill*         0x08004d8e        0x2 
 .text.LL_AHB4_GRP1_EnableClock
                0x08004d90       0x38 ./Core/Src/tim.o
 .text.LL_APB1_GRP1_EnableClock
                0x08004dc8       0x38 ./Core/Src/tim.o
 .text.MX_TIM2_Init
                0x08004e00       0xec ./Core/Src/tim.o
                0x08004e00                MX_TIM2_Init
 .text.MX_TIM3_Init
                0x08004eec       0xf0 ./Core/Src/tim.o
                0x08004eec                MX_TIM3_Init
 .text.MX_TIM5_Init
                0x08004fdc      0x134 ./Core/Src/tim.o
                0x08004fdc                MX_TIM5_Init
 .text.MX_TIM7_Init
                0x08005110       0x74 ./Core/Src/tim.o
                0x08005110                MX_TIM7_Init
 .text.HAL_TIM_Base_MspInit
                0x08005184       0xd4 ./Core/Src/tim.o
                0x08005184                HAL_TIM_Base_MspInit
 .text.HAL_TIM_MspPostInit
                0x08005258       0xc4 ./Core/Src/tim.o
                0x08005258                HAL_TIM_MspPostInit
 .text.__NVIC_GetPriorityGrouping
                0x0800531c       0x1c ./Core/Src/usart.o
 .text.__NVIC_EnableIRQ
                0x08005338       0x3c ./Core/Src/usart.o
 .text.__NVIC_SetPriority
                0x08005374       0x54 ./Core/Src/usart.o
 .text.NVIC_EncodePriority
                0x080053c8       0x66 ./Core/Src/usart.o
 .text.LL_USART_Enable
                0x0800542e       0x20 ./Core/Src/usart.o
 .text.LL_USART_DisableFIFO
                0x0800544e       0x20 ./Core/Src/usart.o
 .text.LL_USART_SetTXFIFOThreshold
                0x0800546e       0x4e ./Core/Src/usart.o
 .text.LL_USART_SetRXFIFOThreshold
                0x080054bc       0x4e ./Core/Src/usart.o
 .text.LL_USART_ConfigAsyncMode
                0x0800550a       0x2c ./Core/Src/usart.o
 .text.LL_USART_IsActiveFlag_TEACK
                0x08005536       0x28 ./Core/Src/usart.o
 .text.LL_USART_IsActiveFlag_REACK
                0x0800555e       0x28 ./Core/Src/usart.o
 *fill*         0x08005586        0x2 
 .text.LL_AHB4_GRP1_EnableClock
                0x08005588       0x38 ./Core/Src/usart.o
 .text.LL_APB1_GRP1_EnableClock
                0x080055c0       0x38 ./Core/Src/usart.o
 .text.LL_APB2_GRP1_EnableClock
                0x080055f8       0x38 ./Core/Src/usart.o
 .text.MX_UART4_Init
                0x08005630      0x134 ./Core/Src/usart.o
                0x08005630                MX_UART4_Init
 .text.MX_USART6_UART_Init
                0x08005764      0x13c ./Core/Src/usart.o
                0x08005764                MX_USART6_UART_Init
 .text.Reset_Handler
                0x080058a0       0x54 ./Core/Startup/startup_stm32h723vgtx.o
                0x080058a0                Reset_Handler
 .text.Default_Handler
                0x080058f4        0x2 ./Core/Startup/startup_stm32h723vgtx.o
                0x080058f4                RTC_Alarm_IRQHandler
                0x080058f4                EXTI2_IRQHandler
                0x080058f4                TIM8_CC_IRQHandler
                0x080058f4                UART8_IRQHandler
                0x080058f4                SPI4_IRQHandler
                0x080058f4                FDCAN3_IT0_IRQHandler
                0x080058f4                TIM1_CC_IRQHandler
                0x080058f4                BDMA_Channel6_IRQHandler
                0x080058f4                DMA2_Stream5_IRQHandler
                0x080058f4                CORDIC_IRQHandler
                0x080058f4                BDMA_Channel1_IRQHandler
                0x080058f4                TAMP_STAMP_IRQHandler
                0x080058f4                EXTI3_IRQHandler
                0x080058f4                LPTIM4_IRQHandler
                0x080058f4                TIM8_TRG_COM_TIM14_IRQHandler
                0x080058f4                LPTIM2_IRQHandler
                0x080058f4                DFSDM1_FLT1_IRQHandler
                0x080058f4                DMAMUX2_OVR_IRQHandler
                0x080058f4                TIM8_UP_TIM13_IRQHandler
                0x080058f4                I2C3_ER_IRQHandler
                0x080058f4                DFSDM1_FLT2_IRQHandler
                0x080058f4                I2C5_EV_IRQHandler
                0x080058f4                USART10_IRQHandler
                0x080058f4                MDMA_IRQHandler
                0x080058f4                LPTIM3_IRQHandler
                0x080058f4                HSEM1_IRQHandler
                0x080058f4                EXTI0_IRQHandler
                0x080058f4                I2C2_EV_IRQHandler
                0x080058f4                FPU_IRQHandler
                0x080058f4                OTG_HS_WKUP_IRQHandler
                0x080058f4                FDCAN1_IT1_IRQHandler
                0x080058f4                LTDC_ER_IRQHandler
                0x080058f4                DMA2_Stream2_IRQHandler
                0x080058f4                SPI1_IRQHandler
                0x080058f4                OCTOSPI1_IRQHandler
                0x080058f4                TIM6_DAC_IRQHandler
                0x080058f4                DMA2_Stream3_IRQHandler
                0x080058f4                OCTOSPI2_IRQHandler
                0x080058f4                DFSDM1_FLT3_IRQHandler
                0x080058f4                TIM23_IRQHandler
                0x080058f4                TIM17_IRQHandler
                0x080058f4                USART3_IRQHandler
                0x080058f4                BDMA_Channel7_IRQHandler
                0x080058f4                LPTIM5_IRQHandler
                0x080058f4                UART5_IRQHandler
                0x080058f4                ADC3_IRQHandler
                0x080058f4                DMA2_Stream0_IRQHandler
                0x080058f4                TIM4_IRQHandler
                0x080058f4                BDMA_Channel2_IRQHandler
                0x080058f4                DMAMUX1_OVR_IRQHandler
                0x080058f4                TIM16_IRQHandler
                0x080058f4                BDMA_Channel5_IRQHandler
                0x080058f4                TIM3_IRQHandler
                0x080058f4                RCC_IRQHandler
                0x080058f4                UART9_IRQHandler
                0x080058f4                TIM8_BRK_TIM12_IRQHandler
                0x080058f4                TIM1_TRG_COM_IRQHandler
                0x080058f4                Default_Handler
                0x080058f4                ECC_IRQHandler
                0x080058f4                FMAC_IRQHandler
                0x080058f4                CEC_IRQHandler
                0x080058f4                EXTI15_10_IRQHandler
                0x080058f4                BDMA_Channel0_IRQHandler
                0x080058f4                ADC_IRQHandler
                0x080058f4                I2C5_ER_IRQHandler
                0x080058f4                DMA1_Stream7_IRQHandler
                0x080058f4                SPI5_IRQHandler
                0x080058f4                FDCAN3_IT1_IRQHandler
                0x080058f4                SDMMC1_IRQHandler
                0x080058f4                TIM5_IRQHandler
                0x080058f4                DMA2_Stream7_IRQHandler
                0x080058f4                TIM15_IRQHandler
                0x080058f4                PVD_AVD_IRQHandler
                0x080058f4                I2C3_EV_IRQHandler
                0x080058f4                EXTI9_5_IRQHandler
                0x080058f4                RTC_WKUP_IRQHandler
                0x080058f4                LTDC_IRQHandler
                0x080058f4                ETH_WKUP_IRQHandler
                0x080058f4                SPDIF_RX_IRQHandler
                0x080058f4                OTG_HS_EP1_IN_IRQHandler
                0x080058f4                TIM24_IRQHandler
                0x080058f4                CRS_IRQHandler
                0x080058f4                EXTI4_IRQHandler
                0x080058f4                RNG_IRQHandler
                0x080058f4                FDCAN2_IT1_IRQHandler
                0x080058f4                ETH_IRQHandler
                0x080058f4                TIM1_UP_IRQHandler
                0x080058f4                BDMA_Channel4_IRQHandler
                0x080058f4                OTG_HS_EP1_OUT_IRQHandler
                0x080058f4                WWDG_IRQHandler
                0x080058f4                SPI6_IRQHandler
                0x080058f4                MDIOS_IRQHandler
                0x080058f4                I2C4_EV_IRQHandler
                0x080058f4                FDCAN2_IT0_IRQHandler
                0x080058f4                LPUART1_IRQHandler
                0x080058f4                FDCAN1_IT0_IRQHandler
                0x080058f4                TIM2_IRQHandler
                0x080058f4                OTG_HS_IRQHandler
                0x080058f4                DMA2D_IRQHandler
                0x080058f4                TIM1_BRK_IRQHandler
                0x080058f4                EXTI1_IRQHandler
                0x080058f4                SDMMC2_IRQHandler
                0x080058f4                BDMA_Channel3_IRQHandler
                0x080058f4                DTS_IRQHandler
                0x080058f4                UART7_IRQHandler
                0x080058f4                MDIOS_WKUP_IRQHandler
                0x080058f4                USART2_IRQHandler
                0x080058f4                DFSDM1_FLT0_IRQHandler
                0x080058f4                SAI4_IRQHandler
                0x080058f4                I2C2_ER_IRQHandler
                0x080058f4                DMA2_Stream1_IRQHandler
                0x080058f4                FLASH_IRQHandler
                0x080058f4                DMA2_Stream4_IRQHandler
                0x080058f4                USART1_IRQHandler
                0x080058f4                WAKEUP_PIN_IRQHandler
                0x080058f4                FMC_IRQHandler
                0x080058f4                FDCAN_CAL_IRQHandler
                0x080058f4                SWPMI1_IRQHandler
                0x080058f4                COMP1_IRQHandler
                0x080058f4                LPTIM1_IRQHandler
                0x080058f4                DCMI_PSSI_IRQHandler
                0x080058f4                I2C4_ER_IRQHandler
                0x080058f4                DMA2_Stream6_IRQHandler
                0x080058f4                SAI1_IRQHandler
 *fill*         0x080058f6        0x2 
 .text.HAL_Init
                0x080058f8       0x78 ./Drivers/STM32H7xx_HAL_Driver/Src/stm32h7xx_hal.o
                0x080058f8                HAL_Init
 .text.HAL_InitTick
                0x08005970       0x6c ./Drivers/STM32H7xx_HAL_Driver/Src/stm32h7xx_hal.o
                0x08005970                HAL_InitTick
 .text.HAL_IncTick
                0x080059dc       0x28 ./Drivers/STM32H7xx_HAL_Driver/Src/stm32h7xx_hal.o
                0x080059dc                HAL_IncTick
 .text.HAL_GetTick
                0x08005a04       0x18 ./Drivers/STM32H7xx_HAL_Driver/Src/stm32h7xx_hal.o
                0x08005a04                HAL_GetTick
 .text.HAL_Delay
                0x08005a1c       0x48 ./Drivers/STM32H7xx_HAL_Driver/Src/stm32h7xx_hal.o
                0x08005a1c                HAL_Delay
 .text.__NVIC_SetPriorityGrouping
                0x08005a64       0x48 ./Drivers/STM32H7xx_HAL_Driver/Src/stm32h7xx_hal_cortex.o
 .text.__NVIC_GetPriorityGrouping
                0x08005aac       0x1c ./Drivers/STM32H7xx_HAL_Driver/Src/stm32h7xx_hal_cortex.o
 .text.__NVIC_EnableIRQ
                0x08005ac8       0x3c ./Drivers/STM32H7xx_HAL_Driver/Src/stm32h7xx_hal_cortex.o
 .text.__NVIC_SetPriority
                0x08005b04       0x54 ./Drivers/STM32H7xx_HAL_Driver/Src/stm32h7xx_hal_cortex.o
 .text.NVIC_EncodePriority
                0x08005b58       0x66 ./Drivers/STM32H7xx_HAL_Driver/Src/stm32h7xx_hal_cortex.o
 *fill*         0x08005bbe        0x2 
 .text.SysTick_Config
                0x08005bc0       0x44 ./Drivers/STM32H7xx_HAL_Driver/Src/stm32h7xx_hal_cortex.o
 .text.HAL_NVIC_SetPriorityGrouping
                0x08005c04       0x16 ./Drivers/STM32H7xx_HAL_Driver/Src/stm32h7xx_hal_cortex.o
                0x08005c04                HAL_NVIC_SetPriorityGrouping
 .text.HAL_NVIC_SetPriority
                0x08005c1a       0x34 ./Drivers/STM32H7xx_HAL_Driver/Src/stm32h7xx_hal_cortex.o
                0x08005c1a                HAL_NVIC_SetPriority
 .text.HAL_NVIC_EnableIRQ
                0x08005c4e       0x1c ./Drivers/STM32H7xx_HAL_Driver/Src/stm32h7xx_hal_cortex.o
                0x08005c4e                HAL_NVIC_EnableIRQ
 .text.HAL_SYSTICK_Config
                0x08005c6a       0x18 ./Drivers/STM32H7xx_HAL_Driver/Src/stm32h7xx_hal_cortex.o
                0x08005c6a                HAL_SYSTICK_Config
 *fill*         0x08005c82        0x2 
 .text.HAL_MPU_Disable
                0x08005c84       0x30 ./Drivers/STM32H7xx_HAL_Driver/Src/stm32h7xx_hal_cortex.o
                0x08005c84                HAL_MPU_Disable
 .text.HAL_MPU_Enable
                0x08005cb4       0x40 ./Drivers/STM32H7xx_HAL_Driver/Src/stm32h7xx_hal_cortex.o
                0x08005cb4                HAL_MPU_Enable
 .text.HAL_MPU_ConfigRegion
                0x08005cf4       0x80 ./Drivers/STM32H7xx_HAL_Driver/Src/stm32h7xx_hal_cortex.o
                0x08005cf4                HAL_MPU_ConfigRegion
 .text.HAL_DMA_Init
                0x08005d74      0x6b0 ./Drivers/STM32H7xx_HAL_Driver/Src/stm32h7xx_hal_dma.o
                0x08005d74                HAL_DMA_Init
 .text.HAL_DMA_Start_IT
                0x08006424      0x4d4 ./Drivers/STM32H7xx_HAL_Driver/Src/stm32h7xx_hal_dma.o
                0x08006424                HAL_DMA_Start_IT
 .text.HAL_DMA_Abort_IT
                0x080068f8      0x48c ./Drivers/STM32H7xx_HAL_Driver/Src/stm32h7xx_hal_dma.o
                0x080068f8                HAL_DMA_Abort_IT
 .text.HAL_DMA_IRQHandler
                0x08006d84      0xe54 ./Drivers/STM32H7xx_HAL_Driver/Src/stm32h7xx_hal_dma.o
                0x08006d84                HAL_DMA_IRQHandler
 .text.HAL_DMA_GetState
                0x08007bd8       0x1c ./Drivers/STM32H7xx_HAL_Driver/Src/stm32h7xx_hal_dma.o
                0x08007bd8                HAL_DMA_GetState
 .text.DMA_SetConfig
                0x08007bf4      0x358 ./Drivers/STM32H7xx_HAL_Driver/Src/stm32h7xx_hal_dma.o
 .text.DMA_CalcBaseAndBitshift
                0x08007f4c      0x164 ./Drivers/STM32H7xx_HAL_Driver/Src/stm32h7xx_hal_dma.o
 .text.DMA_CheckFifoParam
                0x080080b0       0xf8 ./Drivers/STM32H7xx_HAL_Driver/Src/stm32h7xx_hal_dma.o
 .text.DMA_CalcDMAMUXChannelBaseAndMask
                0x080081a8      0x134 ./Drivers/STM32H7xx_HAL_Driver/Src/stm32h7xx_hal_dma.o
 .text.DMA_CalcDMAMUXRequestGenBaseAndMask
                0x080082dc       0xe8 ./Drivers/STM32H7xx_HAL_Driver/Src/stm32h7xx_hal_dma.o
 .text.HAL_GPIO_Init
                0x080083c4      0x350 ./Drivers/STM32H7xx_HAL_Driver/Src/stm32h7xx_hal_gpio.o
                0x080083c4                HAL_GPIO_Init
 .text.HAL_GPIO_WritePin
                0x08008714       0x32 ./Drivers/STM32H7xx_HAL_Driver/Src/stm32h7xx_hal_gpio.o
                0x08008714                HAL_GPIO_WritePin
 .text.HAL_GPIO_TogglePin
                0x08008746       0x34 ./Drivers/STM32H7xx_HAL_Driver/Src/stm32h7xx_hal_gpio.o
                0x08008746                HAL_GPIO_TogglePin
 *fill*         0x0800877a        0x2 
 .text.HAL_I2C_Init
                0x0800877c      0x138 ./Drivers/STM32H7xx_HAL_Driver/Src/stm32h7xx_hal_i2c.o
                0x0800877c                HAL_I2C_Init
 .text.HAL_I2C_Master_Transmit
                0x080088b4      0x230 ./Drivers/STM32H7xx_HAL_Driver/Src/stm32h7xx_hal_i2c.o
                0x080088b4                HAL_I2C_Master_Transmit
 .text.HAL_I2C_Master_Receive
                0x08008ae4      0x1ec ./Drivers/STM32H7xx_HAL_Driver/Src/stm32h7xx_hal_i2c.o
                0x08008ae4                HAL_I2C_Master_Receive
 .text.HAL_I2C_EV_IRQHandler
                0x08008cd0       0x34 ./Drivers/STM32H7xx_HAL_Driver/Src/stm32h7xx_hal_i2c.o
                0x08008cd0                HAL_I2C_EV_IRQHandler
 .text.HAL_I2C_ER_IRQHandler
                0x08008d04       0xc2 ./Drivers/STM32H7xx_HAL_Driver/Src/stm32h7xx_hal_i2c.o
                0x08008d04                HAL_I2C_ER_IRQHandler
 .text.HAL_I2C_SlaveTxCpltCallback
                0x08008dc6       0x14 ./Drivers/STM32H7xx_HAL_Driver/Src/stm32h7xx_hal_i2c.o
                0x08008dc6                HAL_I2C_SlaveTxCpltCallback
 .text.HAL_I2C_SlaveRxCpltCallback
                0x08008dda       0x14 ./Drivers/STM32H7xx_HAL_Driver/Src/stm32h7xx_hal_i2c.o
                0x08008dda                HAL_I2C_SlaveRxCpltCallback
 .text.HAL_I2C_AddrCallback
                0x08008dee       0x1c ./Drivers/STM32H7xx_HAL_Driver/Src/stm32h7xx_hal_i2c.o
                0x08008dee                HAL_I2C_AddrCallback
 .text.HAL_I2C_ListenCpltCallback
                0x08008e0a       0x14 ./Drivers/STM32H7xx_HAL_Driver/Src/stm32h7xx_hal_i2c.o
                0x08008e0a                HAL_I2C_ListenCpltCallback
 .text.HAL_I2C_AbortCpltCallback
                0x08008e1e       0x14 ./Drivers/STM32H7xx_HAL_Driver/Src/stm32h7xx_hal_i2c.o
                0x08008e1e                HAL_I2C_AbortCpltCallback
 .text.I2C_Slave_ISR_IT
                0x08008e32      0x208 ./Drivers/STM32H7xx_HAL_Driver/Src/stm32h7xx_hal_i2c.o
 .text.I2C_ITAddrCplt
                0x0800903a      0x108 ./Drivers/STM32H7xx_HAL_Driver/Src/stm32h7xx_hal_i2c.o
 .text.I2C_ITSlaveSeqCplt
                0x08009142       0xbc ./Drivers/STM32H7xx_HAL_Driver/Src/stm32h7xx_hal_i2c.o
 *fill*         0x080091fe        0x2 
 .text.I2C_ITSlaveCplt
                0x08009200      0x4b4 ./Drivers/STM32H7xx_HAL_Driver/Src/stm32h7xx_hal_i2c.o
 .text.I2C_ITListenCplt
                0x080096b4       0xac ./Drivers/STM32H7xx_HAL_Driver/Src/stm32h7xx_hal_i2c.o
 .text.I2C_ITError
                0x08009760      0x1e0 ./Drivers/STM32H7xx_HAL_Driver/Src/stm32h7xx_hal_i2c.o
 .text.I2C_TreatErrorCallback
                0x08009940       0x4e ./Drivers/STM32H7xx_HAL_Driver/Src/stm32h7xx_hal_i2c.o
 .text.I2C_Flush_TXDR
                0x0800998e       0x48 ./Drivers/STM32H7xx_HAL_Driver/Src/stm32h7xx_hal_i2c.o
 .text.I2C_DMAAbort
                0x080099d6       0x3c ./Drivers/STM32H7xx_HAL_Driver/Src/stm32h7xx_hal_i2c.o
 .text.I2C_WaitOnFlagUntilTimeout
                0x08009a12       0xb2 ./Drivers/STM32H7xx_HAL_Driver/Src/stm32h7xx_hal_i2c.o
 .text.I2C_WaitOnTXISFlagUntilTimeout
                0x08009ac4       0x8e ./Drivers/STM32H7xx_HAL_Driver/Src/stm32h7xx_hal_i2c.o
 .text.I2C_WaitOnSTOPFlagUntilTimeout
                0x08009b52       0x86 ./Drivers/STM32H7xx_HAL_Driver/Src/stm32h7xx_hal_i2c.o
 .text.I2C_WaitOnRXNEFlagUntilTimeout
                0x08009bd8      0x118 ./Drivers/STM32H7xx_HAL_Driver/Src/stm32h7xx_hal_i2c.o
 .text.I2C_IsErrorOccurred
                0x08009cf0      0x1c0 ./Drivers/STM32H7xx_HAL_Driver/Src/stm32h7xx_hal_i2c.o
 .text.I2C_TransferConfig
                0x08009eb0       0x64 ./Drivers/STM32H7xx_HAL_Driver/Src/stm32h7xx_hal_i2c.o
 .text.I2C_Disable_IRQ
                0x08009f14       0xbc ./Drivers/STM32H7xx_HAL_Driver/Src/stm32h7xx_hal_i2c.o
 .text.HAL_I2CEx_ConfigAnalogFilter
                0x08009fd0       0x96 ./Drivers/STM32H7xx_HAL_Driver/Src/stm32h7xx_hal_i2c_ex.o
                0x08009fd0                HAL_I2CEx_ConfigAnalogFilter
 .text.HAL_I2CEx_ConfigDigitalFilter
                0x0800a066       0x98 ./Drivers/STM32H7xx_HAL_Driver/Src/stm32h7xx_hal_i2c_ex.o
                0x0800a066                HAL_I2CEx_ConfigDigitalFilter
 *fill*         0x0800a0fe        0x2 
 .text.HAL_OSPI_Init
                0x0800a100      0x178 ./Drivers/STM32H7xx_HAL_Driver/Src/stm32h7xx_hal_ospi.o
                0x0800a100                HAL_OSPI_Init
 .text.HAL_OSPI_Command
                0x0800a278      0x11a ./Drivers/STM32H7xx_HAL_Driver/Src/stm32h7xx_hal_ospi.o
                0x0800a278                HAL_OSPI_Command
 .text.HAL_OSPI_Transmit
                0x0800a392       0xe6 ./Drivers/STM32H7xx_HAL_Driver/Src/stm32h7xx_hal_ospi.o
                0x0800a392                HAL_OSPI_Transmit
 .text.HAL_OSPI_Receive
                0x0800a478      0x146 ./Drivers/STM32H7xx_HAL_Driver/Src/stm32h7xx_hal_ospi.o
                0x0800a478                HAL_OSPI_Receive
 .text.HAL_OSPI_SetTimeout
                0x0800a5be       0x1e ./Drivers/STM32H7xx_HAL_Driver/Src/stm32h7xx_hal_ospi.o
                0x0800a5be                HAL_OSPI_SetTimeout
 .text.HAL_OSPIM_Config
                0x0800a5dc      0x9d8 ./Drivers/STM32H7xx_HAL_Driver/Src/stm32h7xx_hal_ospi.o
                0x0800a5dc                HAL_OSPIM_Config
 .text.OSPI_WaitFlagStateUntilTimeout
                0x0800afb4       0x6e ./Drivers/STM32H7xx_HAL_Driver/Src/stm32h7xx_hal_ospi.o
 *fill*         0x0800b022        0x2 
 .text.OSPI_ConfigCmd
                0x0800b024      0x2f4 ./Drivers/STM32H7xx_HAL_Driver/Src/stm32h7xx_hal_ospi.o
 .text.OSPIM_GetConfig
                0x0800b318      0x174 ./Drivers/STM32H7xx_HAL_Driver/Src/stm32h7xx_hal_ospi.o
 .text.HAL_PWREx_ConfigSupply
                0x0800b48c       0x74 ./Drivers/STM32H7xx_HAL_Driver/Src/stm32h7xx_hal_pwr_ex.o
                0x0800b48c                HAL_PWREx_ConfigSupply
 .text.HAL_RCC_OscConfig
                0x0800b500      0x7b4 ./Drivers/STM32H7xx_HAL_Driver/Src/stm32h7xx_hal_rcc.o
                0x0800b500                HAL_RCC_OscConfig
 .text.HAL_RCC_ClockConfig
                0x0800bcb4      0x36c ./Drivers/STM32H7xx_HAL_Driver/Src/stm32h7xx_hal_rcc.o
                0x0800bcb4                HAL_RCC_ClockConfig
 .text.HAL_RCC_GetSysClockFreq
                0x0800c020      0x2f4 ./Drivers/STM32H7xx_HAL_Driver/Src/stm32h7xx_hal_rcc.o
                0x0800c020                HAL_RCC_GetSysClockFreq
 .text.HAL_RCCEx_PeriphCLKConfig
                0x0800c314     0x1340 ./Drivers/STM32H7xx_HAL_Driver/Src/stm32h7xx_hal_rcc_ex.o
                0x0800c314                HAL_RCCEx_PeriphCLKConfig
 .text.RCCEx_PLL2_Config
                0x0800d654      0x164 ./Drivers/STM32H7xx_HAL_Driver/Src/stm32h7xx_hal_rcc_ex.o
 .text.RCCEx_PLL3_Config
                0x0800d7b8      0x164 ./Drivers/STM32H7xx_HAL_Driver/Src/stm32h7xx_hal_rcc_ex.o
 .text.HAL_TIM_Base_Init
                0x0800d91c       0xae ./Drivers/STM32H7xx_HAL_Driver/Src/stm32h7xx_hal_tim.o
                0x0800d91c                HAL_TIM_Base_Init
 *fill*         0x0800d9ca        0x2 
 .text.HAL_TIM_Base_Start
                0x0800d9cc       0xfc ./Drivers/STM32H7xx_HAL_Driver/Src/stm32h7xx_hal_tim.o
                0x0800d9cc                HAL_TIM_Base_Start
 .text.HAL_TIM_Base_Stop
                0x0800dac8       0x4e ./Drivers/STM32H7xx_HAL_Driver/Src/stm32h7xx_hal_tim.o
                0x0800dac8                HAL_TIM_Base_Stop
 .text.HAL_TIM_PWM_Init
                0x0800db16       0xae ./Drivers/STM32H7xx_HAL_Driver/Src/stm32h7xx_hal_tim.o
                0x0800db16                HAL_TIM_PWM_Init
 .text.HAL_TIM_PWM_MspInit
                0x0800dbc4       0x14 ./Drivers/STM32H7xx_HAL_Driver/Src/stm32h7xx_hal_tim.o
                0x0800dbc4                HAL_TIM_PWM_MspInit
 .text.HAL_TIM_PWM_Start
                0x0800dbd8      0x238 ./Drivers/STM32H7xx_HAL_Driver/Src/stm32h7xx_hal_tim.o
                0x0800dbd8                HAL_TIM_PWM_Start
 .text.HAL_TIM_PWM_Start_DMA
                0x0800de10      0x468 ./Drivers/STM32H7xx_HAL_Driver/Src/stm32h7xx_hal_tim.o
                0x0800de10                HAL_TIM_PWM_Start_DMA
 .text.HAL_TIM_PWM_Stop_DMA
                0x0800e278      0x1f0 ./Drivers/STM32H7xx_HAL_Driver/Src/stm32h7xx_hal_tim.o
                0x0800e278                HAL_TIM_PWM_Stop_DMA
 .text.HAL_TIM_PWM_ConfigChannel
                0x0800e468      0x228 ./Drivers/STM32H7xx_HAL_Driver/Src/stm32h7xx_hal_tim.o
                0x0800e468                HAL_TIM_PWM_ConfigChannel
 .text.HAL_TIM_ConfigClockSource
                0x0800e690      0x1f0 ./Drivers/STM32H7xx_HAL_Driver/Src/stm32h7xx_hal_tim.o
                0x0800e690                HAL_TIM_ConfigClockSource
 .text.HAL_TIM_PWM_PulseFinishedHalfCpltCallback
                0x0800e880       0x14 ./Drivers/STM32H7xx_HAL_Driver/Src/stm32h7xx_hal_tim.o
                0x0800e880                HAL_TIM_PWM_PulseFinishedHalfCpltCallback
 .text.HAL_TIM_ErrorCallback
                0x0800e894       0x14 ./Drivers/STM32H7xx_HAL_Driver/Src/stm32h7xx_hal_tim.o
                0x0800e894                HAL_TIM_ErrorCallback
 .text.TIM_DMAError
                0x0800e8a8       0x92 ./Drivers/STM32H7xx_HAL_Driver/Src/stm32h7xx_hal_tim.o
                0x0800e8a8                TIM_DMAError
 .text.TIM_DMADelayPulseCplt
                0x0800e93a       0xa8 ./Drivers/STM32H7xx_HAL_Driver/Src/stm32h7xx_hal_tim.o
 .text.TIM_DMADelayPulseHalfCplt
                0x0800e9e2       0x68 ./Drivers/STM32H7xx_HAL_Driver/Src/stm32h7xx_hal_tim.o
                0x0800e9e2                TIM_DMADelayPulseHalfCplt
 *fill*         0x0800ea4a        0x2 
 .text.TIM_Base_SetConfig
                0x0800ea4c      0x158 ./Drivers/STM32H7xx_HAL_Driver/Src/stm32h7xx_hal_tim.o
                0x0800ea4c                TIM_Base_SetConfig
 .text.TIM_OC1_SetConfig
                0x0800eba4      0x120 ./Drivers/STM32H7xx_HAL_Driver/Src/stm32h7xx_hal_tim.o
 .text.TIM_OC2_SetConfig
                0x0800ecc4      0x114 ./Drivers/STM32H7xx_HAL_Driver/Src/stm32h7xx_hal_tim.o
                0x0800ecc4                TIM_OC2_SetConfig
 .text.TIM_OC3_SetConfig
                0x0800edd8      0x110 ./Drivers/STM32H7xx_HAL_Driver/Src/stm32h7xx_hal_tim.o
 .text.TIM_OC4_SetConfig
                0x0800eee8       0xd4 ./Drivers/STM32H7xx_HAL_Driver/Src/stm32h7xx_hal_tim.o
 .text.TIM_OC5_SetConfig
                0x0800efbc       0xc8 ./Drivers/STM32H7xx_HAL_Driver/Src/stm32h7xx_hal_tim.o
 .text.TIM_OC6_SetConfig
                0x0800f084       0xcc ./Drivers/STM32H7xx_HAL_Driver/Src/stm32h7xx_hal_tim.o
 .text.TIM_TI1_ConfigInputStage
                0x0800f150       0x5e ./Drivers/STM32H7xx_HAL_Driver/Src/stm32h7xx_hal_tim.o
 .text.TIM_TI2_ConfigInputStage
                0x0800f1ae       0x60 ./Drivers/STM32H7xx_HAL_Driver/Src/stm32h7xx_hal_tim.o
 *fill*         0x0800f20e        0x2 
 .text.TIM_ITRx_SetConfig
                0x0800f210       0x3c ./Drivers/STM32H7xx_HAL_Driver/Src/stm32h7xx_hal_tim.o
 .text.TIM_ETR_SetConfig
                0x0800f24c       0x40 ./Drivers/STM32H7xx_HAL_Driver/Src/stm32h7xx_hal_tim.o
                0x0800f24c                TIM_ETR_SetConfig
 .text.TIM_CCxChannelCmd
                0x0800f28c       0x4a ./Drivers/STM32H7xx_HAL_Driver/Src/stm32h7xx_hal_tim.o
                0x0800f28c                TIM_CCxChannelCmd
 *fill*         0x0800f2d6        0x2 
 .text.HAL_TIMEx_MasterConfigSynchronization
                0x0800f2d8      0x138 ./Drivers/STM32H7xx_HAL_Driver/Src/stm32h7xx_hal_tim_ex.o
                0x0800f2d8                HAL_TIMEx_MasterConfigSynchronization
 .text.LL_GPIO_SetPinMode
                0x0800f410       0x40 ./Drivers/STM32H7xx_HAL_Driver/Src/stm32h7xx_ll_gpio.o
 .text.LL_GPIO_SetPinOutputType
                0x0800f450       0x30 ./Drivers/STM32H7xx_HAL_Driver/Src/stm32h7xx_ll_gpio.o
 .text.LL_GPIO_SetPinSpeed
                0x0800f480       0x40 ./Drivers/STM32H7xx_HAL_Driver/Src/stm32h7xx_ll_gpio.o
 .text.LL_GPIO_SetPinPull
                0x0800f4c0       0x40 ./Drivers/STM32H7xx_HAL_Driver/Src/stm32h7xx_ll_gpio.o
 .text.LL_GPIO_SetAFPin_0_7
                0x0800f500       0x58 ./Drivers/STM32H7xx_HAL_Driver/Src/stm32h7xx_ll_gpio.o
 .text.LL_GPIO_SetAFPin_8_15
                0x0800f558       0x6c ./Drivers/STM32H7xx_HAL_Driver/Src/stm32h7xx_ll_gpio.o
 .text.LL_GPIO_Init
                0x0800f5c4       0xdc ./Drivers/STM32H7xx_HAL_Driver/Src/stm32h7xx_ll_gpio.o
                0x0800f5c4                LL_GPIO_Init
 .text.LL_RCC_HSE_IsReady
                0x0800f6a0       0x28 ./Drivers/STM32H7xx_HAL_Driver/Src/stm32h7xx_ll_rcc.o
 .text.LL_RCC_HSI_IsReady
                0x0800f6c8       0x24 ./Drivers/STM32H7xx_HAL_Driver/Src/stm32h7xx_ll_rcc.o
 .text.LL_RCC_HSI_GetDivider
                0x0800f6ec       0x1c ./Drivers/STM32H7xx_HAL_Driver/Src/stm32h7xx_ll_rcc.o
 .text.LL_RCC_CSI_IsReady
                0x0800f708       0x28 ./Drivers/STM32H7xx_HAL_Driver/Src/stm32h7xx_ll_rcc.o
 .text.LL_RCC_LSE_IsReady
                0x0800f730       0x24 ./Drivers/STM32H7xx_HAL_Driver/Src/stm32h7xx_ll_rcc.o
 .text.LL_RCC_GetSysClkSource
                0x0800f754       0x1c ./Drivers/STM32H7xx_HAL_Driver/Src/stm32h7xx_ll_rcc.o
 .text.LL_RCC_GetSysPrescaler
                0x0800f770       0x1c ./Drivers/STM32H7xx_HAL_Driver/Src/stm32h7xx_ll_rcc.o
 .text.LL_RCC_GetAHBPrescaler
                0x0800f78c       0x1c ./Drivers/STM32H7xx_HAL_Driver/Src/stm32h7xx_ll_rcc.o
 .text.LL_RCC_GetAPB1Prescaler
                0x0800f7a8       0x1c ./Drivers/STM32H7xx_HAL_Driver/Src/stm32h7xx_ll_rcc.o
 .text.LL_RCC_GetAPB2Prescaler
                0x0800f7c4       0x1c ./Drivers/STM32H7xx_HAL_Driver/Src/stm32h7xx_ll_rcc.o
 .text.LL_RCC_GetClockSource
                0x0800f7e0       0x4c ./Drivers/STM32H7xx_HAL_Driver/Src/stm32h7xx_ll_rcc.o
 .text.LL_RCC_GetUSARTClockSource
                0x0800f82c       0x18 ./Drivers/STM32H7xx_HAL_Driver/Src/stm32h7xx_ll_rcc.o
 .text.LL_RCC_PLL_GetSource
                0x0800f844       0x1c ./Drivers/STM32H7xx_HAL_Driver/Src/stm32h7xx_ll_rcc.o
 .text.LL_RCC_PLL1P_IsEnabled
                0x0800f860       0x28 ./Drivers/STM32H7xx_HAL_Driver/Src/stm32h7xx_ll_rcc.o
 .text.LL_RCC_PLL1Q_IsEnabled
                0x0800f888       0x28 ./Drivers/STM32H7xx_HAL_Driver/Src/stm32h7xx_ll_rcc.o
 .text.LL_RCC_PLL1R_IsEnabled
                0x0800f8b0       0x28 ./Drivers/STM32H7xx_HAL_Driver/Src/stm32h7xx_ll_rcc.o
 .text.LL_RCC_PLL1FRACN_IsEnabled
                0x0800f8d8       0x24 ./Drivers/STM32H7xx_HAL_Driver/Src/stm32h7xx_ll_rcc.o
 .text.LL_RCC_PLL1_GetN
                0x0800f8fc       0x1c ./Drivers/STM32H7xx_HAL_Driver/Src/stm32h7xx_ll_rcc.o
 .text.LL_RCC_PLL1_GetM
                0x0800f918       0x1c ./Drivers/STM32H7xx_HAL_Driver/Src/stm32h7xx_ll_rcc.o
 .text.LL_RCC_PLL1_GetP
                0x0800f934       0x20 ./Drivers/STM32H7xx_HAL_Driver/Src/stm32h7xx_ll_rcc.o
 .text.LL_RCC_PLL1_GetQ
                0x0800f954       0x20 ./Drivers/STM32H7xx_HAL_Driver/Src/stm32h7xx_ll_rcc.o
 .text.LL_RCC_PLL1_GetR
                0x0800f974       0x20 ./Drivers/STM32H7xx_HAL_Driver/Src/stm32h7xx_ll_rcc.o
 .text.LL_RCC_PLL1_GetFRACN
                0x0800f994       0x1c ./Drivers/STM32H7xx_HAL_Driver/Src/stm32h7xx_ll_rcc.o
 .text.LL_RCC_PLL2_IsReady
                0x0800f9b0       0x28 ./Drivers/STM32H7xx_HAL_Driver/Src/stm32h7xx_ll_rcc.o
 .text.LL_RCC_PLL2P_IsEnabled
                0x0800f9d8       0x28 ./Drivers/STM32H7xx_HAL_Driver/Src/stm32h7xx_ll_rcc.o
 .text.LL_RCC_PLL2Q_IsEnabled
                0x0800fa00       0x28 ./Drivers/STM32H7xx_HAL_Driver/Src/stm32h7xx_ll_rcc.o
 .text.LL_RCC_PLL2R_IsEnabled
                0x0800fa28       0x28 ./Drivers/STM32H7xx_HAL_Driver/Src/stm32h7xx_ll_rcc.o
 .text.LL_RCC_PLL2FRACN_IsEnabled
                0x0800fa50       0x24 ./Drivers/STM32H7xx_HAL_Driver/Src/stm32h7xx_ll_rcc.o
 .text.LL_RCC_PLL2_GetN
                0x0800fa74       0x1c ./Drivers/STM32H7xx_HAL_Driver/Src/stm32h7xx_ll_rcc.o
 .text.LL_RCC_PLL2_GetM
                0x0800fa90       0x1c ./Drivers/STM32H7xx_HAL_Driver/Src/stm32h7xx_ll_rcc.o
 .text.LL_RCC_PLL2_GetP
                0x0800faac       0x20 ./Drivers/STM32H7xx_HAL_Driver/Src/stm32h7xx_ll_rcc.o
 .text.LL_RCC_PLL2_GetQ
                0x0800facc       0x20 ./Drivers/STM32H7xx_HAL_Driver/Src/stm32h7xx_ll_rcc.o
 .text.LL_RCC_PLL2_GetR
                0x0800faec       0x20 ./Drivers/STM32H7xx_HAL_Driver/Src/stm32h7xx_ll_rcc.o
 .text.LL_RCC_PLL2_GetFRACN
                0x0800fb0c       0x1c ./Drivers/STM32H7xx_HAL_Driver/Src/stm32h7xx_ll_rcc.o
 .text.LL_RCC_PLL3_IsReady
                0x0800fb28       0x28 ./Drivers/STM32H7xx_HAL_Driver/Src/stm32h7xx_ll_rcc.o
 .text.LL_RCC_PLL3P_IsEnabled
                0x0800fb50       0x28 ./Drivers/STM32H7xx_HAL_Driver/Src/stm32h7xx_ll_rcc.o
 .text.LL_RCC_PLL3Q_IsEnabled
                0x0800fb78       0x28 ./Drivers/STM32H7xx_HAL_Driver/Src/stm32h7xx_ll_rcc.o
 .text.LL_RCC_PLL3R_IsEnabled
                0x0800fba0       0x28 ./Drivers/STM32H7xx_HAL_Driver/Src/stm32h7xx_ll_rcc.o
 .text.LL_RCC_PLL3FRACN_IsEnabled
                0x0800fbc8       0x28 ./Drivers/STM32H7xx_HAL_Driver/Src/stm32h7xx_ll_rcc.o
 .text.LL_RCC_PLL3_GetN
                0x0800fbf0       0x1c ./Drivers/STM32H7xx_HAL_Driver/Src/stm32h7xx_ll_rcc.o
 .text.LL_RCC_PLL3_GetM
                0x0800fc0c       0x1c ./Drivers/STM32H7xx_HAL_Driver/Src/stm32h7xx_ll_rcc.o
 .text.LL_RCC_PLL3_GetP
                0x0800fc28       0x20 ./Drivers/STM32H7xx_HAL_Driver/Src/stm32h7xx_ll_rcc.o
 .text.LL_RCC_PLL3_GetQ
                0x0800fc48       0x20 ./Drivers/STM32H7xx_HAL_Driver/Src/stm32h7xx_ll_rcc.o
 .text.LL_RCC_PLL3_GetR
                0x0800fc68       0x20 ./Drivers/STM32H7xx_HAL_Driver/Src/stm32h7xx_ll_rcc.o
 .text.LL_RCC_PLL3_GetFRACN
                0x0800fc88       0x1c ./Drivers/STM32H7xx_HAL_Driver/Src/stm32h7xx_ll_rcc.o
 .text.LL_RCC_GetPLL1ClockFreq
                0x0800fca4      0x130 ./Drivers/STM32H7xx_HAL_Driver/Src/stm32h7xx_ll_rcc.o
                0x0800fca4                LL_RCC_GetPLL1ClockFreq
 .text.LL_RCC_GetPLL2ClockFreq
                0x0800fdd4      0x130 ./Drivers/STM32H7xx_HAL_Driver/Src/stm32h7xx_ll_rcc.o
                0x0800fdd4                LL_RCC_GetPLL2ClockFreq
 .text.LL_RCC_GetPLL3ClockFreq
                0x0800ff04      0x134 ./Drivers/STM32H7xx_HAL_Driver/Src/stm32h7xx_ll_rcc.o
                0x0800ff04                LL_RCC_GetPLL3ClockFreq
 .text.LL_RCC_CalcPLLClockFreq
                0x08010038       0x80 ./Drivers/STM32H7xx_HAL_Driver/Src/stm32h7xx_ll_rcc.o
                0x08010038                LL_RCC_CalcPLLClockFreq
 .text.LL_RCC_GetUSARTClockFreq
                0x080100b8      0x1dc ./Drivers/STM32H7xx_HAL_Driver/Src/stm32h7xx_ll_rcc.o
                0x080100b8                LL_RCC_GetUSARTClockFreq
 .text.RCC_GetSystemClockFreq
                0x08010294       0xc4 ./Drivers/STM32H7xx_HAL_Driver/Src/stm32h7xx_ll_rcc.o
 .text.RCC_GetHCLKClockFreq
                0x08010358       0x2c ./Drivers/STM32H7xx_HAL_Driver/Src/stm32h7xx_ll_rcc.o
 .text.RCC_GetPCLK1ClockFreq
                0x08010384       0x30 ./Drivers/STM32H7xx_HAL_Driver/Src/stm32h7xx_ll_rcc.o
 .text.RCC_GetPCLK2ClockFreq
                0x080103b4       0x30 ./Drivers/STM32H7xx_HAL_Driver/Src/stm32h7xx_ll_rcc.o
 .text.LL_SPI_IsEnabled
                0x080103e4       0x26 ./Drivers/STM32H7xx_HAL_Driver/Src/stm32h7xx_ll_spi.o
 .text.LL_SPI_SetInternalSSLevel
                0x0801040a       0x26 ./Drivers/STM32H7xx_HAL_Driver/Src/stm32h7xx_ll_spi.o
 .text.LL_SPI_GetNSSPolarity
                0x08010430       0x1c ./Drivers/STM32H7xx_HAL_Driver/Src/stm32h7xx_ll_spi.o
 .text.LL_SPI_SetCRCPolynomial
                0x0801044c       0x1c ./Drivers/STM32H7xx_HAL_Driver/Src/stm32h7xx_ll_spi.o
 .text.LL_SPI_Init
                0x08010468       0xfc ./Drivers/STM32H7xx_HAL_Driver/Src/stm32h7xx_ll_spi.o
                0x08010468                LL_SPI_Init
 .text.LL_TIM_SetPrescaler
                0x08010564       0x1c ./Drivers/STM32H7xx_HAL_Driver/Src/stm32h7xx_ll_tim.o
 .text.LL_TIM_SetAutoReload
                0x08010580       0x1c ./Drivers/STM32H7xx_HAL_Driver/Src/stm32h7xx_ll_tim.o
 .text.LL_TIM_SetRepetitionCounter
                0x0801059c       0x1c ./Drivers/STM32H7xx_HAL_Driver/Src/stm32h7xx_ll_tim.o
 .text.LL_TIM_OC_SetCompareCH1
                0x080105b8       0x1c ./Drivers/STM32H7xx_HAL_Driver/Src/stm32h7xx_ll_tim.o
 .text.LL_TIM_OC_SetCompareCH2
                0x080105d4       0x1c ./Drivers/STM32H7xx_HAL_Driver/Src/stm32h7xx_ll_tim.o
 .text.LL_TIM_OC_SetCompareCH3
                0x080105f0       0x1c ./Drivers/STM32H7xx_HAL_Driver/Src/stm32h7xx_ll_tim.o
 .text.LL_TIM_OC_SetCompareCH4
                0x0801060c       0x1c ./Drivers/STM32H7xx_HAL_Driver/Src/stm32h7xx_ll_tim.o
 .text.LL_TIM_OC_SetCompareCH5
                0x08010628       0x20 ./Drivers/STM32H7xx_HAL_Driver/Src/stm32h7xx_ll_tim.o
 .text.LL_TIM_OC_SetCompareCH6
                0x08010648       0x1c ./Drivers/STM32H7xx_HAL_Driver/Src/stm32h7xx_ll_tim.o
 .text.LL_TIM_GenerateEvent_UPDATE
                0x08010664       0x20 ./Drivers/STM32H7xx_HAL_Driver/Src/stm32h7xx_ll_tim.o
 .text.LL_TIM_Init
                0x08010684      0x140 ./Drivers/STM32H7xx_HAL_Driver/Src/stm32h7xx_ll_tim.o
                0x08010684                LL_TIM_Init
 .text.LL_TIM_OC_Init
                0x080107c4       0xbe ./Drivers/STM32H7xx_HAL_Driver/Src/stm32h7xx_ll_tim.o
                0x080107c4                LL_TIM_OC_Init
 *fill*         0x08010882        0x2 
 .text.OC1Config
                0x08010884      0x100 ./Drivers/STM32H7xx_HAL_Driver/Src/stm32h7xx_ll_tim.o
 .text.OC2Config
                0x08010984      0x108 ./Drivers/STM32H7xx_HAL_Driver/Src/stm32h7xx_ll_tim.o
 .text.OC3Config
                0x08010a8c      0x108 ./Drivers/STM32H7xx_HAL_Driver/Src/stm32h7xx_ll_tim.o
 .text.OC4Config
                0x08010b94       0xd8 ./Drivers/STM32H7xx_HAL_Driver/Src/stm32h7xx_ll_tim.o
 .text.OC5Config
                0x08010c6c       0xc8 ./Drivers/STM32H7xx_HAL_Driver/Src/stm32h7xx_ll_tim.o
 .text.OC6Config
                0x08010d34       0xc8 ./Drivers/STM32H7xx_HAL_Driver/Src/stm32h7xx_ll_tim.o
 .text.LL_USART_IsEnabled
                0x08010dfc       0x26 ./Drivers/STM32H7xx_HAL_Driver/Src/stm32h7xx_ll_usart.o
 .text.LL_USART_SetPrescaler
                0x08010e22       0x28 ./Drivers/STM32H7xx_HAL_Driver/Src/stm32h7xx_ll_usart.o
 .text.LL_USART_SetStopBitsLength
                0x08010e4a       0x26 ./Drivers/STM32H7xx_HAL_Driver/Src/stm32h7xx_ll_usart.o
 .text.LL_USART_SetHWFlowCtrl
                0x08010e70       0x26 ./Drivers/STM32H7xx_HAL_Driver/Src/stm32h7xx_ll_usart.o
 *fill*         0x08010e96        0x2 
 .text.LL_USART_SetBaudRate
                0x08010e98       0xa0 ./Drivers/STM32H7xx_HAL_Driver/Src/stm32h7xx_ll_usart.o
 .text.LL_USART_Init
                0x08010f38      0x184 ./Drivers/STM32H7xx_HAL_Driver/Src/stm32h7xx_ll_usart.o
                0x08010f38                LL_USART_Init
 .text.__cvt    0x080110bc       0xa8 /opt/st/stm32cubeide_1.19.0/plugins/com.st.stm32cube.ide.mcu.externaltools.gnu-tools-for-stm32.13.3.rel1.linux64_1.0.0.202410170706/tools/bin/../lib/gcc/arm-none-eabi/13.3.1/../../../../arm-none-eabi/lib/thumb/v7e-m+dp/hard/libc_nano.a(libc_a-nano-vfprintf_float.o)
                0x080110bc                __cvt
 .text.__exponent
                0x08011164       0x74 /opt/st/stm32cubeide_1.19.0/plugins/com.st.stm32cube.ide.mcu.externaltools.gnu-tools-for-stm32.13.3.rel1.linux64_1.0.0.202410170706/tools/bin/../lib/gcc/arm-none-eabi/13.3.1/../../../../arm-none-eabi/lib/thumb/v7e-m+dp/hard/libc_nano.a(libc_a-nano-vfprintf_float.o)
                0x08011164                __exponent
 .text._printf_float
                0x080111d8      0x434 /opt/st/stm32cubeide_1.19.0/plugins/com.st.stm32cube.ide.mcu.externaltools.gnu-tools-for-stm32.13.3.rel1.linux64_1.0.0.202410170706/tools/bin/../lib/gcc/arm-none-eabi/13.3.1/../../../../arm-none-eabi/lib/thumb/v7e-m+dp/hard/libc_nano.a(libc_a-nano-vfprintf_float.o)
                0x080111d8                _printf_float
 .text._printf_common
                0x0801160c       0xda /opt/st/stm32cubeide_1.19.0/plugins/com.st.stm32cube.ide.mcu.externaltools.gnu-tools-for-stm32.13.3.rel1.linux64_1.0.0.202410170706/tools/bin/../lib/gcc/arm-none-eabi/13.3.1/../../../../arm-none-eabi/lib/thumb/v7e-m+dp/hard/libc_nano.a(libc_a-nano-vfprintf_i.o)
                0x0801160c                _printf_common
 *fill*         0x080116e6        0x2 
 .text._printf_i
                0x080116e8      0x23c /opt/st/stm32cubeide_1.19.0/plugins/com.st.stm32cube.ide.mcu.externaltools.gnu-tools-for-stm32.13.3.rel1.linux64_1.0.0.202410170706/tools/bin/../lib/gcc/arm-none-eabi/13.3.1/../../../../arm-none-eabi/lib/thumb/v7e-m+dp/hard/libc_nano.a(libc_a-nano-vfprintf_i.o)
                0x080116e8                _printf_i
 .text._scanf_float
                0x08011924      0x40c /opt/st/stm32cubeide_1.19.0/plugins/com.st.stm32cube.ide.mcu.externaltools.gnu-tools-for-stm32.13.3.rel1.linux64_1.0.0.202410170706/tools/bin/../lib/gcc/arm-none-eabi/13.3.1/../../../../arm-none-eabi/lib/thumb/v7e-m+dp/hard/libc_nano.a(libc_a-nano-vfscanf_float.o)
                0x08011924                _scanf_float
 .text.std      0x08011d30       0x6c /opt/st/stm32cubeide_1.19.0/plugins/com.st.stm32cube.ide.mcu.externaltools.gnu-tools-for-stm32.13.3.rel1.linux64_1.0.0.202410170706/tools/bin/../lib/gcc/arm-none-eabi/13.3.1/../../../../arm-none-eabi/lib/thumb/v7e-m+dp/hard/libc_nano.a(libc_a-findfp.o)
 .text.stdio_exit_handler
                0x08011d9c       0x18 /opt/st/stm32cubeide_1.19.0/plugins/com.st.stm32cube.ide.mcu.externaltools.gnu-tools-for-stm32.13.3.rel1.linux64_1.0.0.202410170706/tools/bin/../lib/gcc/arm-none-eabi/13.3.1/../../../../arm-none-eabi/lib/thumb/v7e-m+dp/hard/libc_nano.a(libc_a-findfp.o)
 .text.cleanup_stdio
                0x08011db4       0x40 /opt/st/stm32cubeide_1.19.0/plugins/com.st.stm32cube.ide.mcu.externaltools.gnu-tools-for-stm32.13.3.rel1.linux64_1.0.0.202410170706/tools/bin/../lib/gcc/arm-none-eabi/13.3.1/../../../../arm-none-eabi/lib/thumb/v7e-m+dp/hard/libc_nano.a(libc_a-findfp.o)
 .text.global_stdio_init.part.0
                0x08011df4       0x3c /opt/st/stm32cubeide_1.19.0/plugins/com.st.stm32cube.ide.mcu.externaltools.gnu-tools-for-stm32.13.3.rel1.linux64_1.0.0.202410170706/tools/bin/../lib/gcc/arm-none-eabi/13.3.1/../../../../arm-none-eabi/lib/thumb/v7e-m+dp/hard/libc_nano.a(libc_a-findfp.o)
 .text.__sfp_lock_acquire
                0x08011e30        0xc /opt/st/stm32cubeide_1.19.0/plugins/com.st.stm32cube.ide.mcu.externaltools.gnu-tools-for-stm32.13.3.rel1.linux64_1.0.0.202410170706/tools/bin/../lib/gcc/arm-none-eabi/13.3.1/../../../../arm-none-eabi/lib/thumb/v7e-m+dp/hard/libc_nano.a(libc_a-findfp.o)
                0x08011e30                __sfp_lock_acquire
 .text.__sfp_lock_release
                0x08011e3c        0xc /opt/st/stm32cubeide_1.19.0/plugins/com.st.stm32cube.ide.mcu.externaltools.gnu-tools-for-stm32.13.3.rel1.linux64_1.0.0.202410170706/tools/bin/../lib/gcc/arm-none-eabi/13.3.1/../../../../arm-none-eabi/lib/thumb/v7e-m+dp/hard/libc_nano.a(libc_a-findfp.o)
                0x08011e3c                __sfp_lock_release
 .text.__sinit  0x08011e48       0x30 /opt/st/stm32cubeide_1.19.0/plugins/com.st.stm32cube.ide.mcu.externaltools.gnu-tools-for-stm32.13.3.rel1.linux64_1.0.0.202410170706/tools/bin/../lib/gcc/arm-none-eabi/13.3.1/../../../../arm-none-eabi/lib/thumb/v7e-m+dp/hard/libc_nano.a(libc_a-findfp.o)
                0x08011e48                __sinit
 .text._fwalk_sglue
                0x08011e78       0x3c /opt/st/stm32cubeide_1.19.0/plugins/com.st.stm32cube.ide.mcu.externaltools.gnu-tools-for-stm32.13.3.rel1.linux64_1.0.0.202410170706/tools/bin/../lib/gcc/arm-none-eabi/13.3.1/../../../../arm-none-eabi/lib/thumb/v7e-m+dp/hard/libc_nano.a(libc_a-fwalk.o)
                0x08011e78                _fwalk_sglue
 .text.printf   0x08011eb4       0x24 /opt/st/stm32cubeide_1.19.0/plugins/com.st.stm32cube.ide.mcu.externaltools.gnu-tools-for-stm32.13.3.rel1.linux64_1.0.0.202410170706/tools/bin/../lib/gcc/arm-none-eabi/13.3.1/../../../../arm-none-eabi/lib/thumb/v7e-m+dp/hard/libc_nano.a(libc_a-printf.o)
                0x08011eb4                printf
                0x08011eb4                iprintf
 .text.putchar  0x08011ed8       0x10 /opt/st/stm32cubeide_1.19.0/plugins/com.st.stm32cube.ide.mcu.externaltools.gnu-tools-for-stm32.13.3.rel1.linux64_1.0.0.202410170706/tools/bin/../lib/gcc/arm-none-eabi/13.3.1/../../../../arm-none-eabi/lib/thumb/v7e-m+dp/hard/libc_nano.a(libc_a-putchar.o)
                0x08011ed8                putchar
 .text._puts_r  0x08011ee8       0xaa /opt/st/stm32cubeide_1.19.0/plugins/com.st.stm32cube.ide.mcu.externaltools.gnu-tools-for-stm32.13.3.rel1.linux64_1.0.0.202410170706/tools/bin/../lib/gcc/arm-none-eabi/13.3.1/../../../../arm-none-eabi/lib/thumb/v7e-m+dp/hard/libc_nano.a(libc_a-puts.o)
                0x08011ee8                _puts_r
 *fill*         0x08011f92        0x2 
 .text.puts     0x08011f94       0x10 /opt/st/stm32cubeide_1.19.0/plugins/com.st.stm32cube.ide.mcu.externaltools.gnu-tools-for-stm32.13.3.rel1.linux64_1.0.0.202410170706/tools/bin/../lib/gcc/arm-none-eabi/13.3.1/../../../../arm-none-eabi/lib/thumb/v7e-m+dp/hard/libc_nano.a(libc_a-puts.o)
                0x08011f94                puts
 .text.sprintf  0x08011fa4       0x44 /opt/st/stm32cubeide_1.19.0/plugins/com.st.stm32cube.ide.mcu.externaltools.gnu-tools-for-stm32.13.3.rel1.linux64_1.0.0.202410170706/tools/bin/../lib/gcc/arm-none-eabi/13.3.1/../../../../arm-none-eabi/lib/thumb/v7e-m+dp/hard/libc_nano.a(libc_a-sprintf.o)
                0x08011fa4                sprintf
                0x08011fa4                siprintf
 .text.sscanf   0x08011fe8       0x58 /opt/st/stm32cubeide_1.19.0/plugins/com.st.stm32cube.ide.mcu.externaltools.gnu-tools-for-stm32.13.3.rel1.linux64_1.0.0.202410170706/tools/bin/../lib/gcc/arm-none-eabi/13.3.1/../../../../arm-none-eabi/lib/thumb/v7e-m+dp/hard/libc_nano.a(libc_a-sscanf.o)
                0x08011fe8                sscanf
                0x08011fe8                siscanf
 .text.__sread  0x08012040       0x22 /opt/st/stm32cubeide_1.19.0/plugins/com.st.stm32cube.ide.mcu.externaltools.gnu-tools-for-stm32.13.3.rel1.linux64_1.0.0.202410170706/tools/bin/../lib/gcc/arm-none-eabi/13.3.1/../../../../arm-none-eabi/lib/thumb/v7e-m+dp/hard/libc_nano.a(libc_a-stdio.o)
                0x08012040                __sread
 .text.__seofread
                0x08012062        0x4 /opt/st/stm32cubeide_1.19.0/plugins/com.st.stm32cube.ide.mcu.externaltools.gnu-tools-for-stm32.13.3.rel1.linux64_1.0.0.202410170706/tools/bin/../lib/gcc/arm-none-eabi/13.3.1/../../../../arm-none-eabi/lib/thumb/v7e-m+dp/hard/libc_nano.a(libc_a-stdio.o)
                0x08012062                __seofread
 .text.__swrite
                0x08012066       0x38 /opt/st/stm32cubeide_1.19.0/plugins/com.st.stm32cube.ide.mcu.externaltools.gnu-tools-for-stm32.13.3.rel1.linux64_1.0.0.202410170706/tools/bin/../lib/gcc/arm-none-eabi/13.3.1/../../../../arm-none-eabi/lib/thumb/v7e-m+dp/hard/libc_nano.a(libc_a-stdio.o)
                0x08012066                __swrite
 .text.__sseek  0x0801209e       0x24 /opt/st/stm32cubeide_1.19.0/plugins/com.st.stm32cube.ide.mcu.externaltools.gnu-tools-for-stm32.13.3.rel1.linux64_1.0.0.202410170706/tools/bin/../lib/gcc/arm-none-eabi/13.3.1/../../../../arm-none-eabi/lib/thumb/v7e-m+dp/hard/libc_nano.a(libc_a-stdio.o)
                0x0801209e                __sseek
 .text.__sclose
                0x080120c2        0x8 /opt/st/stm32cubeide_1.19.0/plugins/com.st.stm32cube.ide.mcu.externaltools.gnu-tools-for-stm32.13.3.rel1.linux64_1.0.0.202410170706/tools/bin/../lib/gcc/arm-none-eabi/13.3.1/../../../../arm-none-eabi/lib/thumb/v7e-m+dp/hard/libc_nano.a(libc_a-stdio.o)
                0x080120c2                __sclose
 .text.__swbuf_r
                0x080120ca       0x7c /opt/st/stm32cubeide_1.19.0/plugins/com.st.stm32cube.ide.mcu.externaltools.gnu-tools-for-stm32.13.3.rel1.linux64_1.0.0.202410170706/tools/bin/../lib/gcc/arm-none-eabi/13.3.1/../../../../arm-none-eabi/lib/thumb/v7e-m+dp/hard/libc_nano.a(libc_a-wbuf.o)
                0x080120ca                __swbuf_r
 *fill*         0x08012146        0x2 
 .text.__swsetup_r
                0x08012148       0xac /opt/st/stm32cubeide_1.19.0/plugins/com.st.stm32cube.ide.mcu.externaltools.gnu-tools-for-stm32.13.3.rel1.linux64_1.0.0.202410170706/tools/bin/../lib/gcc/arm-none-eabi/13.3.1/../../../../arm-none-eabi/lib/thumb/v7e-m+dp/hard/libc_nano.a(libc_a-wsetup.o)
                0x08012148                __swsetup_r
 .text.memmove  0x080121f4       0x34 /opt/st/stm32cubeide_1.19.0/plugins/com.st.stm32cube.ide.mcu.externaltools.gnu-tools-for-stm32.13.3.rel1.linux64_1.0.0.202410170706/tools/bin/../lib/gcc/arm-none-eabi/13.3.1/../../../../arm-none-eabi/lib/thumb/v7e-m+dp/hard/libc_nano.a(libc_a-memmove.o)
                0x080121f4                memmove
 .text.memset   0x08012228       0x10 /opt/st/stm32cubeide_1.19.0/plugins/com.st.stm32cube.ide.mcu.externaltools.gnu-tools-for-stm32.13.3.rel1.linux64_1.0.0.202410170706/tools/bin/../lib/gcc/arm-none-eabi/13.3.1/../../../../arm-none-eabi/lib/thumb/v7e-m+dp/hard/libc_nano.a(libc_a-memset.o)
                0x08012228                memset
 .text.strchr   0x08012238       0x1a /opt/st/stm32cubeide_1.19.0/plugins/com.st.stm32cube.ide.mcu.externaltools.gnu-tools-for-stm32.13.3.rel1.linux64_1.0.0.202410170706/tools/bin/../lib/gcc/arm-none-eabi/13.3.1/../../../../arm-none-eabi/lib/thumb/v7e-m+dp/hard/libc_nano.a(libc_a-strchr.o)
                0x08012238                strchr
 .text.strncmp  0x08012252       0x24 /opt/st/stm32cubeide_1.19.0/plugins/com.st.stm32cube.ide.mcu.externaltools.gnu-tools-for-stm32.13.3.rel1.linux64_1.0.0.202410170706/tools/bin/../lib/gcc/arm-none-eabi/13.3.1/../../../../arm-none-eabi/lib/thumb/v7e-m+dp/hard/libc_nano.a(libc_a-strncmp.o)
                0x08012252                strncmp
 *fill*         0x08012276        0x2 
 .text._localeconv_r
                0x08012278        0x8 /opt/st/stm32cubeide_1.19.0/plugins/com.st.stm32cube.ide.mcu.externaltools.gnu-tools-for-stm32.13.3.rel1.linux64_1.0.0.202410170706/tools/bin/../lib/gcc/arm-none-eabi/13.3.1/../../../../arm-none-eabi/lib/thumb/v7e-m+dp/hard/libc_nano.a(libc_a-localeconv.o)
                0x08012278                _localeconv_r
 .text._close_r
                0x08012280       0x20 /opt/st/stm32cubeide_1.19.0/plugins/com.st.stm32cube.ide.mcu.externaltools.gnu-tools-for-stm32.13.3.rel1.linux64_1.0.0.202410170706/tools/bin/../lib/gcc/arm-none-eabi/13.3.1/../../../../arm-none-eabi/lib/thumb/v7e-m+dp/hard/libc_nano.a(libc_a-closer.o)
                0x08012280                _close_r
 .text._lseek_r
                0x080122a0       0x24 /opt/st/stm32cubeide_1.19.0/plugins/com.st.stm32cube.ide.mcu.externaltools.gnu-tools-for-stm32.13.3.rel1.linux64_1.0.0.202410170706/tools/bin/../lib/gcc/arm-none-eabi/13.3.1/../../../../arm-none-eabi/lib/thumb/v7e-m+dp/hard/libc_nano.a(libc_a-lseekr.o)
                0x080122a0                _lseek_r
 .text._read_r  0x080122c4       0x24 /opt/st/stm32cubeide_1.19.0/plugins/com.st.stm32cube.ide.mcu.externaltools.gnu-tools-for-stm32.13.3.rel1.linux64_1.0.0.202410170706/tools/bin/../lib/gcc/arm-none-eabi/13.3.1/../../../../arm-none-eabi/lib/thumb/v7e-m+dp/hard/libc_nano.a(libc_a-readr.o)
                0x080122c4                _read_r
 .text._write_r
                0x080122e8       0x24 /opt/st/stm32cubeide_1.19.0/plugins/com.st.stm32cube.ide.mcu.externaltools.gnu-tools-for-stm32.13.3.rel1.linux64_1.0.0.202410170706/tools/bin/../lib/gcc/arm-none-eabi/13.3.1/../../../../arm-none-eabi/lib/thumb/v7e-m+dp/hard/libc_nano.a(libc_a-writer.o)
                0x080122e8                _write_r
 .text.__errno  0x0801230c        0xc /opt/st/stm32cubeide_1.19.0/plugins/com.st.stm32cube.ide.mcu.externaltools.gnu-tools-for-stm32.13.3.rel1.linux64_1.0.0.202410170706/tools/bin/../lib/gcc/arm-none-eabi/13.3.1/../../../../arm-none-eabi/lib/thumb/v7e-m+dp/hard/libc_nano.a(libc_a-errno.o)
                0x0801230c                __errno
 .text.__libc_init_array
                0x08012318       0x48 /opt/st/stm32cubeide_1.19.0/plugins/com.st.stm32cube.ide.mcu.externaltools.gnu-tools-for-stm32.13.3.rel1.linux64_1.0.0.202410170706/tools/bin/../lib/gcc/arm-none-eabi/13.3.1/../../../../arm-none-eabi/lib/thumb/v7e-m+dp/hard/libc_nano.a(libc_a-init.o)
                0x08012318                __libc_init_array
 .text.__retarget_lock_init_recursive
                0x08012360        0x2 /opt/st/stm32cubeide_1.19.0/plugins/com.st.stm32cube.ide.mcu.externaltools.gnu-tools-for-stm32.13.3.rel1.linux64_1.0.0.202410170706/tools/bin/../lib/gcc/arm-none-eabi/13.3.1/../../../../arm-none-eabi/lib/thumb/v7e-m+dp/hard/libc_nano.a(libc_a-lock.o)
                0x08012360                __retarget_lock_init_recursive
 .text.__retarget_lock_acquire_recursive
                0x08012362        0x2 /opt/st/stm32cubeide_1.19.0/plugins/com.st.stm32cube.ide.mcu.externaltools.gnu-tools-for-stm32.13.3.rel1.linux64_1.0.0.202410170706/tools/bin/../lib/gcc/arm-none-eabi/13.3.1/../../../../arm-none-eabi/lib/thumb/v7e-m+dp/hard/libc_nano.a(libc_a-lock.o)
                0x08012362                __retarget_lock_acquire_recursive
 .text.__retarget_lock_release_recursive
                0x08012364        0x2 /opt/st/stm32cubeide_1.19.0/plugins/com.st.stm32cube.ide.mcu.externaltools.gnu-tools-for-stm32.13.3.rel1.linux64_1.0.0.202410170706/tools/bin/../lib/gcc/arm-none-eabi/13.3.1/../../../../arm-none-eabi/lib/thumb/v7e-m+dp/hard/libc_nano.a(libc_a-lock.o)
                0x08012364                __retarget_lock_release_recursive
 .text.memcpy   0x08012366       0x1c /opt/st/stm32cubeide_1.19.0/plugins/com.st.stm32cube.ide.mcu.externaltools.gnu-tools-for-stm32.13.3.rel1.linux64_1.0.0.202410170706/tools/bin/../lib/gcc/arm-none-eabi/13.3.1/../../../../arm-none-eabi/lib/thumb/v7e-m+dp/hard/libc_nano.a(libc_a-memcpy-stub.o)
                0x08012366                memcpy
 *fill*         0x08012382        0x2 
 .text.nanf     0x08012384        0xc /opt/st/stm32cubeide_1.19.0/plugins/com.st.stm32cube.ide.mcu.externaltools.gnu-tools-for-stm32.13.3.rel1.linux64_1.0.0.202410170706/tools/bin/../lib/gcc/arm-none-eabi/13.3.1/../../../../arm-none-eabi/lib/thumb/v7e-m+dp/hard/libc_nano.a(libm_a-sf_nan.o)
                0x08012384                nanf
 .text.quorem   0x08012390      0x110 /opt/st/stm32cubeide_1.19.0/plugins/com.st.stm32cube.ide.mcu.externaltools.gnu-tools-for-stm32.13.3.rel1.linux64_1.0.0.202410170706/tools/bin/../lib/gcc/arm-none-eabi/13.3.1/../../../../arm-none-eabi/lib/thumb/v7e-m+dp/hard/libc_nano.a(libc_a-dtoa.o)
 .text._dtoa_r  0x080124a0      0xabc /opt/st/stm32cubeide_1.19.0/plugins/com.st.stm32cube.ide.mcu.externaltools.gnu-tools-for-stm32.13.3.rel1.linux64_1.0.0.202410170706/tools/bin/../lib/gcc/arm-none-eabi/13.3.1/../../../../arm-none-eabi/lib/thumb/v7e-m+dp/hard/libc_nano.a(libc_a-dtoa.o)
                0x080124a0                _dtoa_r
 .text._free_r  0x08012f5c       0x94 /opt/st/stm32cubeide_1.19.0/plugins/com.st.stm32cube.ide.mcu.externaltools.gnu-tools-for-stm32.13.3.rel1.linux64_1.0.0.202410170706/tools/bin/../lib/gcc/arm-none-eabi/13.3.1/../../../../arm-none-eabi/lib/thumb/v7e-m+dp/hard/libc_nano.a(libc_a-freer.o)
                0x08012f5c                _free_r
 .text.malloc   0x08012ff0       0x10 /opt/st/stm32cubeide_1.19.0/plugins/com.st.stm32cube.ide.mcu.externaltools.gnu-tools-for-stm32.13.3.rel1.linux64_1.0.0.202410170706/tools/bin/../lib/gcc/arm-none-eabi/13.3.1/../../../../arm-none-eabi/lib/thumb/v7e-m+dp/hard/libc_nano.a(libc_a-malloc.o)
                0x08012ff0                malloc
 .text.sbrk_aligned
                0x08013000       0x44 /opt/st/stm32cubeide_1.19.0/plugins/com.st.stm32cube.ide.mcu.externaltools.gnu-tools-for-stm32.13.3.rel1.linux64_1.0.0.202410170706/tools/bin/../lib/gcc/arm-none-eabi/13.3.1/../../../../arm-none-eabi/lib/thumb/v7e-m+dp/hard/libc_nano.a(libc_a-mallocr.o)
 .text._malloc_r
                0x08013044      0x100 /opt/st/stm32cubeide_1.19.0/plugins/com.st.stm32cube.ide.mcu.externaltools.gnu-tools-for-stm32.13.3.rel1.linux64_1.0.0.202410170706/tools/bin/../lib/gcc/arm-none-eabi/13.3.1/../../../../arm-none-eabi/lib/thumb/v7e-m+dp/hard/libc_nano.a(libc_a-mallocr.o)
                0x08013044                _malloc_r
 .text.__malloc_lock
                0x08013144        0xc /opt/st/stm32cubeide_1.19.0/plugins/com.st.stm32cube.ide.mcu.externaltools.gnu-tools-for-stm32.13.3.rel1.linux64_1.0.0.202410170706/tools/bin/../lib/gcc/arm-none-eabi/13.3.1/../../../../arm-none-eabi/lib/thumb/v7e-m+dp/hard/libc_nano.a(libc_a-mlock.o)
                0x08013144                __malloc_lock
 .text.__malloc_unlock
                0x08013150        0xc /opt/st/stm32cubeide_1.19.0/plugins/com.st.stm32cube.ide.mcu.externaltools.gnu-tools-for-stm32.13.3.rel1.linux64_1.0.0.202410170706/tools/bin/../lib/gcc/arm-none-eabi/13.3.1/../../../../arm-none-eabi/lib/thumb/v7e-m+dp/hard/libc_nano.a(libc_a-mlock.o)
                0x08013150                __malloc_unlock
 .text._Balloc  0x0801315c       0x80 /opt/st/stm32cubeide_1.19.0/plugins/com.st.stm32cube.ide.mcu.externaltools.gnu-tools-for-stm32.13.3.rel1.linux64_1.0.0.202410170706/tools/bin/../lib/gcc/arm-none-eabi/13.3.1/../../../../arm-none-eabi/lib/thumb/v7e-m+dp/hard/libc_nano.a(libc_a-mprec.o)
                0x0801315c                _Balloc
 .text._Bfree   0x080131dc       0x44 /opt/st/stm32cubeide_1.19.0/plugins/com.st.stm32cube.ide.mcu.externaltools.gnu-tools-for-stm32.13.3.rel1.linux64_1.0.0.202410170706/tools/bin/../lib/gcc/arm-none-eabi/13.3.1/../../../../arm-none-eabi/lib/thumb/v7e-m+dp/hard/libc_nano.a(libc_a-mprec.o)
                0x080131dc                _Bfree
 .text.__multadd
                0x08013220       0x8c /opt/st/stm32cubeide_1.19.0/plugins/com.st.stm32cube.ide.mcu.externaltools.gnu-tools-for-stm32.13.3.rel1.linux64_1.0.0.202410170706/tools/bin/../lib/gcc/arm-none-eabi/13.3.1/../../../../arm-none-eabi/lib/thumb/v7e-m+dp/hard/libc_nano.a(libc_a-mprec.o)
                0x08013220                __multadd
 .text.__s2b    0x080132ac       0x94 /opt/st/stm32cubeide_1.19.0/plugins/com.st.stm32cube.ide.mcu.externaltools.gnu-tools-for-stm32.13.3.rel1.linux64_1.0.0.202410170706/tools/bin/../lib/gcc/arm-none-eabi/13.3.1/../../../../arm-none-eabi/lib/thumb/v7e-m+dp/hard/libc_nano.a(libc_a-mprec.o)
                0x080132ac                __s2b
 .text.__hi0bits
                0x08013340       0x3e /opt/st/stm32cubeide_1.19.0/plugins/com.st.stm32cube.ide.mcu.externaltools.gnu-tools-for-stm32.13.3.rel1.linux64_1.0.0.202410170706/tools/bin/../lib/gcc/arm-none-eabi/13.3.1/../../../../arm-none-eabi/lib/thumb/v7e-m+dp/hard/libc_nano.a(libc_a-mprec.o)
                0x08013340                __hi0bits
 .text.__lo0bits
                0x0801337e       0x5a /opt/st/stm32cubeide_1.19.0/plugins/com.st.stm32cube.ide.mcu.externaltools.gnu-tools-for-stm32.13.3.rel1.linux64_1.0.0.202410170706/tools/bin/../lib/gcc/arm-none-eabi/13.3.1/../../../../arm-none-eabi/lib/thumb/v7e-m+dp/hard/libc_nano.a(libc_a-mprec.o)
                0x0801337e                __lo0bits
 .text.__i2b    0x080133d8       0x2c /opt/st/stm32cubeide_1.19.0/plugins/com.st.stm32cube.ide.mcu.externaltools.gnu-tools-for-stm32.13.3.rel1.linux64_1.0.0.202410170706/tools/bin/../lib/gcc/arm-none-eabi/13.3.1/../../../../arm-none-eabi/lib/thumb/v7e-m+dp/hard/libc_nano.a(libc_a-mprec.o)
                0x080133d8                __i2b
 .text.__multiply
                0x08013404      0x144 /opt/st/stm32cubeide_1.19.0/plugins/com.st.stm32cube.ide.mcu.externaltools.gnu-tools-for-stm32.13.3.rel1.linux64_1.0.0.202410170706/tools/bin/../lib/gcc/arm-none-eabi/13.3.1/../../../../arm-none-eabi/lib/thumb/v7e-m+dp/hard/libc_nano.a(libc_a-mprec.o)
                0x08013404                __multiply
 .text.__pow5mult
                0x08013548       0xb4 /opt/st/stm32cubeide_1.19.0/plugins/com.st.stm32cube.ide.mcu.externaltools.gnu-tools-for-stm32.13.3.rel1.linux64_1.0.0.202410170706/tools/bin/../lib/gcc/arm-none-eabi/13.3.1/../../../../arm-none-eabi/lib/thumb/v7e-m+dp/hard/libc_nano.a(libc_a-mprec.o)
                0x08013548                __pow5mult
 .text.__lshift
                0x080135fc       0xd8 /opt/st/stm32cubeide_1.19.0/plugins/com.st.stm32cube.ide.mcu.externaltools.gnu-tools-for-stm32.13.3.rel1.linux64_1.0.0.202410170706/tools/bin/../lib/gcc/arm-none-eabi/13.3.1/../../../../arm-none-eabi/lib/thumb/v7e-m+dp/hard/libc_nano.a(libc_a-mprec.o)
                0x080135fc                __lshift
 .text.__mcmp   0x080136d4       0x36 /opt/st/stm32cubeide_1.19.0/plugins/com.st.stm32cube.ide.mcu.externaltools.gnu-tools-for-stm32.13.3.rel1.linux64_1.0.0.202410170706/tools/bin/../lib/gcc/arm-none-eabi/13.3.1/../../../../arm-none-eabi/lib/thumb/v7e-m+dp/hard/libc_nano.a(libc_a-mprec.o)
                0x080136d4                __mcmp
 *fill*         0x0801370a        0x2 
 .text.__mdiff  0x0801370c      0x128 /opt/st/stm32cubeide_1.19.0/plugins/com.st.stm32cube.ide.mcu.externaltools.gnu-tools-for-stm32.13.3.rel1.linux64_1.0.0.202410170706/tools/bin/../lib/gcc/arm-none-eabi/13.3.1/../../../../arm-none-eabi/lib/thumb/v7e-m+dp/hard/libc_nano.a(libc_a-mprec.o)
                0x0801370c                __mdiff
 .text.__ulp    0x08013834       0x4c /opt/st/stm32cubeide_1.19.0/plugins/com.st.stm32cube.ide.mcu.externaltools.gnu-tools-for-stm32.13.3.rel1.linux64_1.0.0.202410170706/tools/bin/../lib/gcc/arm-none-eabi/13.3.1/../../../../arm-none-eabi/lib/thumb/v7e-m+dp/hard/libc_nano.a(libc_a-mprec.o)
                0x08013834                __ulp
 .text.__b2d    0x08013880       0x94 /opt/st/stm32cubeide_1.19.0/plugins/com.st.stm32cube.ide.mcu.externaltools.gnu-tools-for-stm32.13.3.rel1.linux64_1.0.0.202410170706/tools/bin/../lib/gcc/arm-none-eabi/13.3.1/../../../../arm-none-eabi/lib/thumb/v7e-m+dp/hard/libc_nano.a(libc_a-mprec.o)
                0x08013880                __b2d
 .text.__d2b    0x08013914       0xb0 /opt/st/stm32cubeide_1.19.0/plugins/com.st.stm32cube.ide.mcu.externaltools.gnu-tools-for-stm32.13.3.rel1.linux64_1.0.0.202410170706/tools/bin/../lib/gcc/arm-none-eabi/13.3.1/../../../../arm-none-eabi/lib/thumb/v7e-m+dp/hard/libc_nano.a(libc_a-mprec.o)
                0x08013914                __d2b
 .text.__ratio  0x080139c4       0x5e /opt/st/stm32cubeide_1.19.0/plugins/com.st.stm32cube.ide.mcu.externaltools.gnu-tools-for-stm32.13.3.rel1.linux64_1.0.0.202410170706/tools/bin/../lib/gcc/arm-none-eabi/13.3.1/../../../../arm-none-eabi/lib/thumb/v7e-m+dp/hard/libc_nano.a(libc_a-mprec.o)
                0x080139c4                __ratio
 .text.__copybits
                0x08013a22       0x46 /opt/st/stm32cubeide_1.19.0/plugins/com.st.stm32cube.ide.mcu.externaltools.gnu-tools-for-stm32.13.3.rel1.linux64_1.0.0.202410170706/tools/bin/../lib/gcc/arm-none-eabi/13.3.1/../../../../arm-none-eabi/lib/thumb/v7e-m+dp/hard/libc_nano.a(libc_a-mprec.o)
                0x08013a22                __copybits
 .text.__any_on
                0x08013a68       0x42 /opt/st/stm32cubeide_1.19.0/plugins/com.st.stm32cube.ide.mcu.externaltools.gnu-tools-for-stm32.13.3.rel1.linux64_1.0.0.202410170706/tools/bin/../lib/gcc/arm-none-eabi/13.3.1/../../../../arm-none-eabi/lib/thumb/v7e-m+dp/hard/libc_nano.a(libc_a-mprec.o)
                0x08013a68                __any_on
 .text.sulp     0x08013aaa       0x34 /opt/st/stm32cubeide_1.19.0/plugins/com.st.stm32cube.ide.mcu.externaltools.gnu-tools-for-stm32.13.3.rel1.linux64_1.0.0.202410170706/tools/bin/../lib/gcc/arm-none-eabi/13.3.1/../../../../arm-none-eabi/lib/thumb/v7e-m+dp/hard/libc_nano.a(libc_a-strtod.o)
 *fill*         0x08013ade        0x2 
 .text._strtod_l
                0x08013ae0      0xb34 /opt/st/stm32cubeide_1.19.0/plugins/com.st.stm32cube.ide.mcu.externaltools.gnu-tools-for-stm32.13.3.rel1.linux64_1.0.0.202410170706/tools/bin/../lib/gcc/arm-none-eabi/13.3.1/../../../../arm-none-eabi/lib/thumb/v7e-m+dp/hard/libc_nano.a(libc_a-strtod.o)
                0x08013ae0                _strtod_l
 .text._strtod_r
                0x08014614        0xc /opt/st/stm32cubeide_1.19.0/plugins/com.st.stm32cube.ide.mcu.externaltools.gnu-tools-for-stm32.13.3.rel1.linux64_1.0.0.202410170706/tools/bin/../lib/gcc/arm-none-eabi/13.3.1/../../../../arm-none-eabi/lib/thumb/v7e-m+dp/hard/libc_nano.a(libc_a-strtod.o)
                0x08014614                _strtod_r
 .text._strtol_l.isra.0
                0x08014620       0xf4 /opt/st/stm32cubeide_1.19.0/plugins/com.st.stm32cube.ide.mcu.externaltools.gnu-tools-for-stm32.13.3.rel1.linux64_1.0.0.202410170706/tools/bin/../lib/gcc/arm-none-eabi/13.3.1/../../../../arm-none-eabi/lib/thumb/v7e-m+dp/hard/libc_nano.a(libc_a-strtol.o)
 .text._strtol_r
                0x08014714        0x4 /opt/st/stm32cubeide_1.19.0/plugins/com.st.stm32cube.ide.mcu.externaltools.gnu-tools-for-stm32.13.3.rel1.linux64_1.0.0.202410170706/tools/bin/../lib/gcc/arm-none-eabi/13.3.1/../../../../arm-none-eabi/lib/thumb/v7e-m+dp/hard/libc_nano.a(libc_a-strtol.o)
                0x08014714                _strtol_r
 .text.__ssputs_r
                0x08014718       0xb6 /opt/st/stm32cubeide_1.19.0/plugins/com.st.stm32cube.ide.mcu.externaltools.gnu-tools-for-stm32.13.3.rel1.linux64_1.0.0.202410170706/tools/bin/../lib/gcc/arm-none-eabi/13.3.1/../../../../arm-none-eabi/lib/thumb/v7e-m+dp/hard/libc_nano.a(libc_a-nano-svfprintf.o)
                0x08014718                __ssputs_r
 *fill*         0x080147ce        0x2 
 .text._svfprintf_r