../Drivers/STM32H7xx_HAL_Driver/Inc/stm32h7xx_ll_tim.h:4203:22:LL_TIM_ClearFlag_UPDATE	16	static
../Drivers/STM32H7xx_HAL_Driver/Inc/stm32h7xx_ll_tim.h:4214:26:LL_TIM_IsActiveFlag_UPDATE	16	static
../Drivers/STM32H7xx_HAL_Driver/Inc/stm32h7xx_ll_usart.h:2950:26:LL_USART_IsActiveFlag_FE	16	static
../Drivers/STM32H7xx_HAL_Driver/Inc/stm32h7xx_ll_usart.h:2961:26:LL_USART_IsActiveFlag_NE	16	static
../Drivers/STM32H7xx_HAL_Driver/Inc/stm32h7xx_ll_usart.h:2972:26:LL_USART_IsActiveFlag_ORE	16	static
../Drivers/STM32H7xx_HAL_Driver/Inc/stm32h7xx_ll_usart.h:2998:26:LL_USART_IsActiveFlag_RXNE_RXFNE	16	static
../Drivers/STM32H7xx_HAL_Driver/Inc/stm32h7xx_ll_usart.h:3290:22:LL_USART_ClearFlag_FE	16	static
../Drivers/STM32H7xx_HAL_Driver/Inc/stm32h7xx_ll_usart.h:3301:22:LL_USART_ClearFlag_NE	16	static
../Drivers/STM32H7xx_HAL_Driver/Inc/stm32h7xx_ll_usart.h:3312:22:LL_USART_ClearFlag_ORE	16	static
../Drivers/STM32H7xx_HAL_Driver/Inc/stm32h7xx_ll_usart.h:4252:25:LL_USART_ReceiveData8	16	static
../Core/Src/stm32h7xx_it.c:103:6:NMI_Handler	4	static
../Core/Src/stm32h7xx_it.c:118:6:HardFault_Handler	4	static
../Core/Src/stm32h7xx_it.c:133:6:MemManage_Handler	4	static
../Core/Src/stm32h7xx_it.c:148:6:BusFault_Handler	4	static
../Core/Src/stm32h7xx_it.c:163:6:UsageFault_Handler	4	static
../Core/Src/stm32h7xx_it.c:178:6:SVC_Handler	4	static
../Core/Src/stm32h7xx_it.c:191:6:DebugMon_Handler	4	static
../Core/Src/stm32h7xx_it.c:204:6:PendSV_Handler	4	static
../Core/Src/stm32h7xx_it.c:217:6:SysTick_Handler	8	static
../Core/Src/stm32h7xx_it.c:238:6:DMA1_Stream0_IRQHandler	8	static
../Core/Src/stm32h7xx_it.c:252:6:DMA1_Stream1_IRQHandler	8	static
../Core/Src/stm32h7xx_it.c:266:6:DMA1_Stream2_IRQHandler	8	static
../Core/Src/stm32h7xx_it.c:280:6:DMA1_Stream3_IRQHandler	4	static
../Core/Src/stm32h7xx_it.c:293:6:DMA1_Stream4_IRQHandler	4	static
../Core/Src/stm32h7xx_it.c:306:6:DMA1_Stream5_IRQHandler	4	static
../Core/Src/stm32h7xx_it.c:319:6:DMA1_Stream6_IRQHandler	4	static
../Core/Src/stm32h7xx_it.c:332:6:I2C1_EV_IRQHandler	8	static
../Core/Src/stm32h7xx_it.c:346:6:I2C1_ER_IRQHandler	8	static
../Core/Src/stm32h7xx_it.c:360:6:SPI2_IRQHandler	4	static
../Core/Src/stm32h7xx_it.c:373:6:SPI3_IRQHandler	4	static
../Core/Src/stm32h7xx_it.c:386:6:UART4_IRQHandler	8	static
../Core/Src/stm32h7xx_it.c:462:6:TIM7_IRQHandler	8	static
../Core/Src/stm32h7xx_it.c:522:6:USART6_IRQHandler	16	static
