../Drivers/STM32H7xx_HAL_Driver/Inc/stm32h7xx_ll_spi.h:555:22:LL_SPI_Enable	16	static
../Drivers/STM32H7xx_HAL_Driver/Inc/stm32h7xx_ll_spi.h:567:22:LL_SPI_Disable	16	static
../Drivers/STM32H7xx_HAL_Driver/Inc/stm32h7xx_ll_spi.h:663:22:LL_SPI_SetMode	16	static
../Drivers/STM32H7xx_HAL_Driver/Inc/stm32h7xx_ll_spi.h:997:22:LL_SPI_StartMasterTransfer	16	static
../Drivers/STM32H7xx_HAL_Driver/Inc/stm32h7xx_ll_spi.h:1145:22:LL_SPI_SetClockPhase	16	static
../Drivers/STM32H7xx_HAL_Driver/Inc/stm32h7xx_ll_spi.h:1174:22:LL_SPI_SetClockPolarity	16	static
../Drivers/STM32H7xx_HAL_Driver/Inc/stm32h7xx_ll_spi.h:1238:22:LL_SPI_SetBaudRatePrescaler	16	static
../Drivers/STM32H7xx_HAL_Driver/Inc/stm32h7xx_ll_spi.h:1273:22:LL_SPI_SetTransferBitOrder	16	static
../Drivers/STM32H7xx_HAL_Driver/Inc/stm32h7xx_ll_spi.h:1306:22:LL_SPI_SetTransferDirection	16	static
../Drivers/STM32H7xx_HAL_Driver/Inc/stm32h7xx_ll_spi.h:1397:22:LL_SPI_SetDataWidth	16	static
../Drivers/STM32H7xx_HAL_Driver/Inc/stm32h7xx_ll_spi.h:1466:22:LL_SPI_SetFIFOThreshold	16	static
../Drivers/STM32H7xx_HAL_Driver/Inc/stm32h7xx_ll_spi.h:1627:22:LL_SPI_SetNSSMode	16	static
../Drivers/STM32H7xx_HAL_Driver/Inc/stm32h7xx_ll_spi.h:1698:26:LL_SPI_IsActiveFlag_RXP	16	static
../Drivers/STM32H7xx_HAL_Driver/Inc/stm32h7xx_ll_spi.h:1709:26:LL_SPI_IsActiveFlag_TXP	16	static
../Drivers/STM32H7xx_HAL_Driver/Inc/stm32h7xx_ll_spi.h:2450:25:LL_SPI_ReceiveData8	16	static
../Drivers/STM32H7xx_HAL_Driver/Inc/stm32h7xx_ll_spi.h:2489:22:LL_SPI_TransmitData8	16	static
../Drivers/STM32H7xx_HAL_Driver/Inc/stm32h7xx_ll_bus.h:1384:22:LL_AHB4_GRP1_EnableClock	24	static
../Drivers/STM32H7xx_HAL_Driver/Inc/stm32h7xx_ll_bus.h:1862:22:LL_APB1_GRP1_EnableClock	24	static
../Drivers/STM32H7xx_HAL_Driver/Inc/stm32h7xx_ll_gpio.h:803:26:LL_GPIO_IsInputPinSet	16	static
../Drivers/STM32H7xx_HAL_Driver/Inc/stm32h7xx_ll_gpio.h:884:22:LL_GPIO_SetOutputPin	16	static
../Drivers/STM32H7xx_HAL_Driver/Inc/stm32h7xx_ll_gpio.h:913:22:LL_GPIO_ResetOutputPin	16	static
../Core/IMU/ICM42688P/icm42688p.c:12:6:ICM42688P_GPIO_SPI_Initialization	72	static
../Core/IMU/ICM42688P/icm42688p.c:88:9:SPI3_SendByte	16	static
../Core/IMU/ICM42688P/icm42688p.c:99:6:ICM42688P_SelectBank	16	static
../Core/IMU/ICM42688P/icm42688p.c:106:9:ICM42688P_ReadByte	24	static
../Core/IMU/ICM42688P/icm42688p.c:119:6:ICM42688P_ReadBytes	32	static
../Core/IMU/ICM42688P/icm42688p.c:132:6:ICM42688P_WriteByte	16	static
../Core/IMU/ICM42688P/icm42688p.c:140:6:ICM42688P_WriteBytes	24	static
../Core/IMU/ICM42688P/icm42688p.c:152:5:ICM42688P_Initialization	16	static
../Core/IMU/ICM42688P/icm42688p.c:245:6:ICM42688P_Get6AxisRawData	32	static
../Core/IMU/ICM42688P/icm42688p.c:263:6:ICM42688P_Get3AxisGyroRawData	24	static
../Core/IMU/ICM42688P/icm42688p.c:276:6:ICM42688P_Get3AxisAccRawData	24	static
../Core/IMU/ICM42688P/icm42688p.c:289:5:ICM42688P_DataReady	8	static
../Core/IMU/ICM42688P/icm42688p.c:296:7:ICM42688P_GyroRawToDPS	16	static
../Core/IMU/ICM42688P/icm42688p.c:303:7:ICM42688P_AccelRawToG	16	static
../Core/IMU/ICM42688P/icm42688p.c:310:7:ICM42688P_TempRawToCelsius	16	static
../Core/IMU/ICM42688P/icm42688p.c:317:7:ICM42688P_GyroRawToRadPerSec	16	static
../Core/IMU/ICM42688P/icm42688p.c:325:9:ICM42688P_GetTemperatureRaw	16	static
../Core/IMU/ICM42688P/icm42688p.c:337:6:ICM42688P_UpdateAllData	24	static
../Core/IMU/ICM42688P/icm42688p.c:368:6:ICM42688P_UpdateAllData_Radians	24	static
